fjlg0_si1889 /nfs-share/xinchi/kaldi/egs/timit/s5_la3/data-fmllr-tri3/train/data/feats_fmllr_train.2.ark:1638832
mdma0_si1238 /nfs-share/xinchi/kaldi/egs/timit/s5_la3/data-fmllr-tri3/train/data/feats_fmllr_train.5.ark:5469772
fsjk1_si2285 /nfs-share/xinchi/kaldi/egs/timit/s5_la3/data-fmllr-tri3/train/data/feats_fmllr_train.3.ark:8876014
mkln0_si1598 /nfs-share/xinchi/kaldi/egs/timit/s5_la3/data-fmllr-tri3/train/data/feats_fmllr_train.7.ark:7492614
fgdp0_sx88 /nfs-share/xinchi/kaldi/egs/timit/s5_la3/data-fmllr-tri3/train/data/feats_fmllr_train.1.ark:16985640
mfwk0_sx439 /nfs-share/xinchi/kaldi/egs/timit/s5_la3/data-fmllr-tri3/train/data/feats_fmllr_train.5.ark:15399895
mejs0_si610 /nfs-share/xinchi/kaldi/egs/timit/s5_la3/data-fmllr-tri3/train/data/feats_fmllr_train.5.ark:12703229
mtat1_sx419 /nfs-share/xinchi/kaldi/egs/timit/s5_la3/data-fmllr-tri3/train/data/feats_fmllr_train.10.ark:1970804
fmjb0_sx277 /nfs-share/xinchi/kaldi/egs/timit/s5_la3/data-fmllr-tri3/train/data/feats_fmllr_train.2.ark:15742836
msrr0_sx231 /nfs-share/xinchi/kaldi/egs/timit/s5_la3/data-fmllr-tri3/train/data/feats_fmllr_train.9.ark:17581676
fsjg0_si1570 /nfs-share/xinchi/kaldi/egs/timit/s5_la3/data-fmllr-tri3/train/data/feats_fmllr_train.3.ark:8298329
mrgs0_sx96 /nfs-share/xinchi/kaldi/egs/timit/s5_la3/data-fmllr-tri3/train/data/feats_fmllr_train.9.ark:387400
mdss1_si1327 /nfs-share/xinchi/kaldi/egs/timit/s5_la3/data-fmllr-tri3/train/data/feats_fmllr_train.5.ark:8901966
mpar0_si946 /nfs-share/xinchi/kaldi/egs/timit/s5_la3/data-fmllr-tri3/train/data/feats_fmllr_train.8.ark:5822843
fvkb0_sx79 /nfs-share/xinchi/kaldi/egs/timit/s5_la3/data-fmllr-tri3/train/data/feats_fmllr_train.3.ark:16448939
mhmr0_sx309 /nfs-share/xinchi/kaldi/egs/timit/s5_la3/data-fmllr-tri3/train/data/feats_fmllr_train.6.ark:5229047
faem0_sx42 /nfs-share/xinchi/kaldi/egs/timit/s5_la3/data-fmllr-tri3/train/data/feats_fmllr_train.1.ark:354602
fcmm0_sx183 /nfs-share/xinchi/kaldi/egs/timit/s5_la3/data-fmllr-tri3/train/data/feats_fmllr_train.1.ark:8344010
mtkd0_sx17 /nfs-share/xinchi/kaldi/egs/timit/s5_la3/data-fmllr-tri3/train/data/feats_fmllr_train.10.ark:5902039
mdac0_sx271 /nfs-share/xinchi/kaldi/egs/timit/s5_la3/data-fmllr-tri3/train/data/feats_fmllr_train.4.ark:14589328
mjfr0_sx75 /nfs-share/xinchi/kaldi/egs/timit/s5_la3/data-fmllr-tri3/train/data/feats_fmllr_train.6.ark:11902867
msfv0_sx362 /nfs-share/xinchi/kaldi/egs/timit/s5_la3/data-fmllr-tri3/train/data/feats_fmllr_train.9.ark:15240242
mrew1_sx60 /nfs-share/xinchi/kaldi/egs/timit/s5_la3/data-fmllr-tri3/train/data/feats_fmllr_train.8.ark:16658758
fsrh0_sx131 /nfs-share/xinchi/kaldi/egs/timit/s5_la3/data-fmllr-tri3/train/data/feats_fmllr_train.3.ark:13225016
mtat0_si1110 /nfs-share/xinchi/kaldi/egs/timit/s5_la3/data-fmllr-tri3/train/data/feats_fmllr_train.10.ark:1241304
mmxs0_sx156 /nfs-share/xinchi/kaldi/egs/timit/s5_la3/data-fmllr-tri3/train/data/feats_fmllr_train.8.ark:4748940
mtml0_si2325 /nfs-share/xinchi/kaldi/egs/timit/s5_la3/data-fmllr-tri3/train/data/feats_fmllr_train.10.ark:7343815
mhjb0_si1017 /nfs-share/xinchi/kaldi/egs/timit/s5_la3/data-fmllr-tri3/train/data/feats_fmllr_train.6.ark:4299836
fvfb0_si1032 /nfs-share/xinchi/kaldi/egs/timit/s5_la3/data-fmllr-tri3/train/data/feats_fmllr_train.3.ark:15754452
ftaj0_sx429 /nfs-share/xinchi/kaldi/egs/timit/s5_la3/data-fmllr-tri3/train/data/feats_fmllr_train.3.ark:14137851
fsgf0_sx207 /nfs-share/xinchi/kaldi/egs/timit/s5_la3/data-fmllr-tri3/train/data/feats_fmllr_train.3.ark:8150061
mjjm0_si827 /nfs-share/xinchi/kaldi/egs/timit/s5_la3/data-fmllr-tri3/train/data/feats_fmllr_train.6.ark:13298001
mprt0_sx400 /nfs-share/xinchi/kaldi/egs/timit/s5_la3/data-fmllr-tri3/train/data/feats_fmllr_train.8.ark:10590963
msjk0_sx156 /nfs-share/xinchi/kaldi/egs/timit/s5_la3/data-fmllr-tri3/train/data/feats_fmllr_train.9.ark:15569685
mkdd0_sx217 /nfs-share/xinchi/kaldi/egs/timit/s5_la3/data-fmllr-tri3/train/data/feats_fmllr_train.7.ark:6173456
mkjo0_sx77 /nfs-share/xinchi/kaldi/egs/timit/s5_la3/data-fmllr-tri3/train/data/feats_fmllr_train.7.ark:7455146
mdbp0_si1158 /nfs-share/xinchi/kaldi/egs/timit/s5_la3/data-fmllr-tri3/train/data/feats_fmllr_train.4.ark:15474348
mmvp0_sx347 /nfs-share/xinchi/kaldi/egs/timit/s5_la3/data-fmllr-tri3/train/data/feats_fmllr_train.8.ark:3309594
fbjl0_si2182 /nfs-share/xinchi/kaldi/egs/timit/s5_la3/data-fmllr-tri3/train/data/feats_fmllr_train.1.ark:3325293
mtab0_sx42 /nfs-share/xinchi/kaldi/egs/timit/s5_la3/data-fmllr-tri3/train/data/feats_fmllr_train.10.ark:901379
fsah0_sx344 /nfs-share/xinchi/kaldi/egs/timit/s5_la3/data-fmllr-tri3/train/data/feats_fmllr_train.3.ark:5840465
mmag0_sx406 /nfs-share/xinchi/kaldi/egs/timit/s5_la3/data-fmllr-tri3/train/data/feats_fmllr_train.7.ark:13748035
meal0_sx377 /nfs-share/xinchi/kaldi/egs/timit/s5_la3/data-fmllr-tri3/train/data/feats_fmllr_train.5.ark:11042922
mmjb1_sx418 /nfs-share/xinchi/kaldi/egs/timit/s5_la3/data-fmllr-tri3/train/data/feats_fmllr_train.8.ark:1327229
msat0_si896 /nfs-share/xinchi/kaldi/egs/timit/s5_la3/data-fmllr-tri3/train/data/feats_fmllr_train.9.ark:11931221
mdpk0_sx423 /nfs-share/xinchi/kaldi/egs/timit/s5_la3/data-fmllr-tri3/train/data/feats_fmllr_train.5.ark:7327764
mdma0_sx350 /nfs-share/xinchi/kaldi/egs/timit/s5_la3/data-fmllr-tri3/train/data/feats_fmllr_train.5.ark:5742709
mzmb0_sx86 /nfs-share/xinchi/kaldi/egs/timit/s5_la3/data-fmllr-tri3/train/data/feats_fmllr_train.10.ark:17940210
flkm0_si686 /nfs-share/xinchi/kaldi/egs/timit/s5_la3/data-fmllr-tri3/train/data/feats_fmllr_train.2.ark:12179546
mdwd0_sx450 /nfs-share/xinchi/kaldi/egs/timit/s5_la3/data-fmllr-tri3/train/data/feats_fmllr_train.5.ark:9848324
mrld0_si1594 /nfs-share/xinchi/kaldi/egs/timit/s5_la3/data-fmllr-tri3/train/data/feats_fmllr_train.9.ark:3385266
fhlm0_si2190 /nfs-share/xinchi/kaldi/egs/timit/s5_la3/data-fmllr-tri3/train/data/feats_fmllr_train.1.ark:17983571
fjrp1_sx262 /nfs-share/xinchi/kaldi/egs/timit/s5_la3/data-fmllr-tri3/train/data/feats_fmllr_train.2.ark:3000685
mzmb0_sx356 /nfs-share/xinchi/kaldi/egs/timit/s5_la3/data-fmllr-tri3/train/data/feats_fmllr_train.10.ark:17845437
mdks0_si2326 /nfs-share/xinchi/kaldi/egs/timit/s5_la3/data-fmllr-tri3/train/data/feats_fmllr_train.5.ark:1990114
fdaw0_sx146 /nfs-share/xinchi/kaldi/egs/timit/s5_la3/data-fmllr-tri3/train/data/feats_fmllr_train.1.ark:9925199
mtdp0_si1521 /nfs-share/xinchi/kaldi/egs/timit/s5_la3/data-fmllr-tri3/train/data/feats_fmllr_train.10.ark:3246577
fsjw0_sx253 /nfs-share/xinchi/kaldi/egs/timit/s5_la3/data-fmllr-tri3/train/data/feats_fmllr_train.3.ark:9799569
mcdd0_sx163 /nfs-share/xinchi/kaldi/egs/timit/s5_la3/data-fmllr-tri3/train/data/feats_fmllr_train.4.ark:9474800
mrml0_si1421 /nfs-share/xinchi/kaldi/egs/timit/s5_la3/data-fmllr-tri3/train/data/feats_fmllr_train.9.ark:6248925
fkfb0_sx258 /nfs-share/xinchi/kaldi/egs/timit/s5_la3/data-fmllr-tri3/train/data/feats_fmllr_train.2.ark:6635439
mrms0_si2100 /nfs-share/xinchi/kaldi/egs/timit/s5_la3/data-fmllr-tri3/train/data/feats_fmllr_train.9.ark:6872078
mwdk0_sx266 /nfs-share/xinchi/kaldi/egs/timit/s5_la3/data-fmllr-tri3/train/data/feats_fmllr_train.10.ark:15078132
mdlr0_si1233 /nfs-share/xinchi/kaldi/egs/timit/s5_la3/data-fmllr-tri3/train/data/feats_fmllr_train.5.ark:4649978
madd0_si1798 /nfs-share/xinchi/kaldi/egs/timit/s5_la3/data-fmllr-tri3/train/data/feats_fmllr_train.3.ark:17620686
mmab1_sx414 /nfs-share/xinchi/kaldi/egs/timit/s5_la3/data-fmllr-tri3/train/data/feats_fmllr_train.7.ark:13306058
mhjb0_sx297 /nfs-share/xinchi/kaldi/egs/timit/s5_la3/data-fmllr-tri3/train/data/feats_fmllr_train.6.ark:4537759
mdcm0_si1480 /nfs-share/xinchi/kaldi/egs/timit/s5_la3/data-fmllr-tri3/train/data/feats_fmllr_train.4.ark:16264542
mdrd0_sx392 /nfs-share/xinchi/kaldi/egs/timit/s5_la3/data-fmllr-tri3/train/data/feats_fmllr_train.5.ark:8150784
mdef0_sx303 /nfs-share/xinchi/kaldi/egs/timit/s5_la3/data-fmllr-tri3/train/data/feats_fmllr_train.5.ark:244310
mrwa0_sx343 /nfs-share/xinchi/kaldi/egs/timit/s5_la3/data-fmllr-tri3/train/data/feats_fmllr_train.9.ark:10219656
mgxp0_sx367 /nfs-share/xinchi/kaldi/egs/timit/s5_la3/data-fmllr-tri3/train/data/feats_fmllr_train.6.ark:3421083
mpar0_sx316 /nfs-share/xinchi/kaldi/egs/timit/s5_la3/data-fmllr-tri3/train/data/feats_fmllr_train.8.ark:5954764
mtat1_si1627 /nfs-share/xinchi/kaldi/egs/timit/s5_la3/data-fmllr-tri3/train/data/feats_fmllr_train.10.ark:1668749
mtmt0_si1748 /nfs-share/xinchi/kaldi/egs/timit/s5_la3/data-fmllr-tri3/train/data/feats_fmllr_train.10.ark:8114302
fdnc0_sx18 /nfs-share/xinchi/kaldi/egs/timit/s5_la3/data-fmllr-tri3/train/data/feats_fmllr_train.1.ark:12379810
mtjm0_si1226 /nfs-share/xinchi/kaldi/egs/timit/s5_la3/data-fmllr-tri3/train/data/feats_fmllr_train.10.ark:4469440
fmju0_si1389 /nfs-share/xinchi/kaldi/egs/timit/s5_la3/data-fmllr-tri3/train/data/feats_fmllr_train.2.ark:16331479
mjpm0_sx288 /nfs-share/xinchi/kaldi/egs/timit/s5_la3/data-fmllr-tri3/train/data/feats_fmllr_train.6.ark:16743423
mdrd0_sx122 /nfs-share/xinchi/kaldi/egs/timit/s5_la3/data-fmllr-tri3/train/data/feats_fmllr_train.5.ark:7938197
mdps0_si1651 /nfs-share/xinchi/kaldi/egs/timit/s5_la3/data-fmllr-tri3/train/data/feats_fmllr_train.5.ark:7415338
mstf0_sx406 /nfs-share/xinchi/kaldi/egs/timit/s5_la3/data-fmllr-tri3/train/data/feats_fmllr_train.9.ark:18040985
fdnc0_sx198 /nfs-share/xinchi/kaldi/egs/timit/s5_la3/data-fmllr-tri3/train/data/feats_fmllr_train.1.ark:12430877
msds0_sx87 /nfs-share/xinchi/kaldi/egs/timit/s5_la3/data-fmllr-tri3/train/data/feats_fmllr_train.9.ark:13612226
mprt0_si580 /nfs-share/xinchi/kaldi/egs/timit/s5_la3/data-fmllr-tri3/train/data/feats_fmllr_train.8.ark:10375149
freh0_si685 /nfs-share/xinchi/kaldi/egs/timit/s5_la3/data-fmllr-tri3/train/data/feats_fmllr_train.3.ark:4130236
frjb0_sx77 /nfs-share/xinchi/kaldi/egs/timit/s5_la3/data-fmllr-tri3/train/data/feats_fmllr_train.3.ark:4658108
fgdp0_sx268 /nfs-share/xinchi/kaldi/egs/timit/s5_la3/data-fmllr-tri3/train/data/feats_fmllr_train.1.ark:16821240
mmds0_si1343 /nfs-share/xinchi/kaldi/egs/timit/s5_la3/data-fmllr-tri3/train/data/feats_fmllr_train.7.ark:17017026
mpmb0_si2131 /nfs-share/xinchi/kaldi/egs/timit/s5_la3/data-fmllr-tri3/train/data/feats_fmllr_train.8.ark:7992278
mbgt0_sx441 /nfs-share/xinchi/kaldi/egs/timit/s5_la3/data-fmllr-tri3/train/data/feats_fmllr_train.4.ark:5111160
mrmg0_sx90 /nfs-share/xinchi/kaldi/egs/timit/s5_la3/data-fmllr-tri3/train/data/feats_fmllr_train.9.ark:5856839
fgcs0_sx136 /nfs-share/xinchi/kaldi/egs/timit/s5_la3/data-fmllr-tri3/train/data/feats_fmllr_train.1.ark:16375236
mcdc0_sx212 /nfs-share/xinchi/kaldi/egs/timit/s5_la3/data-fmllr-tri3/train/data/feats_fmllr_train.4.ark:9161010
mkjo0_si2147 /nfs-share/xinchi/kaldi/egs/timit/s5_la3/data-fmllr-tri3/train/data/feats_fmllr_train.7.ark:7196425
mprt0_sx130 /nfs-share/xinchi/kaldi/egs/timit/s5_la3/data-fmllr-tri3/train/data/feats_fmllr_train.8.ark:10419656
fhlm0_si1560 /nfs-share/xinchi/kaldi/egs/timit/s5_la3/data-fmllr-tri3/train/data/feats_fmllr_train.1.ark:17959863
mjfh0_sx297 /nfs-share/xinchi/kaldi/egs/timit/s5_la3/data-fmllr-tri3/train/data/feats_fmllr_train.6.ark:11449823
fpaz0_sx243 /nfs-share/xinchi/kaldi/egs/timit/s5_la3/data-fmllr-tri3/train/data/feats_fmllr_train.3.ark:2652784
mgrl0_sx147 /nfs-share/xinchi/kaldi/egs/timit/s5_la3/data-fmllr-tri3/train/data/feats_fmllr_train.6.ark:1649925
mtml0_si1695 /nfs-share/xinchi/kaldi/egs/timit/s5_la3/data-fmllr-tri3/train/data/feats_fmllr_train.10.ark:7285067
mjmd0_sx398 /nfs-share/xinchi/kaldi/egs/timit/s5_la3/data-fmllr-tri3/train/data/feats_fmllr_train.6.ark:15705839
msfv0_si1262 /nfs-share/xinchi/kaldi/egs/timit/s5_la3/data-fmllr-tri3/train/data/feats_fmllr_train.9.ark:14979466
fjhk0_sx212 /nfs-share/xinchi/kaldi/egs/timit/s5_la3/data-fmllr-tri3/train/data/feats_fmllr_train.2.ark:1064559
mvjh0_si2186 /nfs-share/xinchi/kaldi/egs/timit/s5_la3/data-fmllr-tri3/train/data/feats_fmllr_train.10.ark:12409649
mrws0_si1102 /nfs-share/xinchi/kaldi/egs/timit/s5_la3/data-fmllr-tri3/train/data/feats_fmllr_train.9.ark:10372857
fbcg1_sx352 /nfs-share/xinchi/kaldi/egs/timit/s5_la3/data-fmllr-tri3/train/data/feats_fmllr_train.1.ark:2681928
mjrk0_si880 /nfs-share/xinchi/kaldi/egs/timit/s5_la3/data-fmllr-tri3/train/data/feats_fmllr_train.7.ark:818903
fbmj0_sx336 /nfs-share/xinchi/kaldi/egs/timit/s5_la3/data-fmllr-tri3/train/data/feats_fmllr_train.1.ark:4723812
mtkd0_sx377 /nfs-share/xinchi/kaldi/egs/timit/s5_la3/data-fmllr-tri3/train/data/feats_fmllr_train.10.ark:6043240
mpgr0_sx150 /nfs-share/xinchi/kaldi/egs/timit/s5_la3/data-fmllr-tri3/train/data/feats_fmllr_train.8.ark:7280697
falk0_sx186 /nfs-share/xinchi/kaldi/egs/timit/s5_la3/data-fmllr-tri3/train/data/feats_fmllr_train.1.ark:984206
mdhs0_sx180 /nfs-share/xinchi/kaldi/egs/timit/s5_la3/data-fmllr-tri3/train/data/feats_fmllr_train.5.ark:1355786
mmaa0_sx215 /nfs-share/xinchi/kaldi/egs/timit/s5_la3/data-fmllr-tri3/train/data/feats_fmllr_train.7.ark:12818907
mrpc1_si1482 /nfs-share/xinchi/kaldi/egs/timit/s5_la3/data-fmllr-tri3/train/data/feats_fmllr_train.9.ark:7091440
feme0_sx65 /nfs-share/xinchi/kaldi/egs/timit/s5_la3/data-fmllr-tri3/train/data/feats_fmllr_train.1.ark:15377251
msmc0_sx17 /nfs-share/xinchi/kaldi/egs/timit/s5_la3/data-fmllr-tri3/train/data/feats_fmllr_train.9.ark:16045127
marw0_sx106 /nfs-share/xinchi/kaldi/egs/timit/s5_la3/data-fmllr-tri3/train/data/feats_fmllr_train.4.ark:3088554
mrjh0_sx79 /nfs-share/xinchi/kaldi/egs/timit/s5_la3/data-fmllr-tri3/train/data/feats_fmllr_train.9.ark:1642131
mlbc0_sx429 /nfs-share/xinchi/kaldi/egs/timit/s5_la3/data-fmllr-tri3/train/data/feats_fmllr_train.7.ark:10408219
fcaj0_si1804 /nfs-share/xinchi/kaldi/egs/timit/s5_la3/data-fmllr-tri3/train/data/feats_fmllr_train.1.ark:5264459
ftlg0_sx303 /nfs-share/xinchi/kaldi/egs/timit/s5_la3/data-fmllr-tri3/train/data/feats_fmllr_train.3.ark:15263434
mmcc0_si708 /nfs-share/xinchi/kaldi/egs/timit/s5_la3/data-fmllr-tri3/train/data/feats_fmllr_train.7.ark:15207196
mesg0_sx162 /nfs-share/xinchi/kaldi/egs/timit/s5_la3/data-fmllr-tri3/train/data/feats_fmllr_train.5.ark:13121073
feeh0_si1112 /nfs-share/xinchi/kaldi/egs/timit/s5_la3/data-fmllr-tri3/train/data/feats_fmllr_train.1.ark:14596205
mmdm1_si1650 /nfs-share/xinchi/kaldi/egs/timit/s5_la3/data-fmllr-tri3/train/data/feats_fmllr_train.7.ark:16622089
mfxs0_sx414 /nfs-share/xinchi/kaldi/egs/timit/s5_la3/data-fmllr-tri3/train/data/feats_fmllr_train.5.ark:15763633
fscn0_si705 /nfs-share/xinchi/kaldi/egs/timit/s5_la3/data-fmllr-tri3/train/data/feats_fmllr_train.3.ark:6854475
mbsb0_si723 /nfs-share/xinchi/kaldi/egs/timit/s5_la3/data-fmllr-tri3/train/data/feats_fmllr_train.4.ark:7093636
mbef0_sx21 /nfs-share/xinchi/kaldi/egs/timit/s5_la3/data-fmllr-tri3/train/data/feats_fmllr_train.4.ark:4694275
fkdw0_si1207 /nfs-share/xinchi/kaldi/egs/timit/s5_la3/data-fmllr-tri3/train/data/feats_fmllr_train.2.ark:6053993
mdlc1_sx265 /nfs-share/xinchi/kaldi/egs/timit/s5_la3/data-fmllr-tri3/train/data/feats_fmllr_train.5.ark:3421060
feeh0_si471 /nfs-share/xinchi/kaldi/egs/timit/s5_la3/data-fmllr-tri3/train/data/feats_fmllr_train.1.ark:14706020
mdks0_sx76 /nfs-share/xinchi/kaldi/egs/timit/s5_la3/data-fmllr-tri3/train/data/feats_fmllr_train.5.ark:2257768
mpmb0_sx421 /nfs-share/xinchi/kaldi/egs/timit/s5_la3/data-fmllr-tri3/train/data/feats_fmllr_train.8.ark:8371133
mjjm0_sx17 /nfs-share/xinchi/kaldi/egs/timit/s5_la3/data-fmllr-tri3/train/data/feats_fmllr_train.6.ark:13383014
fcmm0_sx363 /nfs-share/xinchi/kaldi/egs/timit/s5_la3/data-fmllr-tri3/train/data/feats_fmllr_train.1.ark:8416384
fdxw0_sx251 /nfs-share/xinchi/kaldi/egs/timit/s5_la3/data-fmllr-tri3/train/data/feats_fmllr_train.1.ark:13175766
mkes0_sx263 /nfs-share/xinchi/kaldi/egs/timit/s5_la3/data-fmllr-tri3/train/data/feats_fmllr_train.7.ark:6963649
mdrd0_si1382 /nfs-share/xinchi/kaldi/egs/timit/s5_la3/data-fmllr-tri3/train/data/feats_fmllr_train.5.ark:7766115
mlns0_sx57 /nfs-share/xinchi/kaldi/egs/timit/s5_la3/data-fmllr-tri3/train/data/feats_fmllr_train.7.ark:12143833
fdml0_sx429 /nfs-share/xinchi/kaldi/egs/timit/s5_la3/data-fmllr-tri3/train/data/feats_fmllr_train.1.ark:11522791
makb0_si1016 /nfs-share/xinchi/kaldi/egs/timit/s5_la3/data-fmllr-tri3/train/data/feats_fmllr_train.4.ark:1498323
msds0_sx357 /nfs-share/xinchi/kaldi/egs/timit/s5_la3/data-fmllr-tri3/train/data/feats_fmllr_train.9.ark:13497133
mdpk0_si1683 /nfs-share/xinchi/kaldi/egs/timit/s5_la3/data-fmllr-tri3/train/data/feats_fmllr_train.5.ark:7125709
mdlc0_sx405 /nfs-share/xinchi/kaldi/egs/timit/s5_la3/data-fmllr-tri3/train/data/feats_fmllr_train.5.ark:3103456
flma0_sx253 /nfs-share/xinchi/kaldi/egs/timit/s5_la3/data-fmllr-tri3/train/data/feats_fmllr_train.2.ark:12657257
mwad0_sx72 /nfs-share/xinchi/kaldi/egs/timit/s5_la3/data-fmllr-tri3/train/data/feats_fmllr_train.10.ark:14148119
marc0_si1818 /nfs-share/xinchi/kaldi/egs/timit/s5_la3/data-fmllr-tri3/train/data/feats_fmllr_train.4.ark:2685883
mjwt0_si1381 /nfs-share/xinchi/kaldi/egs/timit/s5_la3/data-fmllr-tri3/train/data/feats_fmllr_train.7.ark:2892920
mesj0_sx367 /nfs-share/xinchi/kaldi/egs/timit/s5_la3/data-fmllr-tri3/train/data/feats_fmllr_train.5.ark:13586624
mjsr0_sx74 /nfs-share/xinchi/kaldi/egs/timit/s5_la3/data-fmllr-tri3/train/data/feats_fmllr_train.7.ark:1893391
mjra0_si1866 /nfs-share/xinchi/kaldi/egs/timit/s5_la3/data-fmllr-tri3/train/data/feats_fmllr_train.6.ark:17268363
mdks0_sx436 /nfs-share/xinchi/kaldi/egs/timit/s5_la3/data-fmllr-tri3/train/data/feats_fmllr_train.5.ark:2222542
msem1_sx90 /nfs-share/xinchi/kaldi/egs/timit/s5_la3/data-fmllr-tri3/train/data/feats_fmllr_train.9.ark:14118523
mmxs0_sx426 /nfs-share/xinchi/kaldi/egs/timit/s5_la3/data-fmllr-tri3/train/data/feats_fmllr_train.8.ark:4894781
mbar0_si1319 /nfs-share/xinchi/kaldi/egs/timit/s5_la3/data-fmllr-tri3/train/data/feats_fmllr_train.4.ark:3375569
msat0_si1526 /nfs-share/xinchi/kaldi/egs/timit/s5_la3/data-fmllr-tri3/train/data/feats_fmllr_train.9.ark:11859166
fljd0_sx256 /nfs-share/xinchi/kaldi/egs/timit/s5_la3/data-fmllr-tri3/train/data/feats_fmllr_train.2.ark:11412287
mcdc0_sx302 /nfs-share/xinchi/kaldi/egs/timit/s5_la3/data-fmllr-tri3/train/data/feats_fmllr_train.4.ark:9213517
mtrt0_sx237 /nfs-share/xinchi/kaldi/egs/timit/s5_la3/data-fmllr-tri3/train/data/feats_fmllr_train.10.ark:11405558
mdlh0_si574 /nfs-share/xinchi/kaldi/egs/timit/s5_la3/data-fmllr-tri3/train/data/feats_fmllr_train.5.ark:3964132
mtmn0_sx74 /nfs-share/xinchi/kaldi/egs/timit/s5_la3/data-fmllr-tri3/train/data/feats_fmllr_train.10.ark:8024646
msvs0_sx308 /nfs-share/xinchi/kaldi/egs/timit/s5_la3/data-fmllr-tri3/train/data/feats_fmllr_train.10.ark:305269
fsls0_sx66 /nfs-share/xinchi/kaldi/egs/timit/s5_la3/data-fmllr-tri3/train/data/feats_fmllr_train.3.ark:11441638
fklc1_sx238 /nfs-share/xinchi/kaldi/egs/timit/s5_la3/data-fmllr-tri3/train/data/feats_fmllr_train.2.ark:7885371
fsdc0_si1942 /nfs-share/xinchi/kaldi/egs/timit/s5_la3/data-fmllr-tri3/train/data/feats_fmllr_train.3.ark:7291145
msvs0_sx218 /nfs-share/xinchi/kaldi/egs/timit/s5_la3/data-fmllr-tri3/train/data/feats_fmllr_train.10.ark:249402
mkaj0_sx64 /nfs-share/xinchi/kaldi/egs/timit/s5_la3/data-fmllr-tri3/train/data/feats_fmllr_train.7.ark:5106485
fkkh0_si660 /nfs-share/xinchi/kaldi/egs/timit/s5_la3/data-fmllr-tri3/train/data/feats_fmllr_train.2.ark:7043602
mlns0_sx417 /nfs-share/xinchi/kaldi/egs/timit/s5_la3/data-fmllr-tri3/train/data/feats_fmllr_train.7.ark:12090207
mtjs0_sx382 /nfs-share/xinchi/kaldi/egs/timit/s5_la3/data-fmllr-tri3/train/data/feats_fmllr_train.10.ark:5239766
mjwt0_sx211 /nfs-share/xinchi/kaldi/egs/timit/s5_la3/data-fmllr-tri3/train/data/feats_fmllr_train.7.ark:3065641
mcpm0_si1194 /nfs-share/xinchi/kaldi/egs/timit/s5_la3/data-fmllr-tri3/train/data/feats_fmllr_train.4.ark:12101838
mrab0_sx234 /nfs-share/xinchi/kaldi/egs/timit/s5_la3/data-fmllr-tri3/train/data/feats_fmllr_train.8.ark:11114837
fgdp0_sx178 /nfs-share/xinchi/kaldi/egs/timit/s5_la3/data-fmllr-tri3/train/data/feats_fmllr_train.1.ark:16759613
mjws0_sx243 /nfs-share/xinchi/kaldi/egs/timit/s5_la3/data-fmllr-tri3/train/data/feats_fmllr_train.7.ark:2592944
mwre0_sx337 /nfs-share/xinchi/kaldi/egs/timit/s5_la3/data-fmllr-tri3/train/data/feats_fmllr_train.10.ark:16264092
mdlc1_sx85 /nfs-share/xinchi/kaldi/egs/timit/s5_la3/data-fmllr-tri3/train/data/feats_fmllr_train.5.ark:3537940
fgmb0_si1145 /nfs-share/xinchi/kaldi/egs/timit/s5_la3/data-fmllr-tri3/train/data/feats_fmllr_train.1.ark:17059428
mstf0_sx46 /nfs-share/xinchi/kaldi/egs/timit/s5_la3/data-fmllr-tri3/train/data/feats_fmllr_train.9.ark:18104851
mtrc0_sx170 /nfs-share/xinchi/kaldi/egs/timit/s5_la3/data-fmllr-tri3/train/data/feats_fmllr_train.10.ark:10604777
mdlc1_si2065 /nfs-share/xinchi/kaldi/egs/timit/s5_la3/data-fmllr-tri3/train/data/feats_fmllr_train.5.ark:3270578
mtwh1_sx252 /nfs-share/xinchi/kaldi/egs/timit/s5_la3/data-fmllr-tri3/train/data/feats_fmllr_train.10.ark:11715215
msfh0_sx46 /nfs-share/xinchi/kaldi/egs/timit/s5_la3/data-fmllr-tri3/train/data/feats_fmllr_train.9.ark:14934158
mdss1_sx247 /nfs-share/xinchi/kaldi/egs/timit/s5_la3/data-fmllr-tri3/train/data/feats_fmllr_train.5.ark:9074235
mkdb0_si588 /nfs-share/xinchi/kaldi/egs/timit/s5_la3/data-fmllr-tri3/train/data/feats_fmllr_train.7.ark:5604358
mklr0_sx429 /nfs-share/xinchi/kaldi/egs/timit/s5_la3/data-fmllr-tri3/train/data/feats_fmllr_train.7.ark:8115875
mrlr0_sx296 /nfs-share/xinchi/kaldi/egs/timit/s5_la3/data-fmllr-tri3/train/data/feats_fmllr_train.9.ark:5072857
mntw0_sx348 /nfs-share/xinchi/kaldi/egs/timit/s5_la3/data-fmllr-tri3/train/data/feats_fmllr_train.8.ark:5640334
ftmg0_sx362 /nfs-share/xinchi/kaldi/egs/timit/s5_la3/data-fmllr-tri3/train/data/feats_fmllr_train.3.ark:15607171
fsjk1_sx305 /nfs-share/xinchi/kaldi/egs/timit/s5_la3/data-fmllr-tri3/train/data/feats_fmllr_train.3.ark:9047482
mtjs0_si1192 /nfs-share/xinchi/kaldi/egs/timit/s5_la3/data-fmllr-tri3/train/data/feats_fmllr_train.10.ark:4850137
mjws0_si1773 /nfs-share/xinchi/kaldi/egs/timit/s5_la3/data-fmllr-tri3/train/data/feats_fmllr_train.7.ark:2444063
mrbc0_si1859 /nfs-share/xinchi/kaldi/egs/timit/s5_la3/data-fmllr-tri3/train/data/feats_fmllr_train.8.ark:12894563
fdjh0_si2195 /nfs-share/xinchi/kaldi/egs/timit/s5_la3/data-fmllr-tri3/train/data/feats_fmllr_train.1.ark:10510860
mdhs0_sx90 /nfs-share/xinchi/kaldi/egs/timit/s5_la3/data-fmllr-tri3/train/data/feats_fmllr_train.5.ark:1524053
mmam0_sx337 /nfs-share/xinchi/kaldi/egs/timit/s5_la3/data-fmllr-tri3/train/data/feats_fmllr_train.7.ark:14060866
mrds0_si537 /nfs-share/xinchi/kaldi/egs/timit/s5_la3/data-fmllr-tri3/train/data/feats_fmllr_train.8.ark:14869436
fcmg0_sx342 /nfs-share/xinchi/kaldi/egs/timit/s5_la3/data-fmllr-tri3/train/data/feats_fmllr_train.1.ark:8036967
mrsp0_sx79 /nfs-share/xinchi/kaldi/egs/timit/s5_la3/data-fmllr-tri3/train/data/feats_fmllr_train.9.ark:8711321
mbjv0_sx437 /nfs-share/xinchi/kaldi/egs/timit/s5_la3/data-fmllr-tri3/train/data/feats_fmllr_train.4.ark:5466257
fmjb0_sx7 /nfs-share/xinchi/kaldi/egs/timit/s5_la3/data-fmllr-tri3/train/data/feats_fmllr_train.2.ark:15833448
mkah0_si898 /nfs-share/xinchi/kaldi/egs/timit/s5_la3/data-fmllr-tri3/train/data/feats_fmllr_train.7.ark:4511094
mjkr0_sx391 /nfs-share/xinchi/kaldi/egs/timit/s5_la3/data-fmllr-tri3/train/data/feats_fmllr_train.6.ark:13911472
mprd0_sx261 /nfs-share/xinchi/kaldi/egs/timit/s5_la3/data-fmllr-tri3/train/data/feats_fmllr_train.8.ark:9632050
mbml0_si1799 /nfs-share/xinchi/kaldi/egs/timit/s5_la3/data-fmllr-tri3/train/data/feats_fmllr_train.4.ark:6365493
mrkm0_si1267 /nfs-share/xinchi/kaldi/egs/timit/s5_la3/data-fmllr-tri3/train/data/feats_fmllr_train.9.ark:2892731
mrab1_sx308 /nfs-share/xinchi/kaldi/egs/timit/s5_la3/data-fmllr-tri3/train/data/feats_fmllr_train.8.ark:11565801
mtxs0_sx160 /nfs-share/xinchi/kaldi/egs/timit/s5_la3/data-fmllr-tri3/train/data/feats_fmllr_train.10.ark:12058606
mree0_sx114 /nfs-share/xinchi/kaldi/egs/timit/s5_la3/data-fmllr-tri3/train/data/feats_fmllr_train.8.ark:15321681
mmrp0_sx414 /nfs-share/xinchi/kaldi/egs/timit/s5_la3/data-fmllr-tri3/train/data/feats_fmllr_train.8.ark:2452040
mrfk0_sx86 /nfs-share/xinchi/kaldi/egs/timit/s5_la3/data-fmllr-tri3/train/data/feats_fmllr_train.8.ark:17016736
mmeb0_sx97 /nfs-share/xinchi/kaldi/egs/timit/s5_la3/data-fmllr-tri3/train/data/feats_fmllr_train.7.ark:17961967
mjfh0_sx207 /nfs-share/xinchi/kaldi/egs/timit/s5_la3/data-fmllr-tri3/train/data/feats_fmllr_train.6.ark:11393930
fjdm2_sx142 /nfs-share/xinchi/kaldi/egs/timit/s5_la3/data-fmllr-tri3/train/data/feats_fmllr_train.2.ark:143456
mjjm0_sx287 /nfs-share/xinchi/kaldi/egs/timit/s5_la3/data-fmllr-tri3/train/data/feats_fmllr_train.6.ark:13457468
mdem0_sx68 /nfs-share/xinchi/kaldi/egs/timit/s5_la3/data-fmllr-tri3/train/data/feats_fmllr_train.5.ark:774819
mefg0_si491 /nfs-share/xinchi/kaldi/egs/timit/s5_la3/data-fmllr-tri3/train/data/feats_fmllr_train.5.ark:11461913
fcdr1_sx106 /nfs-share/xinchi/kaldi/egs/timit/s5_la3/data-fmllr-tri3/train/data/feats_fmllr_train.1.ark:5825530
fksr0_sx397 /nfs-share/xinchi/kaldi/egs/timit/s5_la3/data-fmllr-tri3/train/data/feats_fmllr_train.2.ark:8818525
mtpf0_sx155 /nfs-share/xinchi/kaldi/egs/timit/s5_la3/data-fmllr-tri3/train/data/feats_fmllr_train.10.ark:8596813
mtdp0_sx261 /nfs-share/xinchi/kaldi/egs/timit/s5_la3/data-fmllr-tri3/train/data/feats_fmllr_train.10.ark:3458339
maeo0_si1326 /nfs-share/xinchi/kaldi/egs/timit/s5_la3/data-fmllr-tri3/train/data/feats_fmllr_train.4.ark:368870
fapb0_sx433 /nfs-share/xinchi/kaldi/egs/timit/s5_la3/data-fmllr-tri3/train/data/feats_fmllr_train.1.ark:1928400
mgaw0_sx265 /nfs-share/xinchi/kaldi/egs/timit/s5_la3/data-fmllr-tri3/train/data/feats_fmllr_train.6.ark:605940
mmgg0_sx89 /nfs-share/xinchi/kaldi/egs/timit/s5_la3/data-fmllr-tri3/train/data/feats_fmllr_train.8.ark:702021
fjsk0_sx242 /nfs-share/xinchi/kaldi/egs/timit/s5_la3/data-fmllr-tri3/train/data/feats_fmllr_train.2.ark:3458183
mtju0_sx310 /nfs-share/xinchi/kaldi/egs/timit/s5_la3/data-fmllr-tri3/train/data/feats_fmllr_train.10.ark:5538490
mdps0_si719 /nfs-share/xinchi/kaldi/egs/timit/s5_la3/data-fmllr-tri3/train/data/feats_fmllr_train.5.ark:7496193
mmdg0_si520 /nfs-share/xinchi/kaldi/egs/timit/s5_la3/data-fmllr-tri3/train/data/feats_fmllr_train.7.ark:15928430
fsak0_sx220 /nfs-share/xinchi/kaldi/egs/timit/s5_la3/data-fmllr-tri3/train/data/feats_fmllr_train.3.ark:6137135
mrre0_sx164 /nfs-share/xinchi/kaldi/egs/timit/s5_la3/data-fmllr-tri3/train/data/feats_fmllr_train.9.ark:7632379
mmsm0_si1736 /nfs-share/xinchi/kaldi/egs/timit/s5_la3/data-fmllr-tri3/train/data/feats_fmllr_train.8.ark:2635802
mdsj0_sx112 /nfs-share/xinchi/kaldi/egs/timit/s5_la3/data-fmllr-tri3/train/data/feats_fmllr_train.5.ark:8349454
fbjl0_sx22 /nfs-share/xinchi/kaldi/egs/timit/s5_la3/data-fmllr-tri3/train/data/feats_fmllr_train.1.ark:3509560
mdtb0_sx390 /nfs-share/xinchi/kaldi/egs/timit/s5_la3/data-fmllr-tri3/train/data/feats_fmllr_train.5.ark:9538693
mnet0_si816 /nfs-share/xinchi/kaldi/egs/timit/s5_la3/data-fmllr-tri3/train/data/feats_fmllr_train.8.ark:5074250
mjrk0_sx430 /nfs-share/xinchi/kaldi/egs/timit/s5_la3/data-fmllr-tri3/train/data/feats_fmllr_train.7.ark:1041411
mvrw0_si1485 /nfs-share/xinchi/kaldi/egs/timit/s5_la3/data-fmllr-tri3/train/data/feats_fmllr_train.10.ark:13095495
makr0_sx362 /nfs-share/xinchi/kaldi/egs/timit/s5_la3/data-fmllr-tri3/train/data/feats_fmllr_train.4.ark:2124277
mhbs0_sx405 /nfs-share/xinchi/kaldi/egs/timit/s5_la3/data-fmllr-tri3/train/data/feats_fmllr_train.6.ark:3837325
mtkp0_si1023 /nfs-share/xinchi/kaldi/egs/timit/s5_la3/data-fmllr-tri3/train/data/feats_fmllr_train.10.ark:6092548
fsbk0_sx169 /nfs-share/xinchi/kaldi/egs/timit/s5_la3/data-fmllr-tri3/train/data/feats_fmllr_train.3.ark:6455886
mtbc0_sx183 /nfs-share/xinchi/kaldi/egs/timit/s5_la3/data-fmllr-tri3/train/data/feats_fmllr_train.10.ark:2212700
fsmm0_sx54 /nfs-share/xinchi/kaldi/egs/timit/s5_la3/data-fmllr-tri3/train/data/feats_fmllr_train.3.ark:12256632
mtkp0_sx393 /nfs-share/xinchi/kaldi/egs/timit/s5_la3/data-fmllr-tri3/train/data/feats_fmllr_train.10.ark:6460257
makb0_sx206 /nfs-share/xinchi/kaldi/egs/timit/s5_la3/data-fmllr-tri3/train/data/feats_fmllr_train.4.ark:1790433
mdef0_si1563 /nfs-share/xinchi/kaldi/egs/timit/s5_la3/data-fmllr-tri3/train/data/feats_fmllr_train.5.ark:78761
mdem0_si1868 /nfs-share/xinchi/kaldi/egs/timit/s5_la3/data-fmllr-tri3/train/data/feats_fmllr_train.5.ark:352071
mwad0_sx162 /nfs-share/xinchi/kaldi/egs/timit/s5_la3/data-fmllr-tri3/train/data/feats_fmllr_train.10.ark:13985292
fhlm0_sx300 /nfs-share/xinchi/kaldi/egs/timit/s5_la3/data-fmllr-tri3/train/data/feats_fmllr_train.1.ark:18191039
fnkl0_si2152 /nfs-share/xinchi/kaldi/egs/timit/s5_la3/data-fmllr-tri3/train/data/feats_fmllr_train.3.ark:40521
mgaw0_si1165 /nfs-share/xinchi/kaldi/egs/timit/s5_la3/data-fmllr-tri3/train/data/feats_fmllr_train.6.ark:385831
mdwh0_sx395 /nfs-share/xinchi/kaldi/egs/timit/s5_la3/data-fmllr-tri3/train/data/feats_fmllr_train.5.ark:10330327
mkah0_sx268 /nfs-share/xinchi/kaldi/egs/timit/s5_la3/data-fmllr-tri3/train/data/feats_fmllr_train.7.ark:4619948
mmcc0_sx438 /nfs-share/xinchi/kaldi/egs/timit/s5_la3/data-fmllr-tri3/train/data/feats_fmllr_train.7.ark:15383624
mmpm0_sx431 /nfs-share/xinchi/kaldi/egs/timit/s5_la3/data-fmllr-tri3/train/data/feats_fmllr_train.8.ark:2062864
mgag0_sx241 /nfs-share/xinchi/kaldi/egs/timit/s5_la3/data-fmllr-tri3/train/data/feats_fmllr_train.5.ark:16771430
fpaz0_si963 /nfs-share/xinchi/kaldi/egs/timit/s5_la3/data-fmllr-tri3/train/data/feats_fmllr_train.3.ark:2530650
mjda0_sx41 /nfs-share/xinchi/kaldi/egs/timit/s5_la3/data-fmllr-tri3/train/data/feats_fmllr_train.6.ark:8323154
mwar0_sx415 /nfs-share/xinchi/kaldi/egs/timit/s5_la3/data-fmllr-tri3/train/data/feats_fmllr_train.10.ark:14449911
mpfu0_si1888 /nfs-share/xinchi/kaldi/egs/timit/s5_la3/data-fmllr-tri3/train/data/feats_fmllr_train.8.ark:6495090
mkxl0_sx195 /nfs-share/xinchi/kaldi/egs/timit/s5_la3/data-fmllr-tri3/train/data/feats_fmllr_train.7.ark:10010374
mcal0_sx148 /nfs-share/xinchi/kaldi/egs/timit/s5_la3/data-fmllr-tri3/train/data/feats_fmllr_train.4.ark:8728286
mljh0_si1324 /nfs-share/xinchi/kaldi/egs/timit/s5_la3/data-fmllr-tri3/train/data/feats_fmllr_train.7.ark:11325187
mrsp0_si799 /nfs-share/xinchi/kaldi/egs/timit/s5_la3/data-fmllr-tri3/train/data/feats_fmllr_train.9.ark:8475187
fpac0_sx31 /nfs-share/xinchi/kaldi/egs/timit/s5_la3/data-fmllr-tri3/train/data/feats_fmllr_train.3.ark:1533145
msds0_si1077 /nfs-share/xinchi/kaldi/egs/timit/s5_la3/data-fmllr-tri3/train/data/feats_fmllr_train.9.ark:13190916
faem0_si2022 /nfs-share/xinchi/kaldi/egs/timit/s5_la3/data-fmllr-tri3/train/data/feats_fmllr_train.1.ark:75881
mtpg0_sx123 /nfs-share/xinchi/kaldi/egs/timit/s5_la3/data-fmllr-tri3/train/data/feats_fmllr_train.10.ark:8962950
mmpm0_si1061 /nfs-share/xinchi/kaldi/egs/timit/s5_la3/data-fmllr-tri3/train/data/feats_fmllr_train.8.ark:1762380
mwar0_sx235 /nfs-share/xinchi/kaldi/egs/timit/s5_la3/data-fmllr-tri3/train/data/feats_fmllr_train.10.ark:14370817
mbjv0_sx347 /nfs-share/xinchi/kaldi/egs/timit/s5_la3/data-fmllr-tri3/train/data/feats_fmllr_train.4.ark:5408630
mrai0_sx162 /nfs-share/xinchi/kaldi/egs/timit/s5_la3/data-fmllr-tri3/train/data/feats_fmllr_train.8.ark:11888204
fsms1_sx347 /nfs-share/xinchi/kaldi/egs/timit/s5_la3/data-fmllr-tri3/train/data/feats_fmllr_train.3.ark:12589623
mrlj0_si790 /nfs-share/xinchi/kaldi/egs/timit/s5_la3/data-fmllr-tri3/train/data/feats_fmllr_train.9.ark:3794658
fcke0_si1741 /nfs-share/xinchi/kaldi/egs/timit/s5_la3/data-fmllr-tri3/train/data/feats_fmllr_train.1.ark:7077864
fceg0_si618 /nfs-share/xinchi/kaldi/egs/timit/s5_la3/data-fmllr-tri3/train/data/feats_fmllr_train.1.ark:6152920
fdas1_si2091 /nfs-share/xinchi/kaldi/egs/timit/s5_la3/data-fmllr-tri3/train/data/feats_fmllr_train.1.ark:9407647
mjxl0_sx182 /nfs-share/xinchi/kaldi/egs/timit/s5_la3/data-fmllr-tri3/train/data/feats_fmllr_train.7.ark:3759968
fmjb0_sx97 /nfs-share/xinchi/kaldi/egs/timit/s5_la3/data-fmllr-tri3/train/data/feats_fmllr_train.2.ark:15881314
fmem0_si747 /nfs-share/xinchi/kaldi/egs/timit/s5_la3/data-fmllr-tri3/train/data/feats_fmllr_train.2.ark:15209124
mdpb0_si2126 /nfs-share/xinchi/kaldi/egs/timit/s5_la3/data-fmllr-tri3/train/data/feats_fmllr_train.5.ark:6733172
mkln0_sx338 /nfs-share/xinchi/kaldi/egs/timit/s5_la3/data-fmllr-tri3/train/data/feats_fmllr_train.7.ark:7713390
fjhk0_sx32 /nfs-share/xinchi/kaldi/egs/timit/s5_la3/data-fmllr-tri3/train/data/feats_fmllr_train.2.ark:1161092
fsag0_si693 /nfs-share/xinchi/kaldi/egs/timit/s5_la3/data-fmllr-tri3/train/data/feats_fmllr_train.3.ark:5163367
mgsl0_si1164 /nfs-share/xinchi/kaldi/egs/timit/s5_la3/data-fmllr-tri3/train/data/feats_fmllr_train.6.ark:2726812
mcdr0_sx74 /nfs-share/xinchi/kaldi/egs/timit/s5_la3/data-fmllr-tri3/train/data/feats_fmllr_train.4.ark:10082004
mdhl0_sx89 /nfs-share/xinchi/kaldi/egs/timit/s5_la3/data-fmllr-tri3/train/data/feats_fmllr_train.5.ark:1165276
mtcs0_sx262 /nfs-share/xinchi/kaldi/egs/timit/s5_la3/data-fmllr-tri3/train/data/feats_fmllr_train.10.ark:2627504
mmdm1_sx153 /nfs-share/xinchi/kaldi/egs/timit/s5_la3/data-fmllr-tri3/train/data/feats_fmllr_train.7.ark:16727451
mjdc0_si1161 /nfs-share/xinchi/kaldi/egs/timit/s5_la3/data-fmllr-tri3/train/data/feats_fmllr_train.6.ark:8372142
flmc0_si742 /nfs-share/xinchi/kaldi/egs/timit/s5_la3/data-fmllr-tri3/train/data/feats_fmllr_train.2.ark:12913740
mlbc0_sx159 /nfs-share/xinchi/kaldi/egs/timit/s5_la3/data-fmllr-tri3/train/data/feats_fmllr_train.7.ark:10286858
fkfb0_sx168 /nfs-share/xinchi/kaldi/egs/timit/s5_la3/data-fmllr-tri3/train/data/feats_fmllr_train.2.ark:6598132
mmsm0_sx386 /nfs-share/xinchi/kaldi/egs/timit/s5_la3/data-fmllr-tri3/train/data/feats_fmllr_train.8.ark:2922843
flma0_sx343 /nfs-share/xinchi/kaldi/egs/timit/s5_la3/data-fmllr-tri3/train/data/feats_fmllr_train.2.ark:12687844
fcmg0_sx252 /nfs-share/xinchi/kaldi/egs/timit/s5_la3/data-fmllr-tri3/train/data/feats_fmllr_train.1.ark:7998540
fjwb1_si2055 /nfs-share/xinchi/kaldi/egs/timit/s5_la3/data-fmllr-tri3/train/data/feats_fmllr_train.2.ark:4039308
mrkm0_sx97 /nfs-share/xinchi/kaldi/egs/timit/s5_la3/data-fmllr-tri3/train/data/feats_fmllr_train.9.ark:3340918
fcjs0_sx347 /nfs-share/xinchi/kaldi/egs/timit/s5_la3/data-fmllr-tri3/train/data/feats_fmllr_train.1.ark:6887355
msmr0_sx145 /nfs-share/xinchi/kaldi/egs/timit/s5_la3/data-fmllr-tri3/train/data/feats_fmllr_train.9.ark:16386918
flag0_sx294 /nfs-share/xinchi/kaldi/egs/timit/s5_la3/data-fmllr-tri3/train/data/feats_fmllr_train.2.ark:9558772
fltm0_si1700 /nfs-share/xinchi/kaldi/egs/timit/s5_la3/data-fmllr-tri3/train/data/feats_fmllr_train.2.ark:13967006
mmaa0_sx395 /nfs-share/xinchi/kaldi/egs/timit/s5_la3/data-fmllr-tri3/train/data/feats_fmllr_train.7.ark:12953547
mkln0_sx248 /nfs-share/xinchi/kaldi/egs/timit/s5_la3/data-fmllr-tri3/train/data/feats_fmllr_train.7.ark:7677363
mkag0_si2239 /nfs-share/xinchi/kaldi/egs/timit/s5_la3/data-fmllr-tri3/train/data/feats_fmllr_train.7.ark:4075651
fjkl0_sx122 /nfs-share/xinchi/kaldi/egs/timit/s5_la3/data-fmllr-tri3/train/data/feats_fmllr_train.2.ark:1371469
mvlo0_sx157 /nfs-share/xinchi/kaldi/egs/timit/s5_la3/data-fmllr-tri3/train/data/feats_fmllr_train.10.ark:12856320
msjk0_si1596 /nfs-share/xinchi/kaldi/egs/timit/s5_la3/data-fmllr-tri3/train/data/feats_fmllr_train.9.ark:15415363
mhjb0_sx117 /nfs-share/xinchi/kaldi/egs/timit/s5_la3/data-fmllr-tri3/train/data/feats_fmllr_train.6.ark:4446479
mjsr0_si2054 /nfs-share/xinchi/kaldi/egs/timit/s5_la3/data-fmllr-tri3/train/data/feats_fmllr_train.7.ark:1525550
mjde0_si1120 /nfs-share/xinchi/kaldi/egs/timit/s5_la3/data-fmllr-tri3/train/data/feats_fmllr_train.6.ark:8727719
madd0_sx358 /nfs-share/xinchi/kaldi/egs/timit/s5_la3/data-fmllr-tri3/train/data/feats_fmllr_train.3.ark:17832794
mvlo0_si1777 /nfs-share/xinchi/kaldi/egs/timit/s5_la3/data-fmllr-tri3/train/data/feats_fmllr_train.10.ark:12749866
fetb0_sx158 /nfs-share/xinchi/kaldi/egs/timit/s5_la3/data-fmllr-tri3/train/data/feats_fmllr_train.1.ark:15569361
mdwm0_si1546 /nfs-share/xinchi/kaldi/egs/timit/s5_la3/data-fmllr-tri3/train/data/feats_fmllr_train.5.ark:10394195
mwsb0_sx186 /nfs-share/xinchi/kaldi/egs/timit/s5_la3/data-fmllr-tri3/train/data/feats_fmllr_train.10.ark:16945271
mwac0_sx341 /nfs-share/xinchi/kaldi/egs/timit/s5_la3/data-fmllr-tri3/train/data/feats_fmllr_train.10.ark:13716328
mtdb0_sx51 /nfs-share/xinchi/kaldi/egs/timit/s5_la3/data-fmllr-tri3/train/data/feats_fmllr_train.10.ark:3177561
fcaj0_sx309 /nfs-share/xinchi/kaldi/egs/timit/s5_la3/data-fmllr-tri3/train/data/feats_fmllr_train.1.ark:5445847
fkkh0_sx300 /nfs-share/xinchi/kaldi/egs/timit/s5_la3/data-fmllr-tri3/train/data/feats_fmllr_train.2.ark:7215549
mjbg0_sx62 /nfs-share/xinchi/kaldi/egs/timit/s5_la3/data-fmllr-tri3/train/data/feats_fmllr_train.6.ark:7992376
mfer0_sx322 /nfs-share/xinchi/kaldi/egs/timit/s5_la3/data-fmllr-tri3/train/data/feats_fmllr_train.5.ark:14236496
mjrh1_si514 /nfs-share/xinchi/kaldi/egs/timit/s5_la3/data-fmllr-tri3/train/data/feats_fmllr_train.7.ark:503326
mpmb0_sx61 /nfs-share/xinchi/kaldi/egs/timit/s5_la3/data-fmllr-tri3/train/data/feats_fmllr_train.8.ark:8466039
mdlr0_sx153 /nfs-share/xinchi/kaldi/egs/timit/s5_la3/data-fmllr-tri3/train/data/feats_fmllr_train.5.ark:4787980
mmjb1_si778 /nfs-share/xinchi/kaldi/egs/timit/s5_la3/data-fmllr-tri3/train/data/feats_fmllr_train.8.ark:1137201
fgrw0_si1782 /nfs-share/xinchi/kaldi/egs/timit/s5_la3/data-fmllr-tri3/train/data/feats_fmllr_train.1.ark:17591513
mmlm0_si897 /nfs-share/xinchi/kaldi/egs/timit/s5_la3/data-fmllr-tri3/train/data/feats_fmllr_train.8.ark:1526698
flkm0_sx260 /nfs-share/xinchi/kaldi/egs/timit/s5_la3/data-fmllr-tri3/train/data/feats_fmllr_train.2.ark:12246640
mrlj1_sx411 /nfs-share/xinchi/kaldi/egs/timit/s5_la3/data-fmllr-tri3/train/data/feats_fmllr_train.9.ark:4317704
mkes0_sx83 /nfs-share/xinchi/kaldi/egs/timit/s5_la3/data-fmllr-tri3/train/data/feats_fmllr_train.7.ark:7105329
mrcg0_sx168 /nfs-share/xinchi/kaldi/egs/timit/s5_la3/data-fmllr-tri3/train/data/feats_fmllr_train.8.ark:13407314
mtab0_si1572 /nfs-share/xinchi/kaldi/egs/timit/s5_la3/data-fmllr-tri3/train/data/feats_fmllr_train.10.ark:481670
msfh0_sx136 /nfs-share/xinchi/kaldi/egs/timit/s5_la3/data-fmllr-tri3/train/data/feats_fmllr_train.9.ark:14698531
mrav0_sx108 /nfs-share/xinchi/kaldi/egs/timit/s5_la3/data-fmllr-tri3/train/data/feats_fmllr_train.8.ark:12654080
fpaf0_sx424 /nfs-share/xinchi/kaldi/egs/timit/s5_la3/data-fmllr-tri3/train/data/feats_fmllr_train.3.ark:2336941
mdsj0_sx382 /nfs-share/xinchi/kaldi/egs/timit/s5_la3/data-fmllr-tri3/train/data/feats_fmllr_train.5.ark:8486174
mree0_si1734 /nfs-share/xinchi/kaldi/egs/timit/s5_la3/data-fmllr-tri3/train/data/feats_fmllr_train.8.ark:15202906
mfrm0_si1717 /nfs-share/xinchi/kaldi/egs/timit/s5_la3/data-fmllr-tri3/train/data/feats_fmllr_train.5.ark:14818102
mtdb0_si771 /nfs-share/xinchi/kaldi/egs/timit/s5_la3/data-fmllr-tri3/train/data/feats_fmllr_train.10.ark:2927027
fdmy0_si714 /nfs-share/xinchi/kaldi/egs/timit/s5_la3/data-fmllr-tri3/train/data/feats_fmllr_train.1.ark:11772179
mrjt0_sx418 /nfs-share/xinchi/kaldi/egs/timit/s5_la3/data-fmllr-tri3/train/data/feats_fmllr_train.9.ark:2775237
mjjj0_sx353 /nfs-share/xinchi/kaldi/egs/timit/s5_la3/data-fmllr-tri3/train/data/feats_fmllr_train.6.ark:13027145
fmkc0_si1702 /nfs-share/xinchi/kaldi/egs/timit/s5_la3/data-fmllr-tri3/train/data/feats_fmllr_train.2.ark:16841512
fhxs0_sx355 /nfs-share/xinchi/kaldi/egs/timit/s5_la3/data-fmllr-tri3/train/data/feats_fmllr_train.1.ark:18707418
mdma0_si1430 /nfs-share/xinchi/kaldi/egs/timit/s5_la3/data-fmllr-tri3/train/data/feats_fmllr_train.5.ark:5503720
fsma0_si991 /nfs-share/xinchi/kaldi/egs/timit/s5_la3/data-fmllr-tri3/train/data/feats_fmllr_train.3.ark:11561401
fkaa0_si1208 /nfs-share/xinchi/kaldi/egs/timit/s5_la3/data-fmllr-tri3/train/data/feats_fmllr_train.2.ark:5196758
maeb0_sx90 /nfs-share/xinchi/kaldi/egs/timit/s5_la3/data-fmllr-tri3/train/data/feats_fmllr_train.4.ark:337962
mtpg0_si753 /nfs-share/xinchi/kaldi/egs/timit/s5_la3/data-fmllr-tri3/train/data/feats_fmllr_train.10.ark:8900363
mwrp0_sx183 /nfs-share/xinchi/kaldi/egs/timit/s5_la3/data-fmllr-tri3/train/data/feats_fmllr_train.10.ark:16588576
mdjm0_sx195 /nfs-share/xinchi/kaldi/egs/timit/s5_la3/data-fmllr-tri3/train/data/feats_fmllr_train.5.ark:1808696
mcef0_si842 /nfs-share/xinchi/kaldi/egs/timit/s5_la3/data-fmllr-tri3/train/data/feats_fmllr_train.4.ark:10211847
mkxl0_sx105 /nfs-share/xinchi/kaldi/egs/timit/s5_la3/data-fmllr-tri3/train/data/feats_fmllr_train.7.ark:9931441
mrfk0_si1706 /nfs-share/xinchi/kaldi/egs/timit/s5_la3/data-fmllr-tri3/train/data/feats_fmllr_train.8.ark:16782494
mmar0_sx346 /nfs-share/xinchi/kaldi/egs/timit/s5_la3/data-fmllr-tri3/train/data/feats_fmllr_train.7.ark:14495963
fmbg0_sx260 /nfs-share/xinchi/kaldi/egs/timit/s5_la3/data-fmllr-tri3/train/data/feats_fmllr_train.2.ark:14860776
marw0_si1276 /nfs-share/xinchi/kaldi/egs/timit/s5_la3/data-fmllr-tri3/train/data/feats_fmllr_train.4.ark:2970872
mbgt0_si1841 /nfs-share/xinchi/kaldi/egs/timit/s5_la3/data-fmllr-tri3/train/data/feats_fmllr_train.4.ark:4811345
mjlb0_sx176 /nfs-share/xinchi/kaldi/egs/timit/s5_la3/data-fmllr-tri3/train/data/feats_fmllr_train.6.ark:14090302
mpfu0_sx178 /nfs-share/xinchi/kaldi/egs/timit/s5_la3/data-fmllr-tri3/train/data/feats_fmllr_train.8.ark:6558024
msdh0_sx80 /nfs-share/xinchi/kaldi/egs/timit/s5_la3/data-fmllr-tri3/train/data/feats_fmllr_train.9.ark:13156648
fcmm0_sx273 /nfs-share/xinchi/kaldi/egs/timit/s5_la3/data-fmllr-tri3/train/data/feats_fmllr_train.1.ark:8376837
fnkl0_sx442 /nfs-share/xinchi/kaldi/egs/timit/s5_la3/data-fmllr-tri3/train/data/feats_fmllr_train.3.ark:278096
mtrt0_si597 /nfs-share/xinchi/kaldi/egs/timit/s5_la3/data-fmllr-tri3/train/data/feats_fmllr_train.10.ark:11320064
fklc0_sx175 /nfs-share/xinchi/kaldi/egs/timit/s5_la3/data-fmllr-tri3/train/data/feats_fmllr_train.2.ark:7447046
mbom0_sx114 /nfs-share/xinchi/kaldi/egs/timit/s5_la3/data-fmllr-tri3/train/data/feats_fmllr_train.4.ark:6808805
fjxp0_si1752 /nfs-share/xinchi/kaldi/egs/timit/s5_la3/data-fmllr-tri3/train/data/feats_fmllr_train.2.ark:4884409
mgaf0_sx22 /nfs-share/xinchi/kaldi/egs/timit/s5_la3/data-fmllr-tri3/train/data/feats_fmllr_train.5.ark:16453320
fpad0_si716 /nfs-share/xinchi/kaldi/egs/timit/s5_la3/data-fmllr-tri3/train/data/feats_fmllr_train.3.ark:1700135
mtjm0_sx56 /nfs-share/xinchi/kaldi/egs/timit/s5_la3/data-fmllr-tri3/train/data/feats_fmllr_train.10.ark:4806269
fdas1_sx21 /nfs-share/xinchi/kaldi/egs/timit/s5_la3/data-fmllr-tri3/train/data/feats_fmllr_train.1.ark:9616554
fmkf0_sx186 /nfs-share/xinchi/kaldi/egs/timit/s5_la3/data-fmllr-tri3/train/data/feats_fmllr_train.2.ark:17307836
mtdb0_sx411 /nfs-share/xinchi/kaldi/egs/timit/s5_la3/data-fmllr-tri3/train/data/feats_fmllr_train.10.ark:3126815
fcke0_si1111 /nfs-share/xinchi/kaldi/egs/timit/s5_la3/data-fmllr-tri3/train/data/feats_fmllr_train.1.ark:7059756
msdb0_sx107 /nfs-share/xinchi/kaldi/egs/timit/s5_la3/data-fmllr-tri3/train/data/feats_fmllr_train.9.ark:12648164
mmpm0_sx161 /nfs-share/xinchi/kaldi/egs/timit/s5_la3/data-fmllr-tri3/train/data/feats_fmllr_train.8.ark:1889983
mfxv0_sx285 /nfs-share/xinchi/kaldi/egs/timit/s5_la3/data-fmllr-tri3/train/data/feats_fmllr_train.5.ark:16139690
fecd0_sx428 /nfs-share/xinchi/kaldi/egs/timit/s5_la3/data-fmllr-tri3/train/data/feats_fmllr_train.1.ark:14490871
mwrp0_sx3 /nfs-share/xinchi/kaldi/egs/timit/s5_la3/data-fmllr-tri3/train/data/feats_fmllr_train.10.ark:16676468
mhjb0_sx27 /nfs-share/xinchi/kaldi/egs/timit/s5_la3/data-fmllr-tri3/train/data/feats_fmllr_train.6.ark:4506372
flmc0_sx382 /nfs-share/xinchi/kaldi/egs/timit/s5_la3/data-fmllr-tri3/train/data/feats_fmllr_train.2.ark:13158674
meal0_sx197 /nfs-share/xinchi/kaldi/egs/timit/s5_la3/data-fmllr-tri3/train/data/feats_fmllr_train.5.ark:10917401
mtqc0_si2071 /nfs-share/xinchi/kaldi/egs/timit/s5_la3/data-fmllr-tri3/train/data/feats_fmllr_train.10.ark:10067867
fvfb0_si2292 /nfs-share/xinchi/kaldi/egs/timit/s5_la3/data-fmllr-tri3/train/data/feats_fmllr_train.3.ark:15863628
mdpb0_si1760 /nfs-share/xinchi/kaldi/egs/timit/s5_la3/data-fmllr-tri3/train/data/feats_fmllr_train.5.ark:6661944
fcjs0_si2237 /nfs-share/xinchi/kaldi/egs/timit/s5_la3/data-fmllr-tri3/train/data/feats_fmllr_train.1.ark:6728207
mrmb0_sx321 /nfs-share/xinchi/kaldi/egs/timit/s5_la3/data-fmllr-tri3/train/data/feats_fmllr_train.9.ark:5369528
fear0_si622 /nfs-share/xinchi/kaldi/egs/timit/s5_la3/data-fmllr-tri3/train/data/feats_fmllr_train.1.ark:13817106
mwch0_si1895 /nfs-share/xinchi/kaldi/egs/timit/s5_la3/data-fmllr-tri3/train/data/feats_fmllr_train.10.ark:14589353
fblv0_sx158 /nfs-share/xinchi/kaldi/egs/timit/s5_la3/data-fmllr-tri3/train/data/feats_fmllr_train.1.ark:3857085
mmgg0_si1079 /nfs-share/xinchi/kaldi/egs/timit/s5_la3/data-fmllr-tri3/train/data/feats_fmllr_train.8.ark:354791
mjrg0_sx376 /nfs-share/xinchi/kaldi/egs/timit/s5_la3/data-fmllr-tri3/train/data/feats_fmllr_train.6.ark:17951461
fklc0_si2245 /nfs-share/xinchi/kaldi/egs/timit/s5_la3/data-fmllr-tri3/train/data/feats_fmllr_train.2.ark:7334352
majp0_sx174 /nfs-share/xinchi/kaldi/egs/timit/s5_la3/data-fmllr-tri3/train/data/feats_fmllr_train.4.ark:1219468
mrdm0_si965 /nfs-share/xinchi/kaldi/egs/timit/s5_la3/data-fmllr-tri3/train/data/feats_fmllr_train.8.ark:14517059
fscn0_sx176 /nfs-share/xinchi/kaldi/egs/timit/s5_la3/data-fmllr-tri3/train/data/feats_fmllr_train.3.ark:6940742
mdsj0_sx292 /nfs-share/xinchi/kaldi/egs/timit/s5_la3/data-fmllr-tri3/train/data/feats_fmllr_train.5.ark:8430627
mrfk0_sx446 /nfs-share/xinchi/kaldi/egs/timit/s5_la3/data-fmllr-tri3/train/data/feats_fmllr_train.8.ark:16976550
fkkh0_si1920 /nfs-share/xinchi/kaldi/egs/timit/s5_la3/data-fmllr-tri3/train/data/feats_fmllr_train.2.ark:6962455
mdlh0_si700 /nfs-share/xinchi/kaldi/egs/timit/s5_la3/data-fmllr-tri3/train/data/feats_fmllr_train.5.ark:3995999
mrgs0_sx366 /nfs-share/xinchi/kaldi/egs/timit/s5_la3/data-fmllr-tri3/train/data/feats_fmllr_train.9.ark:257589
mgak0_si1036 /nfs-share/xinchi/kaldi/egs/timit/s5_la3/data-fmllr-tri3/train/data/feats_fmllr_train.5.ark:16923058
mtlb0_si1134 /nfs-share/xinchi/kaldi/egs/timit/s5_la3/data-fmllr-tri3/train/data/feats_fmllr_train.10.ark:6498845
mmds0_si1973 /nfs-share/xinchi/kaldi/egs/timit/s5_la3/data-fmllr-tri3/train/data/feats_fmllr_train.7.ark:17077214
mtjs0_si1822 /nfs-share/xinchi/kaldi/egs/timit/s5_la3/data-fmllr-tri3/train/data/feats_fmllr_train.10.ark:4887605
fsbk0_sx349 /nfs-share/xinchi/kaldi/egs/timit/s5_la3/data-fmllr-tri3/train/data/feats_fmllr_train.3.ark:6559940
mjxa0_si1507 /nfs-share/xinchi/kaldi/egs/timit/s5_la3/data-fmllr-tri3/train/data/feats_fmllr_train.7.ark:3246709
mdlc0_si1395 /nfs-share/xinchi/kaldi/egs/timit/s5_la3/data-fmllr-tri3/train/data/feats_fmllr_train.5.ark:2782173
fjxp0_sx42 /nfs-share/xinchi/kaldi/egs/timit/s5_la3/data-fmllr-tri3/train/data/feats_fmllr_train.2.ark:5162330
mjws0_si513 /nfs-share/xinchi/kaldi/egs/timit/s5_la3/data-fmllr-tri3/train/data/feats_fmllr_train.7.ark:2487290
mjlb0_si2246 /nfs-share/xinchi/kaldi/egs/timit/s5_la3/data-fmllr-tri3/train/data/feats_fmllr_train.6.ark:14017128
mdlh0_sx430 /nfs-share/xinchi/kaldi/egs/timit/s5_la3/data-fmllr-tri3/train/data/feats_fmllr_train.5.ark:4228587
msah1_sx239 /nfs-share/xinchi/kaldi/egs/timit/s5_la3/data-fmllr-tri3/train/data/feats_fmllr_train.9.ark:11252281
mree0_sx24 /nfs-share/xinchi/kaldi/egs/timit/s5_la3/data-fmllr-tri3/train/data/feats_fmllr_train.8.ark:15405094
mklr0_sx249 /nfs-share/xinchi/kaldi/egs/timit/s5_la3/data-fmllr-tri3/train/data/feats_fmllr_train.7.ark:8032781
mejl0_si1592 /nfs-share/xinchi/kaldi/egs/timit/s5_la3/data-fmllr-tri3/train/data/feats_fmllr_train.5.ark:12259917
fpaz0_sx423 /nfs-share/xinchi/kaldi/egs/timit/s5_la3/data-fmllr-tri3/train/data/feats_fmllr_train.3.ark:2729317
mrjb1_sx210 /nfs-share/xinchi/kaldi/egs/timit/s5_la3/data-fmllr-tri3/train/data/feats_fmllr_train.9.ark:1064075
mhmg0_si735 /nfs-share/xinchi/kaldi/egs/timit/s5_la3/data-fmllr-tri3/train/data/feats_fmllr_train.6.ark:4692269
mdss1_sx157 /nfs-share/xinchi/kaldi/egs/timit/s5_la3/data-fmllr-tri3/train/data/feats_fmllr_train.5.ark:9039328
flmc0_si2002 /nfs-share/xinchi/kaldi/egs/timit/s5_la3/data-fmllr-tri3/train/data/feats_fmllr_train.2.ark:12884593
mtpr0_si2230 /nfs-share/xinchi/kaldi/egs/timit/s5_la3/data-fmllr-tri3/train/data/feats_fmllr_train.10.ark:9569570
fklc1_sx58 /nfs-share/xinchi/kaldi/egs/timit/s5_la3/data-fmllr-tri3/train/data/feats_fmllr_train.2.ark:8037291
mjfr0_si975 /nfs-share/xinchi/kaldi/egs/timit/s5_la3/data-fmllr-tri3/train/data/feats_fmllr_train.6.ark:11616813
mmrp0_si2034 /nfs-share/xinchi/kaldi/egs/timit/s5_la3/data-fmllr-tri3/train/data/feats_fmllr_train.8.ark:2152358
fcmg0_si1872 /nfs-share/xinchi/kaldi/egs/timit/s5_la3/data-fmllr-tri3/train/data/feats_fmllr_train.1.ark:7902006
mbcg0_sx327 /nfs-share/xinchi/kaldi/egs/timit/s5_la3/data-fmllr-tri3/train/data/feats_fmllr_train.4.ark:4319179
fleh0_si1681 /nfs-share/xinchi/kaldi/egs/timit/s5_la3/data-fmllr-tri3/train/data/feats_fmllr_train.2.ark:9732615
mtdb0_sx231 /nfs-share/xinchi/kaldi/egs/timit/s5_la3/data-fmllr-tri3/train/data/feats_fmllr_train.10.ark:3052841
marw0_sx349 /nfs-share/xinchi/kaldi/egs/timit/s5_la3/data-fmllr-tri3/train/data/feats_fmllr_train.4.ark:3247034
mrai0_sx432 /nfs-share/xinchi/kaldi/egs/timit/s5_la3/data-fmllr-tri3/train/data/feats_fmllr_train.8.ark:12031325
flhd0_sx264 /nfs-share/xinchi/kaldi/egs/timit/s5_la3/data-fmllr-tri3/train/data/feats_fmllr_train.2.ark:10600492
mmdb0_sx447 /nfs-share/xinchi/kaldi/egs/timit/s5_la3/data-fmllr-tri3/train/data/feats_fmllr_train.7.ark:15755521
mrlj0_si2050 /nfs-share/xinchi/kaldi/egs/timit/s5_la3/data-fmllr-tri3/train/data/feats_fmllr_train.9.ark:3764391
mrlj0_sx250 /nfs-share/xinchi/kaldi/egs/timit/s5_la3/data-fmllr-tri3/train/data/feats_fmllr_train.9.ark:3912312
mjfr0_sx435 /nfs-share/xinchi/kaldi/egs/timit/s5_la3/data-fmllr-tri3/train/data/feats_fmllr_train.6.ark:11831961
mgxp0_sx187 /nfs-share/xinchi/kaldi/egs/timit/s5_la3/data-fmllr-tri3/train/data/feats_fmllr_train.6.ark:3339749
mrdd0_sx277 /nfs-share/xinchi/kaldi/egs/timit/s5_la3/data-fmllr-tri3/train/data/feats_fmllr_train.8.ark:14270843
mesj0_sx187 /nfs-share/xinchi/kaldi/egs/timit/s5_la3/data-fmllr-tri3/train/data/feats_fmllr_train.5.ark:13525130
mjac0_sx251 /nfs-share/xinchi/kaldi/egs/timit/s5_la3/data-fmllr-tri3/train/data/feats_fmllr_train.6.ark:6615937
mrem0_si511 /nfs-share/xinchi/kaldi/egs/timit/s5_la3/data-fmllr-tri3/train/data/feats_fmllr_train.8.ark:16013900
mmlm0_sx447 /nfs-share/xinchi/kaldi/egs/timit/s5_la3/data-fmllr-tri3/train/data/feats_fmllr_train.8.ark:1690966
fpls0_sx3 /nfs-share/xinchi/kaldi/egs/timit/s5_la3/data-fmllr-tri3/train/data/feats_fmllr_train.3.ark:3441083
mjac0_si1331 /nfs-share/xinchi/kaldi/egs/timit/s5_la3/data-fmllr-tri3/train/data/feats_fmllr_train.6.ark:6468495
fljd0_sx346 /nfs-share/xinchi/kaldi/egs/timit/s5_la3/data-fmllr-tri3/train/data/feats_fmllr_train.2.ark:11453274
fdfb0_si1948 /nfs-share/xinchi/kaldi/egs/timit/s5_la3/data-fmllr-tri3/train/data/feats_fmllr_train.1.ark:10205682
mdwm0_si916 /nfs-share/xinchi/kaldi/egs/timit/s5_la3/data-fmllr-tri3/train/data/feats_fmllr_train.5.ark:10479370
fgmb0_sx155 /nfs-share/xinchi/kaldi/egs/timit/s5_la3/data-fmllr-tri3/train/data/feats_fmllr_train.1.ark:17233270
mkls1_sx15 /nfs-share/xinchi/kaldi/egs/timit/s5_la3/data-fmllr-tri3/train/data/feats_fmllr_train.7.ark:8822175
mrtc0_sx108 /nfs-share/xinchi/kaldi/egs/timit/s5_la3/data-fmllr-tri3/train/data/feats_fmllr_train.9.ark:8931591
makr0_si1982 /nfs-share/xinchi/kaldi/egs/timit/s5_la3/data-fmllr-tri3/train/data/feats_fmllr_train.4.ark:1990569
mdss0_si1881 /nfs-share/xinchi/kaldi/egs/timit/s5_la3/data-fmllr-tri3/train/data/feats_fmllr_train.5.ark:8596309
fdfb0_si1318 /nfs-share/xinchi/kaldi/egs/timit/s5_la3/data-fmllr-tri3/train/data/feats_fmllr_train.1.ark:10142134
mcss0_si1380 /nfs-share/xinchi/kaldi/egs/timit/s5_la3/data-fmllr-tri3/train/data/feats_fmllr_train.4.ark:12832672
mmar0_si1336 /nfs-share/xinchi/kaldi/egs/timit/s5_la3/data-fmllr-tri3/train/data/feats_fmllr_train.7.ark:14181587
flkm0_sx116 /nfs-share/xinchi/kaldi/egs/timit/s5_la3/data-fmllr-tri3/train/data/feats_fmllr_train.2.ark:12206453
mdps0_sx359 /nfs-share/xinchi/kaldi/egs/timit/s5_la3/data-fmllr-tri3/train/data/feats_fmllr_train.5.ark:7619474
mtat1_si1409 /nfs-share/xinchi/kaldi/egs/timit/s5_la3/data-fmllr-tri3/train/data/feats_fmllr_train.10.ark:1622481
fbmh0_si1136 /nfs-share/xinchi/kaldi/egs/timit/s5_la3/data-fmllr-tri3/train/data/feats_fmllr_train.1.ark:4082660
faem0_si762 /nfs-share/xinchi/kaldi/egs/timit/s5_la3/data-fmllr-tri3/train/data/feats_fmllr_train.1.ark:111588
mdcd0_sx65 /nfs-share/xinchi/kaldi/egs/timit/s5_la3/data-fmllr-tri3/train/data/feats_fmllr_train.4.ark:16231874
fkkh0_sx120 /nfs-share/xinchi/kaldi/egs/timit/s5_la3/data-fmllr-tri3/train/data/feats_fmllr_train.2.ark:7087469
mtjg0_sx80 /nfs-share/xinchi/kaldi/egs/timit/s5_la3/data-fmllr-tri3/train/data/feats_fmllr_train.10.ark:4438052
fdnc0_si1278 /nfs-share/xinchi/kaldi/egs/timit/s5_la3/data-fmllr-tri3/train/data/feats_fmllr_train.1.ark:12146741
msmr0_sx55 /nfs-share/xinchi/kaldi/egs/timit/s5_la3/data-fmllr-tri3/train/data/feats_fmllr_train.9.ark:16555505
fsrh0_si1719 /nfs-share/xinchi/kaldi/egs/timit/s5_la3/data-fmllr-tri3/train/data/feats_fmllr_train.3.ark:13120614
mjda0_sx221 /nfs-share/xinchi/kaldi/egs/timit/s5_la3/data-fmllr-tri3/train/data/feats_fmllr_train.6.ark:8176674
flmc0_sx22 /nfs-share/xinchi/kaldi/egs/timit/s5_la3/data-fmllr-tri3/train/data/feats_fmllr_train.2.ark:13002593
fgmb0_sx65 /nfs-share/xinchi/kaldi/egs/timit/s5_la3/data-fmllr-tri3/train/data/feats_fmllr_train.1.ark:17463777
fgrw0_sx252 /nfs-share/xinchi/kaldi/egs/timit/s5_la3/data-fmllr-tri3/train/data/feats_fmllr_train.1.ark:17756715
mdss1_si1713 /nfs-share/xinchi/kaldi/egs/timit/s5_la3/data-fmllr-tri3/train/data/feats_fmllr_train.5.ark:8958634
mmws1_si2331 /nfs-share/xinchi/kaldi/egs/timit/s5_la3/data-fmllr-tri3/train/data/feats_fmllr_train.8.ark:4403578
fljg0_sx171 /nfs-share/xinchi/kaldi/egs/timit/s5_la3/data-fmllr-tri3/train/data/feats_fmllr_train.2.ark:11750717
mrpc1_sx312 /nfs-share/xinchi/kaldi/egs/timit/s5_la3/data-fmllr-tri3/train/data/feats_fmllr_train.9.ark:7283737
maeo0_sx66 /nfs-share/xinchi/kaldi/egs/timit/s5_la3/data-fmllr-tri3/train/data/feats_fmllr_train.4.ark:710980
mrmh0_sx301 /nfs-share/xinchi/kaldi/egs/timit/s5_la3/data-fmllr-tri3/train/data/feats_fmllr_train.9.ark:6145484
fbas0_sx217 /nfs-share/xinchi/kaldi/egs/timit/s5_la3/data-fmllr-tri3/train/data/feats_fmllr_train.1.ark:2311124
mtwh1_si882 /nfs-share/xinchi/kaldi/egs/timit/s5_la3/data-fmllr-tri3/train/data/feats_fmllr_train.10.ark:11633081
feac0_sx345 /nfs-share/xinchi/kaldi/egs/timit/s5_la3/data-fmllr-tri3/train/data/feats_fmllr_train.1.ark:13598250
mrav0_sx198 /nfs-share/xinchi/kaldi/egs/timit/s5_la3/data-fmllr-tri3/train/data/feats_fmllr_train.8.ark:12731093
mrlr0_sx386 /nfs-share/xinchi/kaldi/egs/timit/s5_la3/data-fmllr-tri3/train/data/feats_fmllr_train.9.ark:5112564
mtpr0_sx70 /nfs-share/xinchi/kaldi/egs/timit/s5_la3/data-fmllr-tri3/train/data/feats_fmllr_train.10.ark:9926851
maeo0_sx426 /nfs-share/xinchi/kaldi/egs/timit/s5_la3/data-fmllr-tri3/train/data/feats_fmllr_train.4.ark:653834
mded0_sx450 /nfs-share/xinchi/kaldi/egs/timit/s5_la3/data-fmllr-tri3/train/data/feats_fmllr_train.4.ark:17313459
fpls0_sx240 /nfs-share/xinchi/kaldi/egs/timit/s5_la3/data-fmllr-tri3/train/data/feats_fmllr_train.3.ark:3394338
msjk0_sx426 /nfs-share/xinchi/kaldi/egs/timit/s5_la3/data-fmllr-tri3/train/data/feats_fmllr_train.9.ark:15732806
fkde0_sx61 /nfs-share/xinchi/kaldi/egs/timit/s5_la3/data-fmllr-tri3/train/data/feats_fmllr_train.2.ark:5995565
fpad0_si1976 /nfs-share/xinchi/kaldi/egs/timit/s5_la3/data-fmllr-tri3/train/data/feats_fmllr_train.3.ark:1659948
mmws0_sx78 /nfs-share/xinchi/kaldi/egs/timit/s5_la3/data-fmllr-tri3/train/data/feats_fmllr_train.8.ark:4271814
mtlb0_sx54 /nfs-share/xinchi/kaldi/egs/timit/s5_la3/data-fmllr-tri3/train/data/feats_fmllr_train.10.ark:6836314
mdhl0_sx359 /nfs-share/xinchi/kaldi/egs/timit/s5_la3/data-fmllr-tri3/train/data/feats_fmllr_train.5.ark:1047623
mefg0_sx375 /nfs-share/xinchi/kaldi/egs/timit/s5_la3/data-fmllr-tri3/train/data/feats_fmllr_train.5.ark:11770074
fblv0_si2318 /nfs-share/xinchi/kaldi/egs/timit/s5_la3/data-fmllr-tri3/train/data/feats_fmllr_train.1.ark:3799778
fjhk0_si2282 /nfs-share/xinchi/kaldi/egs/timit/s5_la3/data-fmllr-tri3/train/data/feats_fmllr_train.2.ark:931865
mdlr1_sx219 /nfs-share/xinchi/kaldi/egs/timit/s5_la3/data-fmllr-tri3/train/data/feats_fmllr_train.5.ark:5270464
mtrt0_sx147 /nfs-share/xinchi/kaldi/egs/timit/s5_la3/data-fmllr-tri3/train/data/feats_fmllr_train.10.ark:11359291
fclt0_si808 /nfs-share/xinchi/kaldi/egs/timit/s5_la3/data-fmllr-tri3/train/data/feats_fmllr_train.1.ark:7470268
fklh0_si627 /nfs-share/xinchi/kaldi/egs/timit/s5_la3/data-fmllr-tri3/train/data/feats_fmllr_train.2.ark:8205534
maeb0_sx450 /nfs-share/xinchi/kaldi/egs/timit/s5_la3/data-fmllr-tri3/train/data/feats_fmllr_train.4.ark:288656
mrso0_sx39 /nfs-share/xinchi/kaldi/egs/timit/s5_la3/data-fmllr-tri3/train/data/feats_fmllr_train.9.ark:8245637
mses0_sx329 /nfs-share/xinchi/kaldi/egs/timit/s5_la3/data-fmllr-tri3/train/data/feats_fmllr_train.9.ark:14387168
mnet0_sx6 /nfs-share/xinchi/kaldi/egs/timit/s5_la3/data-fmllr-tri3/train/data/feats_fmllr_train.8.ark:5245556
fsmm0_si684 /nfs-share/xinchi/kaldi/egs/timit/s5_la3/data-fmllr-tri3/train/data/feats_fmllr_train.3.ark:11981298
mrlj0_sx160 /nfs-share/xinchi/kaldi/egs/timit/s5_la3/data-fmllr-tri3/train/data/feats_fmllr_train.9.ark:3860445
mdps0_sx179 /nfs-share/xinchi/kaldi/egs/timit/s5_la3/data-fmllr-tri3/train/data/feats_fmllr_train.5.ark:7539900
mdwh0_sx125 /nfs-share/xinchi/kaldi/egs/timit/s5_la3/data-fmllr-tri3/train/data/feats_fmllr_train.5.ark:10126060
fpmy0_sx196 /nfs-share/xinchi/kaldi/egs/timit/s5_la3/data-fmllr-tri3/train/data/feats_fmllr_train.3.ark:3824633
fjxp0_sx402 /nfs-share/xinchi/kaldi/egs/timit/s5_la3/data-fmllr-tri3/train/data/feats_fmllr_train.2.ark:5114944
mdpk0_si552 /nfs-share/xinchi/kaldi/egs/timit/s5_la3/data-fmllr-tri3/train/data/feats_fmllr_train.5.ark:7156456
mrab0_sx414 /nfs-share/xinchi/kaldi/egs/timit/s5_la3/data-fmllr-tri3/train/data/feats_fmllr_train.8.ark:11220971
mjjj0_si1793 /nfs-share/xinchi/kaldi/egs/timit/s5_la3/data-fmllr-tri3/train/data/feats_fmllr_train.6.ark:12818077
mhmg0_si1995 /nfs-share/xinchi/kaldi/egs/timit/s5_la3/data-fmllr-tri3/train/data/feats_fmllr_train.6.ark:4649842
mrjm0_si1228 /nfs-share/xinchi/kaldi/egs/timit/s5_la3/data-fmllr-tri3/train/data/feats_fmllr_train.9.ark:1734827
ftbw0_sx355 /nfs-share/xinchi/kaldi/egs/timit/s5_la3/data-fmllr-tri3/train/data/feats_fmllr_train.3.ark:14854098
mesj0_sx277 /nfs-share/xinchi/kaldi/egs/timit/s5_la3/data-fmllr-tri3/train/data/feats_fmllr_train.5.ark:13550757
mrdm0_si1044 /nfs-share/xinchi/kaldi/egs/timit/s5_la3/data-fmllr-tri3/train/data/feats_fmllr_train.8.ark:14410124
mtdb0_si2031 /nfs-share/xinchi/kaldi/egs/timit/s5_la3/data-fmllr-tri3/train/data/feats_fmllr_train.10.ark:2898200
mjae0_si2154 /nfs-share/xinchi/kaldi/egs/timit/s5_la3/data-fmllr-tri3/train/data/feats_fmllr_train.6.ark:6947808
ftlg0_sx33 /nfs-share/xinchi/kaldi/egs/timit/s5_la3/data-fmllr-tri3/train/data/feats_fmllr_train.3.ark:15299620
fbjl0_sx202 /nfs-share/xinchi/kaldi/egs/timit/s5_la3/data-fmllr-tri3/train/data/feats_fmllr_train.1.ark:3484094
msdh0_si980 /nfs-share/xinchi/kaldi/egs/timit/s5_la3/data-fmllr-tri3/train/data/feats_fmllr_train.9.ark:12844514
msrr0_sx141 /nfs-share/xinchi/kaldi/egs/timit/s5_la3/data-fmllr-tri3/train/data/feats_fmllr_train.9.ark:17522129
mcth0_si1209 /nfs-share/xinchi/kaldi/egs/timit/s5_la3/data-fmllr-tri3/train/data/feats_fmllr_train.4.ark:13233848
mntw0_sx258 /nfs-share/xinchi/kaldi/egs/timit/s5_la3/data-fmllr-tri3/train/data/feats_fmllr_train.8.ark:5584627
mprk0_sx377 /nfs-share/xinchi/kaldi/egs/timit/s5_la3/data-fmllr-tri3/train/data/feats_fmllr_train.8.ark:10230107
mrms0_si1113 /nfs-share/xinchi/kaldi/egs/timit/s5_la3/data-fmllr-tri3/train/data/feats_fmllr_train.9.ark:6741622
mkdt0_sx263 /nfs-share/xinchi/kaldi/egs/timit/s5_la3/data-fmllr-tri3/train/data/feats_fmllr_train.7.ark:6541032
fspm0_sx251 /nfs-share/xinchi/kaldi/egs/timit/s5_la3/data-fmllr-tri3/train/data/feats_fmllr_train.3.ark:12919386
fdjh0_si1565 /nfs-share/xinchi/kaldi/egs/timit/s5_la3/data-fmllr-tri3/train/data/feats_fmllr_train.1.ark:10472272
mlel0_sx346 /nfs-share/xinchi/kaldi/egs/timit/s5_la3/data-fmllr-tri3/train/data/feats_fmllr_train.7.ark:10786329
fpls0_sx150 /nfs-share/xinchi/kaldi/egs/timit/s5_la3/data-fmllr-tri3/train/data/feats_fmllr_train.3.ark:3361511
mkjo0_si1517 /nfs-share/xinchi/kaldi/egs/timit/s5_la3/data-fmllr-tri3/train/data/feats_fmllr_train.7.ark:7147117
msfh0_sx316 /nfs-share/xinchi/kaldi/egs/timit/s5_la3/data-fmllr-tri3/train/data/feats_fmllr_train.9.ark:14820025
msah1_sx419 /nfs-share/xinchi/kaldi/egs/timit/s5_la3/data-fmllr-tri3/train/data/feats_fmllr_train.9.ark:11346735
mtdb0_sx141 /nfs-share/xinchi/kaldi/egs/timit/s5_la3/data-fmllr-tri3/train/data/feats_fmllr_train.10.ark:2999694
mmvp0_si1284 /nfs-share/xinchi/kaldi/egs/timit/s5_la3/data-fmllr-tri3/train/data/feats_fmllr_train.8.ark:2969111
mwsb0_sx96 /nfs-share/xinchi/kaldi/egs/timit/s5_la3/data-fmllr-tri3/train/data/feats_fmllr_train.10.ark:17095456
mrre0_sx344 /nfs-share/xinchi/kaldi/egs/timit/s5_la3/data-fmllr-tri3/train/data/feats_fmllr_train.9.ark:7734193
mrew1_si1500 /nfs-share/xinchi/kaldi/egs/timit/s5_la3/data-fmllr-tri3/train/data/feats_fmllr_train.8.ark:16352169
msem1_si810 /nfs-share/xinchi/kaldi/egs/timit/s5_la3/data-fmllr-tri3/train/data/feats_fmllr_train.9.ark:13798069
mmag0_si1126 /nfs-share/xinchi/kaldi/egs/timit/s5_la3/data-fmllr-tri3/train/data/feats_fmllr_train.7.ark:13412672
fdmy0_sx387 /nfs-share/xinchi/kaldi/egs/timit/s5_la3/data-fmllr-tri3/train/data/feats_fmllr_train.1.ark:12079033
flac0_sx271 /nfs-share/xinchi/kaldi/egs/timit/s5_la3/data-fmllr-tri3/train/data/feats_fmllr_train.2.ark:9044422
fmah1_sx69 /nfs-share/xinchi/kaldi/egs/timit/s5_la3/data-fmllr-tri3/train/data/feats_fmllr_train.2.ark:14660665
fsms1_sx154 /nfs-share/xinchi/kaldi/egs/timit/s5_la3/data-fmllr-tri3/train/data/feats_fmllr_train.3.ark:12457062
mprt0_sx310 /nfs-share/xinchi/kaldi/egs/timit/s5_la3/data-fmllr-tri3/train/data/feats_fmllr_train.8.ark:10507550
mbar0_sx329 /nfs-share/xinchi/kaldi/egs/timit/s5_la3/data-fmllr-tri3/train/data/feats_fmllr_train.4.ark:3620025
mrjm1_sx38 /nfs-share/xinchi/kaldi/egs/timit/s5_la3/data-fmllr-tri3/train/data/feats_fmllr_train.9.ark:2392139
fpaf0_si1684 /nfs-share/xinchi/kaldi/egs/timit/s5_la3/data-fmllr-tri3/train/data/feats_fmllr_train.3.ark:2116645
mmbs0_sx341 /nfs-share/xinchi/kaldi/egs/timit/s5_la3/data-fmllr-tri3/train/data/feats_fmllr_train.7.ark:14942740
mwre0_si2317 /nfs-share/xinchi/kaldi/egs/timit/s5_la3/data-fmllr-tri3/train/data/feats_fmllr_train.10.ark:16128011
fskc0_sx336 /nfs-share/xinchi/kaldi/egs/timit/s5_la3/data-fmllr-tri3/train/data/feats_fmllr_train.3.ark:10198853
mtpg0_sx33 /nfs-share/xinchi/kaldi/egs/timit/s5_la3/data-fmllr-tri3/train/data/feats_fmllr_train.10.ark:9082390
mcpm0_sx294 /nfs-share/xinchi/kaldi/egs/timit/s5_la3/data-fmllr-tri3/train/data/feats_fmllr_train.4.ark:12389680
mbml0_sx269 /nfs-share/xinchi/kaldi/egs/timit/s5_la3/data-fmllr-tri3/train/data/feats_fmllr_train.4.ark:6495494
mdlc2_sx444 /nfs-share/xinchi/kaldi/egs/timit/s5_la3/data-fmllr-tri3/train/data/feats_fmllr_train.5.ark:3817011
mdwm0_sx16 /nfs-share/xinchi/kaldi/egs/timit/s5_la3/data-fmllr-tri3/train/data/feats_fmllr_train.5.ark:10589183
fhxs0_sx265 /nfs-share/xinchi/kaldi/egs/timit/s5_la3/data-fmllr-tri3/train/data/feats_fmllr_train.1.ark:18663231
mhrm0_si1475 /nfs-share/xinchi/kaldi/egs/timit/s5_la3/data-fmllr-tri3/train/data/feats_fmllr_train.6.ark:5357928
mmab1_sx234 /nfs-share/xinchi/kaldi/egs/timit/s5_la3/data-fmllr-tri3/train/data/feats_fmllr_train.7.ark:13188244
mrab1_si2108 /nfs-share/xinchi/kaldi/egs/timit/s5_la3/data-fmllr-tri3/train/data/feats_fmllr_train.8.ark:11368893
flhd0_sx354 /nfs-share/xinchi/kaldi/egs/timit/s5_la3/data-fmllr-tri3/train/data/feats_fmllr_train.2.ark:10645319
mjrh0_si1125 /nfs-share/xinchi/kaldi/egs/timit/s5_la3/data-fmllr-tri3/train/data/feats_fmllr_train.7.ark:13
mrgm0_sx416 /nfs-share/xinchi/kaldi/egs/timit/s5_la3/data-fmllr-tri3/train/data/feats_fmllr_train.8.ark:17785917
freh0_si1945 /nfs-share/xinchi/kaldi/egs/timit/s5_la3/data-fmllr-tri3/train/data/feats_fmllr_train.3.ark:4065889
mwrp0_sx273 /nfs-share/xinchi/kaldi/egs/timit/s5_la3/data-fmllr-tri3/train/data/feats_fmllr_train.10.ark:16633883
mjjj0_sx443 /nfs-share/xinchi/kaldi/egs/timit/s5_la3/data-fmllr-tri3/train/data/feats_fmllr_train.6.ark:13077412
mnet0_sx96 /nfs-share/xinchi/kaldi/egs/timit/s5_la3/data-fmllr-tri3/train/data/feats_fmllr_train.8.ark:5278702
mrtj0_si2032 /nfs-share/xinchi/kaldi/egs/timit/s5_la3/data-fmllr-tri3/train/data/feats_fmllr_train.9.ark:9231754
mpgr1_si1499 /nfs-share/xinchi/kaldi/egs/timit/s5_la3/data-fmllr-tri3/train/data/feats_fmllr_train.8.ark:7533980
mrab1_si1478 /nfs-share/xinchi/kaldi/egs/timit/s5_la3/data-fmllr-tri3/train/data/feats_fmllr_train.8.ark:11321025
mpeb0_si1860 /nfs-share/xinchi/kaldi/egs/timit/s5_la3/data-fmllr-tri3/train/data/feats_fmllr_train.8.ark:6091353
mmrp0_si774 /nfs-share/xinchi/kaldi/egs/timit/s5_la3/data-fmllr-tri3/train/data/feats_fmllr_train.8.ark:2216732
mjdg0_sx232 /nfs-share/xinchi/kaldi/egs/timit/s5_la3/data-fmllr-tri3/train/data/feats_fmllr_train.6.ark:9438285
mwem0_sx240 /nfs-share/xinchi/kaldi/egs/timit/s5_la3/data-fmllr-tri3/train/data/feats_fmllr_train.10.ark:15416750
meal0_si2177 /nfs-share/xinchi/kaldi/egs/timit/s5_la3/data-fmllr-tri3/train/data/feats_fmllr_train.5.ark:10811080
mjmd0_si2288 /nfs-share/xinchi/kaldi/egs/timit/s5_la3/data-fmllr-tri3/train/data/feats_fmllr_train.6.ark:15471145
mgxp0_sx7 /nfs-share/xinchi/kaldi/egs/timit/s5_la3/data-fmllr-tri3/train/data/feats_fmllr_train.6.ark:3475828
mbth0_si2102 /nfs-share/xinchi/kaldi/egs/timit/s5_la3/data-fmllr-tri3/train/data/feats_fmllr_train.4.ark:7293476
mjdc0_sx171 /nfs-share/xinchi/kaldi/egs/timit/s5_la3/data-fmllr-tri3/train/data/feats_fmllr_train.6.ark:8531104
mter0_si527 /nfs-share/xinchi/kaldi/egs/timit/s5_la3/data-fmllr-tri3/train/data/feats_fmllr_train.10.ark:3799462
makr0_si1352 /nfs-share/xinchi/kaldi/egs/timit/s5_la3/data-fmllr-tri3/train/data/feats_fmllr_train.4.ark:1956301
fjlg0_si2306 /nfs-share/xinchi/kaldi/egs/timit/s5_la3/data-fmllr-tri3/train/data/feats_fmllr_train.2.ark:1714060
mbsb0_sx93 /nfs-share/xinchi/kaldi/egs/timit/s5_la3/data-fmllr-tri3/train/data/feats_fmllr_train.4.ark:7266248
mtlc0_sx397 /nfs-share/xinchi/kaldi/egs/timit/s5_la3/data-fmllr-tri3/train/data/feats_fmllr_train.10.ark:7195891
mbma1_sx54 /nfs-share/xinchi/kaldi/egs/timit/s5_la3/data-fmllr-tri3/train/data/feats_fmllr_train.4.ark:6271197
mdbp0_sx78 /nfs-share/xinchi/kaldi/egs/timit/s5_la3/data-fmllr-tri3/train/data/feats_fmllr_train.4.ark:15851977
fljd0_sx76 /nfs-share/xinchi/kaldi/egs/timit/s5_la3/data-fmllr-tri3/train/data/feats_fmllr_train.2.ark:11535247
feac0_sx75 /nfs-share/xinchi/kaldi/egs/timit/s5_la3/data-fmllr-tri3/train/data/feats_fmllr_train.1.ark:13703743
mfxv0_sx195 /nfs-share/xinchi/kaldi/egs/timit/s5_la3/data-fmllr-tri3/train/data/feats_fmllr_train.5.ark:16109743
falk0_sx366 /nfs-share/xinchi/kaldi/egs/timit/s5_la3/data-fmllr-tri3/train/data/feats_fmllr_train.1.ark:1064740
mjdg0_si1705 /nfs-share/xinchi/kaldi/egs/timit/s5_la3/data-fmllr-tri3/train/data/feats_fmllr_train.6.ark:9352791
fcrz0_sx253 /nfs-share/xinchi/kaldi/egs/timit/s5_la3/data-fmllr-tri3/train/data/feats_fmllr_train.1.ark:8754174
mjeb1_sx297 /nfs-share/xinchi/kaldi/egs/timit/s5_la3/data-fmllr-tri3/train/data/feats_fmllr_train.6.ark:10738669
mstf0_si852 /nfs-share/xinchi/kaldi/egs/timit/s5_la3/data-fmllr-tri3/train/data/feats_fmllr_train.9.ark:17814317
mmlm0_sx357 /nfs-share/xinchi/kaldi/egs/timit/s5_la3/data-fmllr-tri3/train/data/feats_fmllr_train.8.ark:1643419
mppc0_sx242 /nfs-share/xinchi/kaldi/egs/timit/s5_la3/data-fmllr-tri3/train/data/feats_fmllr_train.8.ark:8736576
mbar0_sx59 /nfs-share/xinchi/kaldi/egs/timit/s5_la3/data-fmllr-tri3/train/data/feats_fmllr_train.4.ark:3722158
mjlg1_sx202 /nfs-share/xinchi/kaldi/egs/timit/s5_la3/data-fmllr-tri3/train/data/feats_fmllr_train.6.ark:14499987
fmpg0_sx162 /nfs-share/xinchi/kaldi/egs/timit/s5_la3/data-fmllr-tri3/train/data/feats_fmllr_train.2.ark:18115146
fpac0_sx121 /nfs-share/xinchi/kaldi/egs/timit/s5_la3/data-fmllr-tri3/train/data/feats_fmllr_train.3.ark:1377865
mrws0_sx292 /nfs-share/xinchi/kaldi/egs/timit/s5_la3/data-fmllr-tri3/train/data/feats_fmllr_train.9.ark:10611259
mpsw0_si1067 /nfs-share/xinchi/kaldi/egs/timit/s5_la3/data-fmllr-tri3/train/data/feats_fmllr_train.8.ark:10629231
mjlb0_si986 /nfs-share/xinchi/kaldi/egs/timit/s5_la3/data-fmllr-tri3/train/data/feats_fmllr_train.6.ark:14051555
mrem0_sx241 /nfs-share/xinchi/kaldi/egs/timit/s5_la3/data-fmllr-tri3/train/data/feats_fmllr_train.8.ark:16169661
milb0_sx273 /nfs-share/xinchi/kaldi/egs/timit/s5_la3/data-fmllr-tri3/train/data/feats_fmllr_train.6.ark:6330789
mrxb0_sx415 /nfs-share/xinchi/kaldi/egs/timit/s5_la3/data-fmllr-tri3/train/data/feats_fmllr_train.9.ark:11009717
fcjs0_si1607 /nfs-share/xinchi/kaldi/egs/timit/s5_la3/data-fmllr-tri3/train/data/feats_fmllr_train.1.ark:6700339
mgar0_sx42 /nfs-share/xinchi/kaldi/egs/timit/s5_la3/data-fmllr-tri3/train/data/feats_fmllr_train.6.ark:347883
mjde0_si490 /nfs-share/xinchi/kaldi/egs/timit/s5_la3/data-fmllr-tri3/train/data/feats_fmllr_train.6.ark:8860573
mdas0_si1266 /nfs-share/xinchi/kaldi/egs/timit/s5_la3/data-fmllr-tri3/train/data/feats_fmllr_train.4.ark:14766236
fajw0_sx363 /nfs-share/xinchi/kaldi/egs/timit/s5_la3/data-fmllr-tri3/train/data/feats_fmllr_train.1.ark:710471
fcjf0_sx397 /nfs-share/xinchi/kaldi/egs/timit/s5_la3/data-fmllr-tri3/train/data/feats_fmllr_train.1.ark:6661431
mmgc0_si1935 /nfs-share/xinchi/kaldi/egs/timit/s5_la3/data-fmllr-tri3/train/data/feats_fmllr_train.8.ark:67561
mvjh0_sx26 /nfs-share/xinchi/kaldi/egs/timit/s5_la3/data-fmllr-tri3/train/data/feats_fmllr_train.10.ark:12595356
mdjm0_sx105 /nfs-share/xinchi/kaldi/egs/timit/s5_la3/data-fmllr-tri3/train/data/feats_fmllr_train.5.ark:1728323
flkm0_sx440 /nfs-share/xinchi/kaldi/egs/timit/s5_la3/data-fmllr-tri3/train/data/feats_fmllr_train.2.ark:12375654
mcdd0_si2143 /nfs-share/xinchi/kaldi/egs/timit/s5_la3/data-fmllr-tri3/train/data/feats_fmllr_train.4.ark:9381466
madd0_sx88 /nfs-share/xinchi/kaldi/egs/timit/s5_la3/data-fmllr-tri3/train/data/feats_fmllr_train.3.ark:17915567
mrfl0_si1156 /nfs-share/xinchi/kaldi/egs/timit/s5_la3/data-fmllr-tri3/train/data/feats_fmllr_train.8.ark:17052284
fexm0_sx366 /nfs-share/xinchi/kaldi/egs/timit/s5_la3/data-fmllr-tri3/train/data/feats_fmllr_train.1.ark:16135579
fdfb0_sx418 /nfs-share/xinchi/kaldi/egs/timit/s5_la3/data-fmllr-tri3/train/data/feats_fmllr_train.1.ark:10376538
mdbb1_si2056 /nfs-share/xinchi/kaldi/egs/timit/s5_la3/data-fmllr-tri3/train/data/feats_fmllr_train.4.ark:15208106
mrsp0_si1429 /nfs-share/xinchi/kaldi/egs/timit/s5_la3/data-fmllr-tri3/train/data/feats_fmllr_train.9.ark:8344572
mlsh0_sx157 /nfs-share/xinchi/kaldi/egs/timit/s5_la3/data-fmllr-tri3/train/data/feats_fmllr_train.7.ark:12338183
freh0_sx145 /nfs-share/xinchi/kaldi/egs/timit/s5_la3/data-fmllr-tri3/train/data/feats_fmllr_train.3.ark:4171063
fltm0_si2330 /nfs-share/xinchi/kaldi/egs/timit/s5_la3/data-fmllr-tri3/train/data/feats_fmllr_train.2.ark:14009274
mprd0_sx351 /nfs-share/xinchi/kaldi/egs/timit/s5_la3/data-fmllr-tri3/train/data/feats_fmllr_train.8.ark:9671757
mrmg0_si1080 /nfs-share/xinchi/kaldi/egs/timit/s5_la3/data-fmllr-tri3/train/data/feats_fmllr_train.9.ark:5511529
fpaz0_si2223 /nfs-share/xinchi/kaldi/egs/timit/s5_la3/data-fmllr-tri3/train/data/feats_fmllr_train.3.ark:2455103
mdlc2_sx84 /nfs-share/xinchi/kaldi/egs/timit/s5_la3/data-fmllr-tri3/train/data/feats_fmllr_train.5.ark:3858797
fpjf0_si1046 /nfs-share/xinchi/kaldi/egs/timit/s5_la3/data-fmllr-tri3/train/data/feats_fmllr_train.3.ark:2831611
fjrb0_sx402 /nfs-share/xinchi/kaldi/egs/timit/s5_la3/data-fmllr-tri3/train/data/feats_fmllr_train.2.ark:2655562
mwrp0_si1525 /nfs-share/xinchi/kaldi/egs/timit/s5_la3/data-fmllr-tri3/train/data/feats_fmllr_train.10.ark:16487401
mcxm0_sx361 /nfs-share/xinchi/kaldi/egs/timit/s5_la3/data-fmllr-tri3/train/data/feats_fmllr_train.4.ark:14229618
fgdp0_si1618 /nfs-share/xinchi/kaldi/egs/timit/s5_la3/data-fmllr-tri3/train/data/feats_fmllr_train.1.ark:16604491
mrso0_si1206 /nfs-share/xinchi/kaldi/egs/timit/s5_la3/data-fmllr-tri3/train/data/feats_fmllr_train.9.ark:7875074
mjee0_sx157 /nfs-share/xinchi/kaldi/egs/timit/s5_la3/data-fmllr-tri3/train/data/feats_fmllr_train.6.ark:10964406
flkm0_si1880 /nfs-share/xinchi/kaldi/egs/timit/s5_la3/data-fmllr-tri3/train/data/feats_fmllr_train.2.ark:12043492
fsah0_sx74 /nfs-share/xinchi/kaldi/egs/timit/s5_la3/data-fmllr-tri3/train/data/feats_fmllr_train.3.ark:5914918
mmdm0_sx411 /nfs-share/xinchi/kaldi/egs/timit/s5_la3/data-fmllr-tri3/train/data/feats_fmllr_train.7.ark:16521715
mdsj0_sx438 /nfs-share/xinchi/kaldi/egs/timit/s5_la3/data-fmllr-tri3/train/data/feats_fmllr_train.5.ark:8528441
mbgt0_sx261 /nfs-share/xinchi/kaldi/egs/timit/s5_la3/data-fmllr-tri3/train/data/feats_fmllr_train.4.ark:5009986
fjen0_sx57 /nfs-share/xinchi/kaldi/egs/timit/s5_la3/data-fmllr-tri3/train/data/feats_fmllr_train.2.ark:812901
msat1_sx173 /nfs-share/xinchi/kaldi/egs/timit/s5_la3/data-fmllr-tri3/train/data/feats_fmllr_train.9.ark:12292266
mcxm0_sx271 /nfs-share/xinchi/kaldi/egs/timit/s5_la3/data-fmllr-tri3/train/data/feats_fmllr_train.4.ark:14189911
mpgr0_sx240 /nfs-share/xinchi/kaldi/egs/timit/s5_la3/data-fmllr-tri3/train/data/feats_fmllr_train.8.ark:7307764
fbjl0_sx382 /nfs-share/xinchi/kaldi/egs/timit/s5_la3/data-fmllr-tri3/train/data/feats_fmllr_train.1.ark:3614254
fjxm0_sx311 /nfs-share/xinchi/kaldi/egs/timit/s5_la3/data-fmllr-tri3/train/data/feats_fmllr_train.2.ark:4628460
mpgh0_si675 /nfs-share/xinchi/kaldi/egs/timit/s5_la3/data-fmllr-tri3/train/data/feats_fmllr_train.8.ark:6881706
mtat1_sx59 /nfs-share/xinchi/kaldi/egs/timit/s5_la3/data-fmllr-tri3/train/data/feats_fmllr_train.10.ark:2030190
fmpg0_si972 /nfs-share/xinchi/kaldi/egs/timit/s5_la3/data-fmllr-tri3/train/data/feats_fmllr_train.2.ark:18029999
mcew0_sx452 /nfs-share/xinchi/kaldi/egs/timit/s5_la3/data-fmllr-tri3/train/data/feats_fmllr_train.4.ark:10857932
mtxs0_sx70 /nfs-share/xinchi/kaldi/egs/timit/s5_la3/data-fmllr-tri3/train/data/feats_fmllr_train.10.ark:12309913
fdkn0_si1711 /nfs-share/xinchi/kaldi/egs/timit/s5_la3/data-fmllr-tri3/train/data/feats_fmllr_train.1.ark:10964385
mdas0_sx276 /nfs-share/xinchi/kaldi/egs/timit/s5_la3/data-fmllr-tri3/train/data/feats_fmllr_train.4.ark:14999011
fapb0_si2323 /nfs-share/xinchi/kaldi/egs/timit/s5_la3/data-fmllr-tri3/train/data/feats_fmllr_train.1.ark:1679812
fblv0_sx248 /nfs-share/xinchi/kaldi/egs/timit/s5_la3/data-fmllr-tri3/train/data/feats_fmllr_train.1.ark:3892952
msat0_sx266 /nfs-share/xinchi/kaldi/egs/timit/s5_la3/data-fmllr-tri3/train/data/feats_fmllr_train.9.ark:12012395
mjpm1_si1897 /nfs-share/xinchi/kaldi/egs/timit/s5_la3/data-fmllr-tri3/train/data/feats_fmllr_train.6.ark:16841558
mmvp0_sx294 /nfs-share/xinchi/kaldi/egs/timit/s5_la3/data-fmllr-tri3/train/data/feats_fmllr_train.8.ark:3263647
mcpm0_si1824 /nfs-share/xinchi/kaldi/egs/timit/s5_la3/data-fmllr-tri3/train/data/feats_fmllr_train.4.ark:12146346
mpgr0_sx60 /nfs-share/xinchi/kaldi/egs/timit/s5_la3/data-fmllr-tri3/train/data/feats_fmllr_train.8.ark:7457284
mgar0_sx132 /nfs-share/xinchi/kaldi/egs/timit/s5_la3/data-fmllr-tri3/train/data/feats_fmllr_train.6.ark:133696
mjpm0_si738 /nfs-share/xinchi/kaldi/egs/timit/s5_la3/data-fmllr-tri3/train/data/feats_fmllr_train.6.ark:16566036
mgaw0_si535 /nfs-share/xinchi/kaldi/egs/timit/s5_la3/data-fmllr-tri3/train/data/feats_fmllr_train.6.ark:516126
mmxs0_sx246 /nfs-share/xinchi/kaldi/egs/timit/s5_la3/data-fmllr-tri3/train/data/feats_fmllr_train.8.ark:4793767
mdas0_si1896 /nfs-share/xinchi/kaldi/egs/timit/s5_la3/data-fmllr-tri3/train/data/feats_fmllr_train.4.ark:14804504
fcag0_si2133 /nfs-share/xinchi/kaldi/egs/timit/s5_la3/data-fmllr-tri3/train/data/feats_fmllr_train.1.ark:4955309
feac0_sx255 /nfs-share/xinchi/kaldi/egs/timit/s5_la3/data-fmllr-tri3/train/data/feats_fmllr_train.1.ark:13557743
mdcm0_si2110 /nfs-share/xinchi/kaldi/egs/timit/s5_la3/data-fmllr-tri3/train/data/feats_fmllr_train.4.ark:16334330
ftlg0_sx123 /nfs-share/xinchi/kaldi/egs/timit/s5_la3/data-fmllr-tri3/train/data/feats_fmllr_train.3.ark:15164980
mlel0_si1876 /nfs-share/xinchi/kaldi/egs/timit/s5_la3/data-fmllr-tri3/train/data/feats_fmllr_train.7.ark:10550861
fbmh0_si970 /nfs-share/xinchi/kaldi/egs/timit/s5_la3/data-fmllr-tri3/train/data/feats_fmllr_train.1.ark:4190875
mdac0_sx181 /nfs-share/xinchi/kaldi/egs/timit/s5_la3/data-fmllr-tri3/train/data/feats_fmllr_train.4.ark:14526101
mrhl0_sx345 /nfs-share/xinchi/kaldi/egs/timit/s5_la3/data-fmllr-tri3/train/data/feats_fmllr_train.9.ark:652204
flmk0_sx225 /nfs-share/xinchi/kaldi/egs/timit/s5_la3/data-fmllr-tri3/train/data/feats_fmllr_train.2.ark:13416892
mcdr0_si524 /nfs-share/xinchi/kaldi/egs/timit/s5_la3/data-fmllr-tri3/train/data/feats_fmllr_train.4.ark:9831310
ftbr0_sx111 /nfs-share/xinchi/kaldi/egs/timit/s5_la3/data-fmllr-tri3/train/data/feats_fmllr_train.3.ark:14390147
mprk0_si1097 /nfs-share/xinchi/kaldi/egs/timit/s5_la3/data-fmllr-tri3/train/data/feats_fmllr_train.8.ark:9816798
ftbr0_sx21 /nfs-share/xinchi/kaldi/egs/timit/s5_la3/data-fmllr-tri3/train/data/feats_fmllr_train.3.ark:14477400
fvfb0_sx42 /nfs-share/xinchi/kaldi/egs/timit/s5_la3/data-fmllr-tri3/train/data/feats_fmllr_train.3.ark:16067762
fdjh0_sx215 /nfs-share/xinchi/kaldi/egs/timit/s5_la3/data-fmllr-tri3/train/data/feats_fmllr_train.1.ark:10664861
fhlm0_sx390 /nfs-share/xinchi/kaldi/egs/timit/s5_la3/data-fmllr-tri3/train/data/feats_fmllr_train.1.ark:18308053
mkrg0_si1491 /nfs-share/xinchi/kaldi/egs/timit/s5_la3/data-fmllr-tri3/train/data/feats_fmllr_train.7.ark:9393382
mjdg0_sx52 /nfs-share/xinchi/kaldi/egs/timit/s5_la3/data-fmllr-tri3/train/data/feats_fmllr_train.6.ark:9571165
mjpm1_sx311 /nfs-share/xinchi/kaldi/egs/timit/s5_la3/data-fmllr-tri3/train/data/feats_fmllr_train.6.ark:17040894
mcal0_sx328 /nfs-share/xinchi/kaldi/egs/timit/s5_la3/data-fmllr-tri3/train/data/feats_fmllr_train.4.ark:8808980
mbwp0_si1531 /nfs-share/xinchi/kaldi/egs/timit/s5_la3/data-fmllr-tri3/train/data/feats_fmllr_train.4.ark:7708092
mfwk0_si619 /nfs-share/xinchi/kaldi/egs/timit/s5_la3/data-fmllr-tri3/train/data/feats_fmllr_train.5.ark:15202187
makr0_sx452 /nfs-share/xinchi/kaldi/egs/timit/s5_la3/data-fmllr-tri3/train/data/feats_fmllr_train.4.ark:2167824
fjrp1_sx172 /nfs-share/xinchi/kaldi/egs/timit/s5_la3/data-fmllr-tri3/train/data/feats_fmllr_train.2.ark:2942258
mkes0_si1883 /nfs-share/xinchi/kaldi/egs/timit/s5_la3/data-fmllr-tri3/train/data/feats_fmllr_train.7.ark:6777168
mctm0_si1350 /nfs-share/xinchi/kaldi/egs/timit/s5_la3/data-fmllr-tri3/train/data/feats_fmllr_train.4.ark:13609265
fjrp1_si2062 /nfs-share/xinchi/kaldi/egs/timit/s5_la3/data-fmllr-tri3/train/data/feats_fmllr_train.2.ark:2870684
mhxl0_sx332 /nfs-share/xinchi/kaldi/egs/timit/s5_la3/data-fmllr-tri3/train/data/feats_fmllr_train.6.ark:5956360
fmbg0_si1790 /nfs-share/xinchi/kaldi/egs/timit/s5_la3/data-fmllr-tri3/train/data/feats_fmllr_train.2.ark:14791121
mmlm0_si1527 /nfs-share/xinchi/kaldi/egs/timit/s5_la3/data-fmllr-tri3/train/data/feats_fmllr_train.8.ark:1439763
mwdk0_si1436 /nfs-share/xinchi/kaldi/egs/timit/s5_la3/data-fmllr-tri3/train/data/feats_fmllr_train.10.ark:14865863
mmcc0_si1338 /nfs-share/xinchi/kaldi/egs/timit/s5_la3/data-fmllr-tri3/train/data/feats_fmllr_train.7.ark:15099621
mbgt0_si711 /nfs-share/xinchi/kaldi/egs/timit/s5_la3/data-fmllr-tri3/train/data/feats_fmllr_train.4.ark:4887212
fcdr1_si1816 /nfs-share/xinchi/kaldi/egs/timit/s5_la3/data-fmllr-tri3/train/data/feats_fmllr_train.1.ark:5667716
mdps0_sx89 /nfs-share/xinchi/kaldi/egs/timit/s5_la3/data-fmllr-tri3/train/data/feats_fmllr_train.5.ark:7727047
fjrb0_sx312 /nfs-share/xinchi/kaldi/egs/timit/s5_la3/data-fmllr-tri3/train/data/feats_fmllr_train.2.ark:2591535
fpaz0_sx63 /nfs-share/xinchi/kaldi/egs/timit/s5_la3/data-fmllr-tri3/train/data/feats_fmllr_train.3.ark:2783743
mwad0_si1749 /nfs-share/xinchi/kaldi/egs/timit/s5_la3/data-fmllr-tri3/train/data/feats_fmllr_train.10.ark:13929717
mrsp0_sx439 /nfs-share/xinchi/kaldi/egs/timit/s5_la3/data-fmllr-tri3/train/data/feats_fmllr_train.9.ark:8651455
mmjb1_sx328 /nfs-share/xinchi/kaldi/egs/timit/s5_la3/data-fmllr-tri3/train/data/feats_fmllr_train.8.ark:1270242
mjxa0_sx67 /nfs-share/xinchi/kaldi/egs/timit/s5_la3/data-fmllr-tri3/train/data/feats_fmllr_train.7.ark:3561298
msms0_si803 /nfs-share/xinchi/kaldi/egs/timit/s5_la3/data-fmllr-tri3/train/data/feats_fmllr_train.9.ark:16707748
fhlm0_sx349 /nfs-share/xinchi/kaldi/egs/timit/s5_la3/data-fmllr-tri3/train/data/feats_fmllr_train.1.ark:18235386
mrdm0_sx335 /nfs-share/xinchi/kaldi/egs/timit/s5_la3/data-fmllr-tri3/train/data/feats_fmllr_train.8.ark:14653940
faem0_sx132 /nfs-share/xinchi/kaldi/egs/timit/s5_la3/data-fmllr-tri3/train/data/feats_fmllr_train.1.ark:155455
msms0_sx443 /nfs-share/xinchi/kaldi/egs/timit/s5_la3/data-fmllr-tri3/train/data/feats_fmllr_train.9.ark:16900336
ftaj0_si1329 /nfs-share/xinchi/kaldi/egs/timit/s5_la3/data-fmllr-tri3/train/data/feats_fmllr_train.3.ark:13913849
feeh0_sx122 /nfs-share/xinchi/kaldi/egs/timit/s5_la3/data-fmllr-tri3/train/data/feats_fmllr_train.1.ark:14745727
mmgk0_sx332 /nfs-share/xinchi/kaldi/egs/timit/s5_la3/data-fmllr-tri3/train/data/feats_fmllr_train.8.ark:912745
fmjf0_sx264 /nfs-share/xinchi/kaldi/egs/timit/s5_la3/data-fmllr-tri3/train/data/feats_fmllr_train.2.ark:16126251
mrdd0_sx60 /nfs-share/xinchi/kaldi/egs/timit/s5_la3/data-fmllr-tri3/train/data/feats_fmllr_train.8.ark:14357136
mtat0_si811 /nfs-share/xinchi/kaldi/egs/timit/s5_la3/data-fmllr-tri3/train/data/feats_fmllr_train.10.ark:1364079
mbml0_sx449 /nfs-share/xinchi/kaldi/egs/timit/s5_la3/data-fmllr-tri3/train/data/feats_fmllr_train.4.ark:6588828
fjen0_si1677 /nfs-share/xinchi/kaldi/egs/timit/s5_la3/data-fmllr-tri3/train/data/feats_fmllr_train.2.ark:463299
flet0_sx237 /nfs-share/xinchi/kaldi/egs/timit/s5_la3/data-fmllr-tri3/train/data/feats_fmllr_train.2.ark:10270674
mhjb0_si2277 /nfs-share/xinchi/kaldi/egs/timit/s5_la3/data-fmllr-tri3/train/data/feats_fmllr_train.6.ark:4382932
msrr0_si1131 /nfs-share/xinchi/kaldi/egs/timit/s5_la3/data-fmllr-tri3/train/data/feats_fmllr_train.9.ark:17342047
mrlk0_si2140 /nfs-share/xinchi/kaldi/egs/timit/s5_la3/data-fmllr-tri3/train/data/feats_fmllr_train.9.ark:4472826
mtlc0_sx217 /nfs-share/xinchi/kaldi/egs/timit/s5_la3/data-fmllr-tri3/train/data/feats_fmllr_train.10.ark:7099651
mdlr1_si1299 /nfs-share/xinchi/kaldi/egs/timit/s5_la3/data-fmllr-tri3/train/data/feats_fmllr_train.5.ark:5059635
fksr0_si1747 /nfs-share/xinchi/kaldi/egs/timit/s5_la3/data-fmllr-tri3/train/data/feats_fmllr_train.2.ark:8525724
mtrr0_si1548 /nfs-share/xinchi/kaldi/egs/timit/s5_la3/data-fmllr-tri3/train/data/feats_fmllr_train.10.ark:10803792
fssb0_si1712 /nfs-share/xinchi/kaldi/egs/timit/s5_la3/data-fmllr-tri3/train/data/feats_fmllr_train.3.ark:13551099
mjls0_sx286 /nfs-share/xinchi/kaldi/egs/timit/s5_la3/data-fmllr-tri3/train/data/feats_fmllr_train.6.ark:14947617
fkdw0_si1891 /nfs-share/xinchi/kaldi/egs/timit/s5_la3/data-fmllr-tri3/train/data/feats_fmllr_train.2.ark:6129701
mbgt0_si1341 /nfs-share/xinchi/kaldi/egs/timit/s5_la3/data-fmllr-tri3/train/data/feats_fmllr_train.4.ark:4784437
fljg0_sx81 /nfs-share/xinchi/kaldi/egs/timit/s5_la3/data-fmllr-tri3/train/data/feats_fmllr_train.2.ark:11997064
