msas0_sx116 /nfs-share/xinchi/kaldi/egs/timit/s5_la4/mfcc/raw_mfcc_train.4.ark:1751337
fjsp0_sx444 /nfs-share/xinchi/kaldi/egs/timit/s5_la4/mfcc/raw_mfcc_train.1.ark:1911686
mtrt0_sx57 /nfs-share/xinchi/kaldi/egs/timit/s5_la4/mfcc/raw_mfcc_train.4.ark:3265336
fajw0_si1263 /nfs-share/xinchi/kaldi/egs/timit/s5_la4/mfcc/raw_mfcc_train.1.ark:32804
msat1_sx443 /nfs-share/xinchi/kaldi/egs/timit/s5_la4/mfcc/raw_mfcc_train.4.ark:1819606
faem0_si1392 /nfs-share/xinchi/kaldi/egs/timit/s5_la4/mfcc/raw_mfcc_train.1.ark:13
fmbg0_sx3 /nfs-share/xinchi/kaldi/egs/timit/s5_la4/mfcc/raw_mfcc_train.1.ark:2833075
mdmt0_sx302 /nfs-share/xinchi/kaldi/egs/timit/s5_la4/mfcc/raw_mfcc_train.2.ark:2734488
fdtd0_sx321 /nfs-share/xinchi/kaldi/egs/timit/s5_la4/mfcc/raw_mfcc_train.1.ark:1083053
mjwt0_si1291 /nfs-share/xinchi/kaldi/egs/timit/s5_la4/mfcc/raw_mfcc_train.3.ark:1749404
fksr0_sx37 /nfs-share/xinchi/kaldi/egs/timit/s5_la4/mfcc/raw_mfcc_train.1.ark:2317762
mjdg0_sx232 /nfs-share/xinchi/kaldi/egs/timit/s5_la4/mfcc/raw_mfcc_train.3.ark:793313
mjrg0_si1366 /nfs-share/xinchi/kaldi/egs/timit/s5_la4/mfcc/raw_mfcc_train.3.ark:1480160
mjls0_sx196 /nfs-share/xinchi/kaldi/egs/timit/s5_la4/mfcc/raw_mfcc_train.3.ark:1253824
flma0_sx253 /nfs-share/xinchi/kaldi/egs/timit/s5_la4/mfcc/raw_mfcc_train.1.ark:2643581
mmar0_si706 /nfs-share/xinchi/kaldi/egs/timit/s5_la4/mfcc/raw_mfcc_train.3.ark:2715401
mses0_sx59 /nfs-share/xinchi/kaldi/egs/timit/s5_la4/mfcc/raw_mfcc_train.4.ark:1990772
mjda0_sx221 /nfs-share/xinchi/kaldi/egs/timit/s5_la4/mfcc/raw_mfcc_train.3.ark:687569
fjwb1_sx345 /nfs-share/xinchi/kaldi/egs/timit/s5_la4/mfcc/raw_mfcc_train.1.ark:1939425
fskc0_sx426 /nfs-share/xinchi/kaldi/egs/timit/s5_la4/mfcc/raw_mfcc_train.2.ark:105978
fksr0_si1747 /nfs-share/xinchi/kaldi/egs/timit/s5_la4/mfcc/raw_mfcc_train.1.ark:2296694
mfwk0_sx349 /nfs-share/xinchi/kaldi/egs/timit/s5_la4/mfcc/raw_mfcc_train.2.ark:3507967
msvs0_si1568 /nfs-share/xinchi/kaldi/egs/timit/s5_la4/mfcc/raw_mfcc_train.4.ark:2298857
fmpg0_sx432 /nfs-share/xinchi/kaldi/egs/timit/s5_la4/mfcc/raw_mfcc_train.1.ark:3117461
mwre0_si1687 /nfs-share/xinchi/kaldi/egs/timit/s5_la4/mfcc/raw_mfcc_train.4.ark:3650737
mcef0_sx145 /nfs-share/xinchi/kaldi/egs/timit/s5_la4/mfcc/raw_mfcc_train.2.ark:1618722
mhmr0_si1119 /nfs-share/xinchi/kaldi/egs/timit/s5_la4/mfcc/raw_mfcc_train.3.ark:416868
ftaj0_si474 /nfs-share/xinchi/kaldi/egs/timit/s5_la4/mfcc/raw_mfcc_train.2.ark:415524
msrg0_si591 /nfs-share/xinchi/kaldi/egs/timit/s5_la4/mfcc/raw_mfcc_train.4.ark:2208548
fcdr1_si1816 /nfs-share/xinchi/kaldi/egs/timit/s5_la4/mfcc/raw_mfcc_train.1.ark:475758
mrjh0_sx79 /nfs-share/xinchi/kaldi/egs/timit/s5_la4/mfcc/raw_mfcc_train.4.ark:912430
mmcc0_sx258 /nfs-share/xinchi/kaldi/egs/timit/s5_la4/mfcc/raw_mfcc_train.3.ark:2796415
mklr0_sx159 /nfs-share/xinchi/kaldi/egs/timit/s5_la4/mfcc/raw_mfcc_train.3.ark:2183781
mrab1_sx308 /nfs-share/xinchi/kaldi/egs/timit/s5_la4/mfcc/raw_mfcc_train.4.ark:237576
mwad0_si2322 /nfs-share/xinchi/kaldi/egs/timit/s5_la4/mfcc/raw_mfcc_train.4.ark:3470206
mclm0_si1456 /nfs-share/xinchi/kaldi/egs/timit/s5_la4/mfcc/raw_mfcc_train.2.ark:1743625
fjrp1_si802 /nfs-share/xinchi/kaldi/egs/timit/s5_la4/mfcc/raw_mfcc_train.1.ark:1824755
mbgt0_sx81 /nfs-share/xinchi/kaldi/egs/timit/s5_la4/mfcc/raw_mfcc_train.2.ark:1187810
msmr0_sx235 /nfs-share/xinchi/kaldi/egs/timit/s5_la4/mfcc/raw_mfcc_train.4.ark:2154810
mwgr0_sx256 /nfs-share/xinchi/kaldi/egs/timit/s5_la4/mfcc/raw_mfcc_train.4.ark:3630785
mwch0_sx272 /nfs-share/xinchi/kaldi/egs/timit/s5_la4/mfcc/raw_mfcc_train.4.ark:3532658
mddc0_sx69 /nfs-share/xinchi/kaldi/egs/timit/s5_la4/mfcc/raw_mfcc_train.2.ark:2180211
mjjb0_sx419 /nfs-share/xinchi/kaldi/egs/timit/s5_la4/mfcc/raw_mfcc_train.3.ark:1062454
fpls0_sx330 /nfs-share/xinchi/kaldi/egs/timit/s5_la4/mfcc/raw_mfcc_train.1.ark:3418558
fgrw0_sx72 /nfs-share/xinchi/kaldi/egs/timit/s5_la4/mfcc/raw_mfcc_train.1.ark:1504569
feac0_si615 /nfs-share/xinchi/kaldi/egs/timit/s5_la4/mfcc/raw_mfcc_train.1.ark:1128380
mtkd0_si1817 /nfs-share/xinchi/kaldi/egs/timit/s5_la4/mfcc/raw_mfcc_train.4.ark:2778219
mjkr0_sx31 /nfs-share/xinchi/kaldi/egs/timit/s5_la4/mfcc/raw_mfcc_train.3.ark:1166065
makb0_sx296 /nfs-share/xinchi/kaldi/egs/timit/s5_la4/mfcc/raw_mfcc_train.2.ark:911560
fssb0_sx362 /nfs-share/xinchi/kaldi/egs/timit/s5_la4/mfcc/raw_mfcc_train.2.ark:397270
ftmg0_si1532 /nfs-share/xinchi/kaldi/egs/timit/s5_la4/mfcc/raw_mfcc_train.2.ark:536435
fmpg0_sx342 /nfs-share/xinchi/kaldi/egs/timit/s5_la4/mfcc/raw_mfcc_train.1.ark:3111669
fvfb0_si1510 /nfs-share/xinchi/kaldi/egs/timit/s5_la4/mfcc/raw_mfcc_train.2.ark:571496
fjlr0_sx421 /nfs-share/xinchi/kaldi/egs/timit/s5_la4/mfcc/raw_mfcc_train.1.ark:1772890
mkdb0_sx242 /nfs-share/xinchi/kaldi/egs/timit/s5_la4/mfcc/raw_mfcc_train.3.ark:1994569
maeb0_sx90 /nfs-share/xinchi/kaldi/egs/timit/s5_la4/mfcc/raw_mfcc_train.2.ark:782454
mbcg0_sx237 /nfs-share/xinchi/kaldi/egs/timit/s5_la4/mfcc/raw_mfcc_train.2.ark:1115240
mgag0_sx421 /nfs-share/xinchi/kaldi/egs/timit/s5_la4/mfcc/raw_mfcc_train.2.ark:3635187
madd0_si1798 /nfs-share/xinchi/kaldi/egs/timit/s5_la4/mfcc/raw_mfcc_train.2.ark:724883
msfv0_sx272 /nfs-share/xinchi/kaldi/egs/timit/s5_la4/mfcc/raw_mfcc_train.4.ark:2051134
mejl0_si1654 /nfs-share/xinchi/kaldi/egs/timit/s5_la4/mfcc/raw_mfcc_train.2.ark:3252385
mdwh0_sx125 /nfs-share/xinchi/kaldi/egs/timit/s5_la4/mfcc/raw_mfcc_train.2.ark:3069579
mfrm0_si1785 /nfs-share/xinchi/kaldi/egs/timit/s5_la4/mfcc/raw_mfcc_train.2.ark:3468018
mrab0_sx54 /nfs-share/xinchi/kaldi/egs/timit/s5_la4/mfcc/raw_mfcc_train.4.ark:212845
mjdc0_sx81 /nfs-share/xinchi/kaldi/egs/timit/s5_la4/mfcc/raw_mfcc_train.3.ark:731300
mwre0_sx427 /nfs-share/xinchi/kaldi/egs/timit/s5_la4/mfcc/raw_mfcc_train.4.ark:3669610
mjrp0_sx405 /nfs-share/xinchi/kaldi/egs/timit/s5_la4/mfcc/raw_mfcc_train.3.ark:1629503
fksr0_sx397 /nfs-share/xinchi/kaldi/egs/timit/s5_la4/mfcc/raw_mfcc_train.1.ark:2321292
mrmb0_sx321 /nfs-share/xinchi/kaldi/egs/timit/s5_la4/mfcc/raw_mfcc_train.4.ark:1225806
fdnc0_sx18 /nfs-share/xinchi/kaldi/egs/timit/s5_la4/mfcc/raw_mfcc_train.1.ark:1039873
mdlb0_sx406 /nfs-share/xinchi/kaldi/egs/timit/s5_la4/mfcc/raw_mfcc_train.2.ark:2442768
mkln0_sx248 /nfs-share/xinchi/kaldi/egs/timit/s5_la4/mfcc/raw_mfcc_train.3.ark:2157756
mjws0_si513 /nfs-share/xinchi/kaldi/egs/timit/s5_la4/mfcc/raw_mfcc_train.3.ark:1721763
mfrm0_si1717 /nfs-share/xinchi/kaldi/egs/timit/s5_la4/mfcc/raw_mfcc_train.2.ark:3464565
mdns0_sx291 /nfs-share/xinchi/kaldi/egs/timit/s5_la4/mfcc/raw_mfcc_train.2.ark:2771601
mdsj0_sx112 /nfs-share/xinchi/kaldi/egs/timit/s5_la4/mfcc/raw_mfcc_train.2.ark:2919832
ftbw0_sx85 /nfs-share/xinchi/kaldi/egs/timit/s5_la4/mfcc/raw_mfcc_train.2.ark:498671
mdlb0_sx136 /nfs-share/xinchi/kaldi/egs/timit/s5_la4/mfcc/raw_mfcc_train.2.ark:2427823
mbgt0_si711 /nfs-share/xinchi/kaldi/egs/timit/s5_la4/mfcc/raw_mfcc_train.2.ark:1165442
mbth0_si2102 /nfs-share/xinchi/kaldi/egs/timit/s5_la4/mfcc/raw_mfcc_train.2.ark:1368236
flac0_si2161 /nfs-share/xinchi/kaldi/egs/timit/s5_la4/mfcc/raw_mfcc_train.1.ark:2331630
fpaz0_sx153 /nfs-share/xinchi/kaldi/egs/timit/s5_la4/mfcc/raw_mfcc_train.1.ark:3345326
mtbc0_si1803 /nfs-share/xinchi/kaldi/egs/timit/s5_la4/mfcc/raw_mfcc_train.4.ark:2474156
ftbr0_sx111 /nfs-share/xinchi/kaldi/egs/timit/s5_la4/mfcc/raw_mfcc_train.2.ark:452957
mrvg0_sx60 /nfs-share/xinchi/kaldi/egs/timit/s5_la4/mfcc/raw_mfcc_train.4.ark:1610496
mfxs0_sx234 /nfs-share/xinchi/kaldi/egs/timit/s5_la4/mfcc/raw_mfcc_train.2.ark:3534356
fljg0_si981 /nfs-share/xinchi/kaldi/egs/timit/s5_la4/mfcc/raw_mfcc_train.1.ark:2561177
mmjb1_sx148 /nfs-share/xinchi/kaldi/egs/timit/s5_la4/mfcc/raw_mfcc_train.3.ark:3124869
mmgk0_si692 /nfs-share/xinchi/kaldi/egs/timit/s5_la4/mfcc/raw_mfcc_train.3.ark:3093995
mprt0_si495 /nfs-share/xinchi/kaldi/egs/timit/s5_la4/mfcc/raw_mfcc_train.4.ark:134820
mges0_si851 /nfs-share/xinchi/kaldi/egs/timit/s5_la4/mfcc/raw_mfcc_train.3.ark:67067
mpeb0_sx240 /nfs-share/xinchi/kaldi/egs/timit/s5_la4/mfcc/raw_mfcc_train.3.ark:3548739
mjlg1_sx382 /nfs-share/xinchi/kaldi/egs/timit/s5_la4/mfcc/raw_mfcc_train.3.ark:1228054
mpmb0_sx61 /nfs-share/xinchi/kaldi/egs/timit/s5_la4/mfcc/raw_mfcc_train.3.ark:3736985
mbar0_si1949 /nfs-share/xinchi/kaldi/egs/timit/s5_la4/mfcc/raw_mfcc_train.2.ark:1043150
mrai0_sx432 /nfs-share/xinchi/kaldi/egs/timit/s5_la4/mfcc/raw_mfcc_train.4.ark:276614
mwar0_sx235 /nfs-share/xinchi/kaldi/egs/timit/s5_la4/mfcc/raw_mfcc_train.4.ark:3505885
fjsk0_sx242 /nfs-share/xinchi/kaldi/egs/timit/s5_la4/mfcc/raw_mfcc_train.1.ark:1871328
mewm0_sx178 /nfs-share/xinchi/kaldi/egs/timit/s5_la4/mfcc/raw_mfcc_train.2.ark:3378777
fecd0_sx428 /nfs-share/xinchi/kaldi/egs/timit/s5_la4/mfcc/raw_mfcc_train.1.ark:1217065
mkdt0_si814 /nfs-share/xinchi/kaldi/egs/timit/s5_la4/mfcc/raw_mfcc_train.3.ark:2047272
mgak0_si1036 /nfs-share/xinchi/kaldi/egs/timit/s5_la4/mfcc/raw_mfcc_train.2.ark:3641935
mdns0_si873 /nfs-share/xinchi/kaldi/egs/timit/s5_la4/mfcc/raw_mfcc_train.2.ark:2755311
mzmb0_sx86 /nfs-share/xinchi/kaldi/egs/timit/s5_la4/mfcc/raw_mfcc_train.4.ark:3806016
mbth0_si505 /nfs-share/xinchi/kaldi/egs/timit/s5_la4/mfcc/raw_mfcc_train.2.ark:1375068
mrcw0_sx21 /nfs-share/xinchi/kaldi/egs/timit/s5_la4/mfcc/raw_mfcc_train.4.ark:437430
mcef0_sx325 /nfs-share/xinchi/kaldi/egs/timit/s5_la4/mfcc/raw_mfcc_train.2.ark:1625730
mrab0_sx234 /nfs-share/xinchi/kaldi/egs/timit/s5_la4/mfcc/raw_mfcc_train.4.ark:199721
mmjb1_sx58 /nfs-share/xinchi/kaldi/egs/timit/s5_la4/mfcc/raw_mfcc_train.3.ark:3141887
mcth0_sx219 /nfs-share/xinchi/kaldi/egs/timit/s5_la4/mfcc/raw_mfcc_train.2.ark:1883020
fmbg0_si2264 /nfs-share/xinchi/kaldi/egs/timit/s5_la4/mfcc/raw_mfcc_train.1.ark:2826173
maeb0_sx270 /nfs-share/xinchi/kaldi/egs/timit/s5_la4/mfcc/raw_mfcc_train.2.ark:770994
mgag0_si645 /nfs-share/xinchi/kaldi/egs/timit/s5_la4/mfcc/raw_mfcc_train.2.ark:3617420
fleh0_sx421 /nfs-share/xinchi/kaldi/egs/timit/s5_la4/mfcc/raw_mfcc_train.1.ark:2416267
mrew1_si870 /nfs-share/xinchi/kaldi/egs/timit/s5_la4/mfcc/raw_mfcc_train.4.ark:645082
msrg0_sx231 /nfs-share/xinchi/kaldi/egs/timit/s5_la4/mfcc/raw_mfcc_train.4.ark:2217740
mtbc0_sx347 /nfs-share/xinchi/kaldi/egs/timit/s5_la4/mfcc/raw_mfcc_train.4.ark:2491149
mtkd0_sx17 /nfs-share/xinchi/kaldi/egs/timit/s5_la4/mfcc/raw_mfcc_train.4.ark:2794047
mrab0_si1854 /nfs-share/xinchi/kaldi/egs/timit/s5_la4/mfcc/raw_mfcc_train.4.ark:187831
fbmh0_sx416 /nfs-share/xinchi/kaldi/egs/timit/s5_la4/mfcc/raw_mfcc_train.1.ark:367197
mkaj0_si784 /nfs-share/xinchi/kaldi/egs/timit/s5_la4/mfcc/raw_mfcc_train.3.ark:1925034
mmag0_sx46 /nfs-share/xinchi/kaldi/egs/timit/s5_la4/mfcc/raw_mfcc_train.3.ark:2672641
fspm0_sx161 /nfs-share/xinchi/kaldi/egs/timit/s5_la4/mfcc/raw_mfcc_train.2.ark:324380
fvkb0_sx169 /nfs-share/xinchi/kaldi/egs/timit/s5_la4/mfcc/raw_mfcc_train.2.ark:606980
mmdg0_sx430 /nfs-share/xinchi/kaldi/egs/timit/s5_la4/mfcc/raw_mfcc_train.3.ark:2869395
fsls0_sx156 /nfs-share/xinchi/kaldi/egs/timit/s5_la4/mfcc/raw_mfcc_train.2.ark:190096
mlns0_si2037 /nfs-share/xinchi/kaldi/egs/timit/s5_la4/mfcc/raw_mfcc_train.3.ark:2509716
mgxp0_si457 /nfs-share/xinchi/kaldi/egs/timit/s5_la4/mfcc/raw_mfcc_train.3.ark:270316
mtpg0_si753 /nfs-share/xinchi/kaldi/egs/timit/s5_la4/mfcc/raw_mfcc_train.4.ark:3046028
mpgr1_si2129 /nfs-share/xinchi/kaldi/egs/timit/s5_la4/mfcc/raw_mfcc_train.3.ark:3665056
mmsm0_sx26 /nfs-share/xinchi/kaldi/egs/timit/s5_la4/mfcc/raw_mfcc_train.3.ark:3264119
mdwm0_sx433 /nfs-share/xinchi/kaldi/egs/timit/s5_la4/mfcc/raw_mfcc_train.2.ark:3119921
flmk0_si1035 /nfs-share/xinchi/kaldi/egs/timit/s5_la4/mfcc/raw_mfcc_train.1.ark:2689634
mtml0_sx255 /nfs-share/xinchi/kaldi/egs/timit/s5_la4/mfcc/raw_mfcc_train.4.ark:2924472
mcew0_si812 /nfs-share/xinchi/kaldi/egs/timit/s5_la4/mfcc/raw_mfcc_train.2.ark:1646189
mmjb1_si778 /nfs-share/xinchi/kaldi/egs/timit/s5_la4/mfcc/raw_mfcc_train.3.ark:3121417
mdmt0_si572 /nfs-share/xinchi/kaldi/egs/timit/s5_la4/mfcc/raw_mfcc_train.2.ark:2720154
mljc0_sx325 /nfs-share/xinchi/kaldi/egs/timit/s5_la4/mfcc/raw_mfcc_train.3.ark:2453561
mbcg0_sx57 /nfs-share/xinchi/kaldi/egs/timit/s5_la4/mfcc/raw_mfcc_train.2.ark:1126986
mrcg0_sx78 /nfs-share/xinchi/kaldi/egs/timit/s5_la4/mfcc/raw_mfcc_train.4.ark:412154
fcyl0_sx37 /nfs-share/xinchi/kaldi/egs/timit/s5_la4/mfcc/raw_mfcc_train.1.ark:776138
mtpg0_si2013 /nfs-share/xinchi/kaldi/egs/timit/s5_la4/mfcc/raw_mfcc_train.4.ark:3043330
fdnc0_sx108 /nfs-share/xinchi/kaldi/egs/timit/s5_la4/mfcc/raw_mfcc_train.1.ark:1035941
fmju0_si759 /nfs-share/xinchi/kaldi/egs/timit/s5_la4/mfcc/raw_mfcc_train.1.ark:2961377
fajw0_si1893 /nfs-share/xinchi/kaldi/egs/timit/s5_la4/mfcc/raw_mfcc_train.1.ark:39403
mrcw0_si1371 /nfs-share/xinchi/kaldi/egs/timit/s5_la4/mfcc/raw_mfcc_train.4.ark:416777
fsbk0_sx439 /nfs-share/xinchi/kaldi/egs/timit/s5_la4/mfcc/raw_mfcc_train.1.ark:3685086
mgrl0_si867 /nfs-share/xinchi/kaldi/egs/timit/s5_la4/mfcc/raw_mfcc_train.3.ark:133677
mrcg0_si2058 /nfs-share/xinchi/kaldi/egs/timit/s5_la4/mfcc/raw_mfcc_train.4.ark:383760
mcae0_si2077 /nfs-share/xinchi/kaldi/egs/timit/s5_la4/mfcc/raw_mfcc_train.2.ark:1444108
mrld0_si2224 /nfs-share/xinchi/kaldi/egs/timit/s5_la4/mfcc/raw_mfcc_train.4.ark:1062771
mdwd0_sx270 /nfs-share/xinchi/kaldi/egs/timit/s5_la4/mfcc/raw_mfcc_train.2.ark:3039733
fdas1_sx201 /nfs-share/xinchi/kaldi/egs/timit/s5_la4/mfcc/raw_mfcc_train.1.ark:803469
mtas0_si1385 /nfs-share/xinchi/kaldi/egs/timit/s5_la4/mfcc/raw_mfcc_train.4.ark:2377179
fssb0_sx92 /nfs-share/xinchi/kaldi/egs/timit/s5_la4/mfcc/raw_mfcc_train.2.ark:408190
mtjs0_sx22 /nfs-share/xinchi/kaldi/egs/timit/s5_la4/mfcc/raw_mfcc_train.4.ark:2730591
fbmj0_si815 /nfs-share/xinchi/kaldi/egs/timit/s5_la4/mfcc/raw_mfcc_train.1.ark:385620
mbbr0_sx425 /nfs-share/xinchi/kaldi/egs/timit/s5_la4/mfcc/raw_mfcc_train.2.ark:1094606
mcth0_sx129 /nfs-share/xinchi/kaldi/egs/timit/s5_la4/mfcc/raw_mfcc_train.2.ark:1879321
mkxl0_sx285 /nfs-share/xinchi/kaldi/egs/timit/s5_la4/mfcc/raw_mfcc_train.3.ark:2356637
mkdt0_sx83 /nfs-share/xinchi/kaldi/egs/timit/s5_la4/mfcc/raw_mfcc_train.3.ark:2074223
msds0_sx267 /nfs-share/xinchi/kaldi/egs/timit/s5_la4/mfcc/raw_mfcc_train.4.ark:1903225
mrre0_sx164 /nfs-share/xinchi/kaldi/egs/timit/s5_la4/mfcc/raw_mfcc_train.4.ark:1415872
mdlr0_si603 /nfs-share/xinchi/kaldi/egs/timit/s5_la4/mfcc/raw_mfcc_train.2.ark:2617568
mdtb0_si1830 /nfs-share/xinchi/kaldi/egs/timit/s5_la4/mfcc/raw_mfcc_train.2.ark:2998561
mrlj1_sx411 /nfs-share/xinchi/kaldi/egs/timit/s5_la4/mfcc/raw_mfcc_train.4.ark:1137242
fljg0_sx81 /nfs-share/xinchi/kaldi/egs/timit/s5_la4/mfcc/raw_mfcc_train.1.ark:2588186
msds0_si1077 /nfs-share/xinchi/kaldi/egs/timit/s5_la4/mfcc/raw_mfcc_train.4.ark:1883292
mtcs0_sx172 /nfs-share/xinchi/kaldi/egs/timit/s5_la4/mfcc/raw_mfcc_train.4.ark:2515593
mgsh0_si1806 /nfs-share/xinchi/kaldi/egs/timit/s5_la4/mfcc/raw_mfcc_train.3.ark:200006
mdwd0_sx360 /nfs-share/xinchi/kaldi/egs/timit/s5_la4/mfcc/raw_mfcc_train.2.ark:3042743
mwsh0_sx256 /nfs-share/xinchi/kaldi/egs/timit/s5_la4/mfcc/raw_mfcc_train.4.ark:3759594
msat1_si1703 /nfs-share/xinchi/kaldi/egs/timit/s5_la4/mfcc/raw_mfcc_train.4.ark:1800330
mdef0_si1123 /nfs-share/xinchi/kaldi/egs/timit/s5_la4/mfcc/raw_mfcc_train.2.ark:2218366
mtpp0_sx428 /nfs-share/xinchi/kaldi/egs/timit/s5_la4/mfcc/raw_mfcc_train.4.ark:3090469
freh0_si1945 /nfs-share/xinchi/kaldi/egs/timit/s5_la4/mfcc/raw_mfcc_train.1.ark:3468778
mdps0_si1979 /nfs-share/xinchi/kaldi/egs/timit/s5_la4/mfcc/raw_mfcc_train.2.ark:2843823
mdjm0_si1455 /nfs-share/xinchi/kaldi/egs/timit/s5_la4/mfcc/raw_mfcc_train.2.ark:2349062
mrjt0_sx238 /nfs-share/xinchi/kaldi/egs/timit/s5_la4/mfcc/raw_mfcc_train.4.ark:999110
mjmd0_si1658 /nfs-share/xinchi/kaldi/egs/timit/s5_la4/mfcc/raw_mfcc_train.3.ark:1299086
mrav0_sx378 /nfs-share/xinchi/kaldi/egs/timit/s5_la4/mfcc/raw_mfcc_train.4.ark:342334
mtat0_si1740 /nfs-share/xinchi/kaldi/egs/timit/s5_la4/mfcc/raw_mfcc_train.4.ark:2409003
freh0_sx325 /nfs-share/xinchi/kaldi/egs/timit/s5_la4/mfcc/raw_mfcc_train.1.ark:3483795
mtrr0_si2178 /nfs-share/xinchi/kaldi/egs/timit/s5_la4/mfcc/raw_mfcc_train.4.ark:3208987
fjhk0_sx212 /nfs-share/xinchi/kaldi/egs/timit/s5_la4/mfcc/raw_mfcc_train.1.ark:1670368
fnkl0_si892 /nfs-share/xinchi/kaldi/egs/timit/s5_la4/mfcc/raw_mfcc_train.1.ark:3134377
feeh0_sx302 /nfs-share/xinchi/kaldi/egs/timit/s5_la4/mfcc/raw_mfcc_train.1.ark:1247301
mjpm0_si1998 /nfs-share/xinchi/kaldi/egs/timit/s5_la4/mfcc/raw_mfcc_train.3.ark:1387736
fblv0_sx158 /nfs-share/xinchi/kaldi/egs/timit/s5_la4/mfcc/raw_mfcc_train.1.ark:323517
fexm0_sx291 /nfs-share/xinchi/kaldi/egs/timit/s5_la4/mfcc/raw_mfcc_train.1.ark:1350367
fbmj0_si1776 /nfs-share/xinchi/kaldi/egs/timit/s5_la4/mfcc/raw_mfcc_train.1.ark:374283
mtqc0_si1441 /nfs-share/xinchi/kaldi/egs/timit/s5_la4/mfcc/raw_mfcc_train.4.ark:3133752
fcag0_sx333 /nfs-share/xinchi/kaldi/egs/timit/s5_la4/mfcc/raw_mfcc_train.1.ark:426753
mdwh0_si1925 /nfs-share/xinchi/kaldi/egs/timit/s5_la4/mfcc/raw_mfcc_train.2.ark:3060140
mjxa0_sx157 /nfs-share/xinchi/kaldi/egs/timit/s5_la4/mfcc/raw_mfcc_train.3.ark:1797570
mdpk0_sx63 /nfs-share/xinchi/kaldi/egs/timit/s5_la4/mfcc/raw_mfcc_train.2.ark:2838178
fdtd0_si1561 /nfs-share/xinchi/kaldi/egs/timit/s5_la4/mfcc/raw_mfcc_train.1.ark:1057309
mmws0_sx438 /nfs-share/xinchi/kaldi/egs/timit/s5_la4/mfcc/raw_mfcc_train.3.ark:3379075
mwad0_si1749 /nfs-share/xinchi/kaldi/egs/timit/s5_la4/mfcc/raw_mfcc_train.4.ark:3468560
mtkp0_sx393 /nfs-share/xinchi/kaldi/egs/timit/s5_la4/mfcc/raw_mfcc_train.4.ark:2840886
mclm0_sx106 /nfs-share/xinchi/kaldi/egs/timit/s5_la4/mfcc/raw_mfcc_train.2.ark:1756205
mmxs0_sx66 /nfs-share/xinchi/kaldi/egs/timit/s5_la4/mfcc/raw_mfcc_train.3.ark:3441464
flod0_sx297 /nfs-share/xinchi/kaldi/egs/timit/s5_la4/mfcc/raw_mfcc_train.1.ark:2744855
mdlc2_sx444 /nfs-share/xinchi/kaldi/egs/timit/s5_la4/mfcc/raw_mfcc_train.2.ark:2539023
fcyl0_si1927 /nfs-share/xinchi/kaldi/egs/timit/s5_la4/mfcc/raw_mfcc_train.1.ark:754199
mdhs0_si900 /nfs-share/xinchi/kaldi/egs/timit/s5_la4/mfcc/raw_mfcc_train.2.ark:2326439
fsls0_sx246 /nfs-share/xinchi/kaldi/egs/timit/s5_la4/mfcc/raw_mfcc_train.2.ark:197403
mcss0_sx390 /nfs-share/xinchi/kaldi/egs/timit/s5_la4/mfcc/raw_mfcc_train.2.ark:1863067
mcal0_si1768 /nfs-share/xinchi/kaldi/egs/timit/s5_la4/mfcc/raw_mfcc_train.2.ark:1483852
mjee0_si1867 /nfs-share/xinchi/kaldi/egs/timit/s5_la4/mfcc/raw_mfcc_train.3.ark:914875
mmcc0_sx438 /nfs-share/xinchi/kaldi/egs/timit/s5_la4/mfcc/raw_mfcc_train.3.ark:2804671
fkde0_sx421 /nfs-share/xinchi/kaldi/egs/timit/s5_la4/mfcc/raw_mfcc_train.1.ark:2080555
fbch0_sx326 /nfs-share/xinchi/kaldi/egs/timit/s5_la4/mfcc/raw_mfcc_train.1.ark:261393
mtxs0_sx160 /nfs-share/xinchi/kaldi/egs/timit/s5_la4/mfcc/raw_mfcc_train.4.ark:3311405
fmah1_si1509 /nfs-share/xinchi/kaldi/egs/timit/s5_la4/mfcc/raw_mfcc_train.1.ark:2784955
mmdg0_sx340 /nfs-share/xinchi/kaldi/egs/timit/s5_la4/mfcc/raw_mfcc_train.3.ark:2864838
mppc0_sx242 /nfs-share/xinchi/kaldi/egs/timit/s5_la4/mfcc/raw_mfcc_train.4.ark:12
mdcm0_sx130 /nfs-share/xinchi/kaldi/egs/timit/s5_la4/mfcc/raw_mfcc_train.2.ark:2135420
maeo0_sx66 /nfs-share/xinchi/kaldi/egs/timit/s5_la4/mfcc/raw_mfcc_train.2.ark:813842
fjwb1_sx255 /nfs-share/xinchi/kaldi/egs/timit/s5_la4/mfcc/raw_mfcc_train.1.ark:1936480
mjeb0_sx386 /nfs-share/xinchi/kaldi/egs/timit/s5_la4/mfcc/raw_mfcc_train.3.ark:872409
mkaj0_si2044 /nfs-share/xinchi/kaldi/egs/timit/s5_la4/mfcc/raw_mfcc_train.3.ark:1919801
mtdb0_sx51 /nfs-share/xinchi/kaldi/egs/timit/s5_la4/mfcc/raw_mfcc_train.4.ark:2565532
fgdp0_sx268 /nfs-share/xinchi/kaldi/egs/timit/s5_la4/mfcc/raw_mfcc_train.1.ark:1412615
mmar0_sx436 /nfs-share/xinchi/kaldi/egs/timit/s5_la4/mfcc/raw_mfcc_train.3.ark:2736268
mtrr0_sx18 /nfs-share/xinchi/kaldi/egs/timit/s5_la4/mfcc/raw_mfcc_train.4.ark:3221851
mjfh0_si1737 /nfs-share/xinchi/kaldi/egs/timit/s5_la4/mfcc/raw_mfcc_train.3.ark:946054
mtqc0_si480 /nfs-share/xinchi/kaldi/egs/timit/s5_la4/mfcc/raw_mfcc_train.4.ark:3147768
fltm0_sx440 /nfs-share/xinchi/kaldi/egs/timit/s5_la4/mfcc/raw_mfcc_train.1.ark:2776738
meal0_si1547 /nfs-share/xinchi/kaldi/egs/timit/s5_la4/mfcc/raw_mfcc_train.2.ark:3123972
mtpf0_si1865 /nfs-share/xinchi/kaldi/egs/timit/s5_la4/mfcc/raw_mfcc_train.4.ark:3012671
mjrg0_sx16 /nfs-share/xinchi/kaldi/egs/timit/s5_la4/mfcc/raw_mfcc_train.3.ark:1495762
mjxa0_si2137 /nfs-share/xinchi/kaldi/egs/timit/s5_la4/mfcc/raw_mfcc_train.3.ark:1790601
mjmd0_si1028 /nfs-share/xinchi/kaldi/egs/timit/s5_la4/mfcc/raw_mfcc_train.3.ark:1296010
fltm0_sx170 /nfs-share/xinchi/kaldi/egs/timit/s5_la4/mfcc/raw_mfcc_train.1.ark:2760168
mrml0_si1421 /nfs-share/xinchi/kaldi/egs/timit/s5_la4/mfcc/raw_mfcc_train.4.ark:1299822
mprt0_si580 /nfs-share/xinchi/kaldi/egs/timit/s5_la4/mfcc/raw_mfcc_train.4.ark:137193
fsmm0_si1314 /nfs-share/xinchi/kaldi/egs/timit/s5_la4/mfcc/raw_mfcc_train.2.ark:243449
mtmt0_si1118 /nfs-share/xinchi/kaldi/egs/timit/s5_la4/mfcc/raw_mfcc_train.4.ark:2975998
mlbc0_si1239 /nfs-share/xinchi/kaldi/egs/timit/s5_la4/mfcc/raw_mfcc_train.3.ark:2363789
mbma1_sx234 /nfs-share/xinchi/kaldi/egs/timit/s5_la4/mfcc/raw_mfcc_train.2.ark:1268223
mtpr0_sx160 /nfs-share/xinchi/kaldi/egs/timit/s5_la4/mfcc/raw_mfcc_train.4.ark:3111630
msrr0_si1131 /nfs-share/xinchi/kaldi/egs/timit/s5_la4/mfcc/raw_mfcc_train.4.ark:2231366
mdlh0_sx250 /nfs-share/xinchi/kaldi/egs/timit/s5_la4/mfcc/raw_mfcc_train.2.ark:2564909
mclm0_si2086 /nfs-share/xinchi/kaldi/egs/timit/s5_la4/mfcc/raw_mfcc_train.2.ark:1747728
fsmm0_sx234 /nfs-share/xinchi/kaldi/egs/timit/s5_la4/mfcc/raw_mfcc_train.2.ark:258233
marw0_sx376 /nfs-share/xinchi/kaldi/egs/timit/s5_la4/mfcc/raw_mfcc_train.2.ark:1034099
fklh0_sx357 /nfs-share/xinchi/kaldi/egs/timit/s5_la4/mfcc/raw_mfcc_train.1.ark:2280662
mjrh1_si1558 /nfs-share/xinchi/kaldi/egs/timit/s5_la4/mfcc/raw_mfcc_train.3.ark:1545301
mpgh0_si1554 /nfs-share/xinchi/kaldi/egs/timit/s5_la4/mfcc/raw_mfcc_train.3.ark:3599056
mnet0_sx366 /nfs-share/xinchi/kaldi/egs/timit/s5_la4/mfcc/raw_mfcc_train.3.ark:3461996
fklc1_si1048 /nfs-share/xinchi/kaldi/egs/timit/s5_la4/mfcc/raw_mfcc_train.1.ark:2228061
mejs0_sx340 /nfs-share/xinchi/kaldi/egs/timit/s5_la4/mfcc/raw_mfcc_train.2.ark:3299179
mdlh0_si574 /nfs-share/xinchi/kaldi/egs/timit/s5_la4/mfcc/raw_mfcc_train.2.ark:2551381
megj0_sx167 /nfs-share/xinchi/kaldi/egs/timit/s5_la4/mfcc/raw_mfcc_train.2.ark:3228060
msfv0_sx452 /nfs-share/xinchi/kaldi/egs/timit/s5_la4/mfcc/raw_mfcc_train.4.ark:2059585
mtrt0_si1227 /nfs-share/xinchi/kaldi/egs/timit/s5_la4/mfcc/raw_mfcc_train.4.ark:3238091
mmxs0_si2136 /nfs-share/xinchi/kaldi/egs/timit/s5_la4/mfcc/raw_mfcc_train.3.ark:3413258
fapb0_sx433 /nfs-share/xinchi/kaldi/egs/timit/s5_la4/mfcc/raw_mfcc_train.1.ark:161818
fntb0_sx123 /nfs-share/xinchi/kaldi/egs/timit/s5_la4/mfcc/raw_mfcc_train.1.ark:3172699
mklr0_sx339 /nfs-share/xinchi/kaldi/egs/timit/s5_la4/mfcc/raw_mfcc_train.3.ark:2191257
mjkr0_sx391 /nfs-share/xinchi/kaldi/egs/timit/s5_la4/mfcc/raw_mfcc_train.3.ark:1169036
fbmh0_si1136 /nfs-share/xinchi/kaldi/egs/timit/s5_la4/mfcc/raw_mfcc_train.1.ark:342519
msdh0_sx170 /nfs-share/xinchi/kaldi/egs/timit/s5_la4/mfcc/raw_mfcc_train.4.ark:1860299
mdem0_sx248 /nfs-share/xinchi/kaldi/egs/timit/s5_la4/mfcc/raw_mfcc_train.2.ark:2267956
mfrm0_si1155 /nfs-share/xinchi/kaldi/egs/timit/s5_la4/mfcc/raw_mfcc_train.2.ark:3459435
mrms0_sx120 /nfs-share/xinchi/kaldi/egs/timit/s5_la4/mfcc/raw_mfcc_train.4.ark:1354957
mjma0_si1495 /nfs-share/xinchi/kaldi/egs/timit/s5_la4/mfcc/raw_mfcc_train.3.ark:1265559
mlsh0_sx427 /nfs-share/xinchi/kaldi/egs/timit/s5_la4/mfcc/raw_mfcc_train.3.ark:2562367
mbef0_sx291 /nfs-share/xinchi/kaldi/egs/timit/s5_la4/mfcc/raw_mfcc_train.2.ark:1151333
mmdm0_si1311 /nfs-share/xinchi/kaldi/egs/timit/s5_la4/mfcc/raw_mfcc_train.3.ark:2876143
mkjo0_si2147 /nfs-share/xinchi/kaldi/egs/timit/s5_la4/mfcc/raw_mfcc_train.3.ark:2117196
fsma0_sx271 /nfs-share/xinchi/kaldi/egs/timit/s5_la4/mfcc/raw_mfcc_train.2.ark:226131
mdcd0_sx425 /nfs-share/xinchi/kaldi/egs/timit/s5_la4/mfcc/raw_mfcc_train.2.ark:2116404
fskp0_sx378 /nfs-share/xinchi/kaldi/egs/timit/s5_la4/mfcc/raw_mfcc_train.2.ark:172489
mjpm1_sx401 /nfs-share/xinchi/kaldi/egs/timit/s5_la4/mfcc/raw_mfcc_train.3.ark:1439113
mtrc0_sx93 /nfs-share/xinchi/kaldi/egs/timit/s5_la4/mfcc/raw_mfcc_train.4.ark:3203329
mtjs0_si1192 /nfs-share/xinchi/kaldi/egs/timit/s5_la4/mfcc/raw_mfcc_train.4.ark:2705882
mmdg0_sx160 /nfs-share/xinchi/kaldi/egs/timit/s5_la4/mfcc/raw_mfcc_train.3.ark:2854853
fcdr1_si1186 /nfs-share/xinchi/kaldi/egs/timit/s5_la4/mfcc/raw_mfcc_train.1.ark:468314
mdac0_sx361 /nfs-share/xinchi/kaldi/egs/timit/s5_la4/mfcc/raw_mfcc_train.2.ark:1984247
mmdb0_si1617 /nfs-share/xinchi/kaldi/egs/timit/s5_la4/mfcc/raw_mfcc_train.3.ark:2817615
mdks0_sx166 /nfs-share/xinchi/kaldi/egs/timit/s5_la4/mfcc/raw_mfcc_train.2.ark:2389702
mfxs0_si2304 /nfs-share/xinchi/kaldi/egs/timit/s5_la4/mfcc/raw_mfcc_train.2.ark:3527348
mctm0_si1350 /nfs-share/xinchi/kaldi/egs/timit/s5_la4/mfcc/raw_mfcc_train.2.ark:1898661
mtpf0_sx155 /nfs-share/xinchi/kaldi/egs/timit/s5_la4/mfcc/raw_mfcc_train.4.ark:3020420
mntw0_sx168 /nfs-share/xinchi/kaldi/egs/timit/s5_la4/mfcc/raw_mfcc_train.3.ark:3489117
mvrw0_si1485 /nfs-share/xinchi/kaldi/egs/timit/s5_la4/mfcc/raw_mfcc_train.4.ark:3398485
mefg0_si465 /nfs-share/xinchi/kaldi/egs/timit/s5_la4/mfcc/raw_mfcc_train.2.ark:3178439
mafm0_sx39 /nfs-share/xinchi/kaldi/egs/timit/s5_la4/mfcc/raw_mfcc_train.2.ark:837305
fcaj0_si849 /nfs-share/xinchi/kaldi/egs/timit/s5_la4/mfcc/raw_mfcc_train.1.ark:444365
mtat0_sx120 /nfs-share/xinchi/kaldi/egs/timit/s5_la4/mfcc/raw_mfcc_train.4.ark:2418637
mdlm0_si1234 /nfs-share/xinchi/kaldi/egs/timit/s5_la4/mfcc/raw_mfcc_train.2.ark:2580446
mjhi0_sx158 /nfs-share/xinchi/kaldi/egs/timit/s5_la4/mfcc/raw_mfcc_train.3.ark:1018201
mcdd0_si1513 /nfs-share/xinchi/kaldi/egs/timit/s5_la4/mfcc/raw_mfcc_train.2.ark:1540625
msds0_sx177 /nfs-share/xinchi/kaldi/egs/timit/s5_la4/mfcc/raw_mfcc_train.4.ark:1900397
mmaa0_sx305 /nfs-share/xinchi/kaldi/egs/timit/s5_la4/mfcc/raw_mfcc_train.3.ark:2593812
mwem0_sx240 /nfs-share/xinchi/kaldi/egs/timit/s5_la4/mfcc/raw_mfcc_train.4.ark:3594107
mrcw0_sx111 /nfs-share/xinchi/kaldi/egs/timit/s5_la4/mfcc/raw_mfcc_train.4.ark:430748
flag0_sx384 /nfs-share/xinchi/kaldi/egs/timit/s5_la4/mfcc/raw_mfcc_train.1.ark:2388044
fcjf0_sx217 /nfs-share/xinchi/kaldi/egs/timit/s5_la4/mfcc/raw_mfcc_train.1.ark:552047
fljg0_sx441 /nfs-share/xinchi/kaldi/egs/timit/s5_la4/mfcc/raw_mfcc_train.1.ark:2583630
mmlm0_sx87 /nfs-share/xinchi/kaldi/egs/timit/s5_la4/mfcc/raw_mfcc_train.3.ark:3170947
msvs0_sx218 /nfs-share/xinchi/kaldi/egs/timit/s5_la4/mfcc/raw_mfcc_train.4.ark:2319660
mhjb0_sx117 /nfs-share/xinchi/kaldi/egs/timit/s5_la4/mfcc/raw_mfcc_train.3.ark:373564
mmar0_si1966 /nfs-share/xinchi/kaldi/egs/timit/s5_la4/mfcc/raw_mfcc_train.3.ark:2708894
mbwp0_si709 /nfs-share/xinchi/kaldi/egs/timit/s5_la4/mfcc/raw_mfcc_train.2.ark:1408802
msmr0_si775 /nfs-share/xinchi/kaldi/egs/timit/s5_la4/mfcc/raw_mfcc_train.4.ark:2147490
mjfr0_sx75 /nfs-share/xinchi/kaldi/egs/timit/s5_la4/mfcc/raw_mfcc_train.3.ark:1000440
mlns0_si777 /nfs-share/xinchi/kaldi/egs/timit/s5_la4/mfcc/raw_mfcc_train.3.ark:2514481
fkaa0_si578 /nfs-share/xinchi/kaldi/egs/timit/s5_la4/mfcc/raw_mfcc_train.1.ark:2025492
mtlc0_si1477 /nfs-share/xinchi/kaldi/egs/timit/s5_la4/mfcc/raw_mfcc_train.4.ark:2882650
mdks0_sx346 /nfs-share/xinchi/kaldi/egs/timit/s5_la4/mfcc/raw_mfcc_train.2.ark:2399687
fssb0_sx182 /nfs-share/xinchi/kaldi/egs/timit/s5_la4/mfcc/raw_mfcc_train.2.ark:390119
fkkh0_sx120 /nfs-share/xinchi/kaldi/egs/timit/s5_la4/mfcc/raw_mfcc_train.1.ark:2175787
mapv0_sx33 /nfs-share/xinchi/kaldi/egs/timit/s5_la4/mfcc/raw_mfcc_train.2.ark:971188
fmah1_sx339 /nfs-share/xinchi/kaldi/egs/timit/s5_la4/mfcc/raw_mfcc_train.1.ark:2805115
mlel0_sx76 /nfs-share/xinchi/kaldi/egs/timit/s5_la4/mfcc/raw_mfcc_train.3.ark:2427530
fjsk0_sx62 /nfs-share/xinchi/kaldi/egs/timit/s5_la4/mfcc/raw_mfcc_train.1.ark:1884517
mtbc0_sx273 /nfs-share/xinchi/kaldi/egs/timit/s5_la4/mfcc/raw_mfcc_train.4.ark:2487931
fsak0_si1930 /nfs-share/xinchi/kaldi/egs/timit/s5_la4/mfcc/raw_mfcc_train.1.ark:3633851
mkjo0_si887 /nfs-share/xinchi/kaldi/egs/timit/s5_la4/mfcc/raw_mfcc_train.3.ark:2120063
mrlj1_si2301 /nfs-share/xinchi/kaldi/egs/timit/s5_la4/mfcc/raw_mfcc_train.4.ark:1119591
mjbg0_sx152 /nfs-share/xinchi/kaldi/egs/timit/s5_la4/mfcc/raw_mfcc_train.3.ark:653184
mjxa0_sx337 /nfs-share/xinchi/kaldi/egs/timit/s5_la4/mfcc/raw_mfcc_train.3.ark:1805358
falk0_si1086 /nfs-share/xinchi/kaldi/egs/timit/s5_la4/mfcc/raw_mfcc_train.1.ark:68375
mjjm0_sx197 /nfs-share/xinchi/kaldi/egs/timit/s5_la4/mfcc/raw_mfcc_train.3.ark:1127365
mdlm0_si1864 /nfs-share/xinchi/kaldi/egs/timit/s5_la4/mfcc/raw_mfcc_train.2.ark:2584965
fjrb0_sx132 /nfs-share/xinchi/kaldi/egs/timit/s5_la4/mfcc/raw_mfcc_train.1.ark:1791477
makr0_si722 /nfs-share/xinchi/kaldi/egs/timit/s5_la4/mfcc/raw_mfcc_train.2.ark:925305
mbar0_sx419 /nfs-share/xinchi/kaldi/egs/timit/s5_la4/mfcc/raw_mfcc_train.2.ark:1063218
fjsk0_si1682 /nfs-share/xinchi/kaldi/egs/timit/s5_la4/mfcc/raw_mfcc_train.1.ark:1861049
fmju0_si2019 /nfs-share/xinchi/kaldi/egs/timit/s5_la4/mfcc/raw_mfcc_train.1.ark:2958692
mmgk0_sx332 /nfs-share/xinchi/kaldi/egs/timit/s5_la4/mfcc/raw_mfcc_train.3.ark:3102505
mbom0_sx114 /nfs-share/xinchi/kaldi/egs/timit/s5_la4/mfcc/raw_mfcc_train.2.ark:1327104
mmbs0_si1151 /nfs-share/xinchi/kaldi/egs/timit/s5_la4/mfcc/raw_mfcc_train.3.ark:2744550
mkxl0_sx15 /nfs-share/xinchi/kaldi/egs/timit/s5_la4/mfcc/raw_mfcc_train.3.ark:2350383
fpaf0_sx244 /nfs-share/xinchi/kaldi/egs/timit/s5_la4/mfcc/raw_mfcc_train.1.ark:3315064
mtju0_sx220 /nfs-share/xinchi/kaldi/egs/timit/s5_la4/mfcc/raw_mfcc_train.4.ark:2759047
mjjj0_sx443 /nfs-share/xinchi/kaldi/egs/timit/s5_la4/mfcc/raw_mfcc_train.3.ark:1098976
mfer0_sx412 /nfs-share/xinchi/kaldi/egs/timit/s5_la4/mfcc/raw_mfcc_train.2.ark:3418570
flja0_si2338 /nfs-share/xinchi/kaldi/egs/timit/s5_la4/mfcc/raw_mfcc_train.1.ark:2496245
msjk0_si2226 /nfs-share/xinchi/kaldi/egs/timit/s5_la4/mfcc/raw_mfcc_train.4.ark:2075740
mrab0_si594 /nfs-share/xinchi/kaldi/egs/timit/s5_la4/mfcc/raw_mfcc_train.4.ark:193532
fsma0_si2251 /nfs-share/xinchi/kaldi/egs/timit/s5_la4/mfcc/raw_mfcc_train.2.ark:211121
flmk0_si2295 /nfs-share/xinchi/kaldi/egs/timit/s5_la4/mfcc/raw_mfcc_train.1.ark:2699153
mfer0_si2122 /nfs-share/xinchi/kaldi/egs/timit/s5_la4/mfcc/raw_mfcc_train.2.ark:3400309
fmmh0_sx367 /nfs-share/xinchi/kaldi/egs/timit/s5_la4/mfcc/raw_mfcc_train.1.ark:3070358
mdrd0_sx212 /nfs-share/xinchi/kaldi/egs/timit/s5_la4/mfcc/raw_mfcc_train.2.ark:2890142
mdwm0_si916 /nfs-share/xinchi/kaldi/egs/timit/s5_la4/mfcc/raw_mfcc_train.2.ark:3099230
mjeb1_sx387 /nfs-share/xinchi/kaldi/egs/timit/s5_la4/mfcc/raw_mfcc_train.3.ark:905746
mwad0_sx432 /nfs-share/xinchi/kaldi/egs/timit/s5_la4/mfcc/raw_mfcc_train.4.ark:3482610
mtxs0_sx340 /nfs-share/xinchi/kaldi/egs/timit/s5_la4/mfcc/raw_mfcc_train.4.ark:3321377
mtju0_sx130 /nfs-share/xinchi/kaldi/egs/timit/s5_la4/mfcc/raw_mfcc_train.4.ark:2755712
flod0_si1287 /nfs-share/xinchi/kaldi/egs/timit/s5_la4/mfcc/raw_mfcc_train.1.ark:2721542
fdnc0_sx288 /nfs-share/xinchi/kaldi/egs/timit/s5_la4/mfcc/raw_mfcc_train.1.ark:1047609
fcyl0_sx349 /nfs-share/xinchi/kaldi/egs/timit/s5_la4/mfcc/raw_mfcc_train.1.ark:770464
mclk0_sx40 /nfs-share/xinchi/kaldi/egs/timit/s5_la4/mfcc/raw_mfcc_train.2.ark:1736291
ftlg0_si1743 /nfs-share/xinchi/kaldi/egs/timit/s5_la4/mfcc/raw_mfcc_train.2.ark:501942
mrvg0_si1770 /nfs-share/xinchi/kaldi/egs/timit/s5_la4/mfcc/raw_mfcc_train.4.ark:1589538
msmr0_si1150 /nfs-share/xinchi/kaldi/egs/timit/s5_la4/mfcc/raw_mfcc_train.4.ark:2136984
ftbr0_si2181 /nfs-share/xinchi/kaldi/egs/timit/s5_la4/mfcc/raw_mfcc_train.2.ark:444116
mrlj1_sx321 /nfs-share/xinchi/kaldi/egs/timit/s5_la4/mfcc/raw_mfcc_train.4.ark:1132737
mrab1_sx38 /nfs-share/xinchi/kaldi/egs/timit/s5_la4/mfcc/raw_mfcc_train.4.ark:241846
fljd0_si1516 /nfs-share/xinchi/kaldi/egs/timit/s5_la4/mfcc/raw_mfcc_train.1.ark:2521416
mrpc1_sx222 /nfs-share/xinchi/kaldi/egs/timit/s5_la4/mfcc/raw_mfcc_train.4.ark:1383011
mppc0_sx422 /nfs-share/xinchi/kaldi/egs/timit/s5_la4/mfcc/raw_mfcc_train.4.ark:7917
fljd0_si2146 /nfs-share/xinchi/kaldi/egs/timit/s5_la4/mfcc/raw_mfcc_train.1.ark:2528015
mstf0_si766 /nfs-share/xinchi/kaldi/egs/timit/s5_la4/mfcc/raw_mfcc_train.4.ark:2268427
fjhk0_si1022 /nfs-share/xinchi/kaldi/egs/timit/s5_la4/mfcc/raw_mfcc_train.1.ark:1653568
madd0_si1295 /nfs-share/xinchi/kaldi/egs/timit/s5_la4/mfcc/raw_mfcc_train.2.ark:722366
mwsb0_sx366 /nfs-share/xinchi/kaldi/egs/timit/s5_la4/mfcc/raw_mfcc_train.4.ark:3727995
mdac0_sx271 /nfs-share/xinchi/kaldi/egs/timit/s5_la4/mfcc/raw_mfcc_train.2.ark:1980990
fgmb0_sx245 /nfs-share/xinchi/kaldi/egs/timit/s5_la4/mfcc/raw_mfcc_train.1.ark:1452283
flja0_sx178 /nfs-share/xinchi/kaldi/egs/timit/s5_la4/mfcc/raw_mfcc_train.1.ark:2498579
mdtb0_sx321 /nfs-share/xinchi/kaldi/egs/timit/s5_la4/mfcc/raw_mfcc_train.2.ark:3015717
mwgr0_sx76 /nfs-share/xinchi/kaldi/egs/timit/s5_la4/mfcc/raw_mfcc_train.4.ark:3641543
mrso0_si2289 /nfs-share/xinchi/kaldi/egs/timit/s5_la4/mfcc/raw_mfcc_train.4.ark:1448553
fvkb0_sx79 /nfs-share/xinchi/kaldi/egs/timit/s5_la4/mfcc/raw_mfcc_train.2.ark:626169
mmgk0_sx242 /nfs-share/xinchi/kaldi/egs/timit/s5_la4/mfcc/raw_mfcc_train.3.ark:3099495
fntb0_sx303 /nfs-share/xinchi/kaldi/egs/timit/s5_la4/mfcc/raw_mfcc_train.1.ark:3180123
mmea0_sx218 /nfs-share/xinchi/kaldi/egs/timit/s5_la4/mfcc/raw_mfcc_train.3.ark:2982228
fjlg0_sx449 /nfs-share/xinchi/kaldi/egs/timit/s5_la4/mfcc/raw_mfcc_train.1.ark:1739865
madc0_sx377 /nfs-share/xinchi/kaldi/egs/timit/s5_la4/mfcc/raw_mfcc_train.2.ark:718107
mclm0_si826 /nfs-share/xinchi/kaldi/egs/timit/s5_la4/mfcc/raw_mfcc_train.2.ark:1751414
mrtc0_sx108 /nfs-share/xinchi/kaldi/egs/timit/s5_la4/mfcc/raw_mfcc_train.4.ark:1524672
mmwb0_sx449 /nfs-share/xinchi/kaldi/egs/timit/s5_la4/mfcc/raw_mfcc_train.3.ark:3346116
msfh0_si1738 /nfs-share/xinchi/kaldi/egs/timit/s5_la4/mfcc/raw_mfcc_train.4.ark:1997600
fscn0_sx86 /nfs-share/xinchi/kaldi/egs/timit/s5_la4/mfcc/raw_mfcc_train.1.ark:3730336
mrpc1_sx312 /nfs-share/xinchi/kaldi/egs/timit/s5_la4/mfcc/raw_mfcc_train.4.ark:1386736
mjjm0_si827 /nfs-share/xinchi/kaldi/egs/timit/s5_la4/mfcc/raw_mfcc_train.3.ark:1117439
mgaf0_sx382 /nfs-share/xinchi/kaldi/egs/timit/s5_la4/mfcc/raw_mfcc_train.2.ark:3608851
fmju0_sx399 /nfs-share/xinchi/kaldi/egs/timit/s5_la4/mfcc/raw_mfcc_train.1.ark:2982679
mkls1_sx105 /nfs-share/xinchi/kaldi/egs/timit/s5_la4/mfcc/raw_mfcc_train.3.ark:2250469
mrab1_si1478 /nfs-share/xinchi/kaldi/egs/timit/s5_la4/mfcc/raw_mfcc_train.4.ark:217013
mjpg0_si561 /nfs-share/xinchi/kaldi/egs/timit/s5_la4/mfcc/raw_mfcc_train.3.ark:1362856
mges0_sx131 /nfs-share/xinchi/kaldi/egs/timit/s5_la4/mfcc/raw_mfcc_train.3.ark:71689
mrfk0_si2336 /nfs-share/xinchi/kaldi/egs/timit/s5_la4/mfcc/raw_mfcc_train.4.ark:678082
fhxs0_sx445 /nfs-share/xinchi/kaldi/egs/timit/s5_la4/mfcc/raw_mfcc_train.1.ark:1574255
mmgk0_si1952 /nfs-share/xinchi/kaldi/egs/timit/s5_la4/mfcc/raw_mfcc_train.3.ark:3092259
mdjm0_sx105 /nfs-share/xinchi/kaldi/egs/timit/s5_la4/mfcc/raw_mfcc_train.2.ark:2363514
mkdb0_sx332 /nfs-share/xinchi/kaldi/egs/timit/s5_la4/mfcc/raw_mfcc_train.3.ark:1998788
mmjb1_si2038 /nfs-share/xinchi/kaldi/egs/timit/s5_la4/mfcc/raw_mfcc_train.3.ark:3116847
mfer0_sx322 /nfs-share/xinchi/kaldi/egs/timit/s5_la4/mfcc/raw_mfcc_train.2.ark:3415690
mjma0_si865 /nfs-share/xinchi/kaldi/egs/timit/s5_la4/mfcc/raw_mfcc_train.3.ark:1275415
mtwh1_sx162 /nfs-share/xinchi/kaldi/egs/timit/s5_la4/mfcc/raw_mfcc_train.4.ark:3279133
mwem0_sx60 /nfs-share/xinchi/kaldi/egs/timit/s5_la4/mfcc/raw_mfcc_train.4.ark:3609428
mhmg0_sx15 /nfs-share/xinchi/kaldi/egs/timit/s5_la4/mfcc/raw_mfcc_train.3.ark:403670
maeb0_si990 /nfs-share/xinchi/kaldi/egs/timit/s5_la4/mfcc/raw_mfcc_train.2.ark:762920
mtlc0_sx397 /nfs-share/xinchi/kaldi/egs/timit/s5_la4/mfcc/raw_mfcc_train.4.ark:2902815
mtpp0_sx338 /nfs-share/xinchi/kaldi/egs/timit/s5_la4/mfcc/raw_mfcc_train.4.ark:3086458
mcth0_sx39 /nfs-share/xinchi/kaldi/egs/timit/s5_la4/mfcc/raw_mfcc_train.2.ark:1891392
mprb0_sx215 /nfs-share/xinchi/kaldi/egs/timit/s5_la4/mfcc/raw_mfcc_train.4.ark:36378
fgrw0_si1990 /nfs-share/xinchi/kaldi/egs/timit/s5_la4/mfcc/raw_mfcc_train.1.ark:1481824
mjkr0_si1201 /nfs-share/xinchi/kaldi/egs/timit/s5_la4/mfcc/raw_mfcc_train.3.ark:1138931
fmah1_si2139 /nfs-share/xinchi/kaldi/egs/timit/s5_la4/mfcc/raw_mfcc_train.1.ark:2788824
mwdk0_si1436 /nfs-share/xinchi/kaldi/egs/timit/s5_la4/mfcc/raw_mfcc_train.4.ark:3547727
mwar0_si1045 /nfs-share/xinchi/kaldi/egs/timit/s5_la4/mfcc/raw_mfcc_train.4.ark:3489085
fetb0_sx158 /nfs-share/xinchi/kaldi/egs/timit/s5_la4/mfcc/raw_mfcc_train.1.ark:1307526
mmwb0_sx269 /nfs-share/xinchi/kaldi/egs/timit/s5_la4/mfcc/raw_mfcc_train.3.ark:3335910
mejl0_sx62 /nfs-share/xinchi/kaldi/egs/timit/s5_la4/mfcc/raw_mfcc_train.2.ark:3273967
mrso0_sx129 /nfs-share/xinchi/kaldi/egs/timit/s5_la4/mfcc/raw_mfcc_train.4.ark:1452447
mmea0_si758 /nfs-share/xinchi/kaldi/egs/timit/s5_la4/mfcc/raw_mfcc_train.3.ark:2974180
mwgr0_si976 /nfs-share/xinchi/kaldi/egs/timit/s5_la4/mfcc/raw_mfcc_train.4.ark:3620865
fltm0_si2330 /nfs-share/xinchi/kaldi/egs/timit/s5_la4/mfcc/raw_mfcc_train.1.ark:2757483
mtpp0_sx68 /nfs-share/xinchi/kaldi/egs/timit/s5_la4/mfcc/raw_mfcc_train.4.ark:3094817
mjeb0_sx170 /nfs-share/xinchi/kaldi/egs/timit/s5_la4/mfcc/raw_mfcc_train.3.ark:855430
fmpg0_si1602 /nfs-share/xinchi/kaldi/egs/timit/s5_la4/mfcc/raw_mfcc_train.1.ark:3086166
fvkb0_si1159 /nfs-share/xinchi/kaldi/egs/timit/s5_la4/mfcc/raw_mfcc_train.2.ark:596714
mafm0_sx129 /nfs-share/xinchi/kaldi/egs/timit/s5_la4/mfcc/raw_mfcc_train.2.ark:825715
mcre0_si1121 /nfs-share/xinchi/kaldi/egs/timit/s5_la4/mfcc/raw_mfcc_train.2.ark:1801615
fscn0_sx176 /nfs-share/xinchi/kaldi/egs/timit/s5_la4/mfcc/raw_mfcc_train.1.ark:3710185
mrjm0_si1095 /nfs-share/xinchi/kaldi/egs/timit/s5_la4/mfcc/raw_mfcc_train.4.ark:917313
flmk0_sx315 /nfs-share/xinchi/kaldi/egs/timit/s5_la4/mfcc/raw_mfcc_train.1.ark:2710406
fgrw0_si1782 /nfs-share/xinchi/kaldi/egs/timit/s5_la4/mfcc/raw_mfcc_train.1.ark:1476954
mkes0_sx173 /nfs-share/xinchi/kaldi/egs/timit/s5_la4/mfcc/raw_mfcc_train.3.ark:2092674
mmaa0_sx395 /nfs-share/xinchi/kaldi/egs/timit/s5_la4/mfcc/raw_mfcc_train.3.ark:2600884
mhxl0_si1772 /nfs-share/xinchi/kaldi/egs/timit/s5_la4/mfcc/raw_mfcc_train.3.ark:481241
mmjb1_sx328 /nfs-share/xinchi/kaldi/egs/timit/s5_la4/mfcc/raw_mfcc_train.3.ark:3132631
mhrm0_si958 /nfs-share/xinchi/kaldi/egs/timit/s5_la4/mfcc/raw_mfcc_train.3.ark:456564
fcjs0_si2237 /nfs-share/xinchi/kaldi/egs/timit/s5_la4/mfcc/raw_mfcc_train.1.ark:565161
mbsb0_sx3 /nfs-share/xinchi/kaldi/egs/timit/s5_la4/mfcc/raw_mfcc_train.2.ark:1360987
mcss0_sx30 /nfs-share/xinchi/kaldi/egs/timit/s5_la4/mfcc/raw_mfcc_train.2.ark:1857138
mjfr0_si975 /nfs-share/xinchi/kaldi/egs/timit/s5_la4/mfcc/raw_mfcc_train.3.ark:976525
fklc0_sx175 /nfs-share/xinchi/kaldi/egs/timit/s5_la4/mfcc/raw_mfcc_train.1.ark:2206082
fvmh0_si2096 /nfs-share/xinchi/kaldi/egs/timit/s5_la4/mfcc/raw_mfcc_train.2.ark:635480
ftaj0_sx429 /nfs-share/xinchi/kaldi/egs/timit/s5_la4/mfcc/raw_mfcc_train.2.ark:431783
fpaz0_si1593 /nfs-share/xinchi/kaldi/egs/timit/s5_la4/mfcc/raw_mfcc_train.1.ark:3331173
mrjm1_sx38 /nfs-share/xinchi/kaldi/egs/timit/s5_la4/mfcc/raw_mfcc_train.4.ark:975393
fljg0_si1611 /nfs-share/xinchi/kaldi/egs/timit/s5_la4/mfcc/raw_mfcc_train.1.ark:2553648
msat1_sx83 /nfs-share/xinchi/kaldi/egs/timit/s5_la4/mfcc/raw_mfcc_train.4.ark:1823447
mtat0_sx390 /nfs-share/xinchi/kaldi/egs/timit/s5_la4/mfcc/raw_mfcc_train.4.ark:2431313
mdcd0_si2045 /nfs-share/xinchi/kaldi/egs/timit/s5_la4/mfcc/raw_mfcc_train.2.ark:2094048
mwad0_si1062 /nfs-share/xinchi/kaldi/egs/timit/s5_la4/mfcc/raw_mfcc_train.4.ark:3464288
mjra0_sx336 /nfs-share/xinchi/kaldi/egs/timit/s5_la4/mfcc/raw_mfcc_train.3.ark:1467087
mljh0_sx64 /nfs-share/xinchi/kaldi/egs/timit/s5_la4/mfcc/raw_mfcc_train.3.ark:2502576
mbom0_si2274 /nfs-share/xinchi/kaldi/egs/timit/s5_la4/mfcc/raw_mfcc_train.2.ark:1323717
fbas0_sx127 /nfs-share/xinchi/kaldi/egs/timit/s5_la4/mfcc/raw_mfcc_train.1.ark:191014
mdef0_sx123 /nfs-share/xinchi/kaldi/egs/timit/s5_la4/mfcc/raw_mfcc_train.2.ark:2231792
fbcg1_si2242 /nfs-share/xinchi/kaldi/egs/timit/s5_la4/mfcc/raw_mfcc_train.1.ark:209179
mrjb1_sx210 /nfs-share/xinchi/kaldi/egs/timit/s5_la4/mfcc/raw_mfcc_train.4.ark:863981
faem0_sx312 /nfs-share/xinchi/kaldi/egs/timit/s5_la4/mfcc/raw_mfcc_train.1.ark:20537
fkaa0_sx218 /nfs-share/xinchi/kaldi/egs/timit/s5_la4/mfcc/raw_mfcc_train.1.ark:2033644
mmar0_sx346 /nfs-share/xinchi/kaldi/egs/timit/s5_la4/mfcc/raw_mfcc_train.3.ark:2730255
mmvp0_sx294 /nfs-share/xinchi/kaldi/egs/timit/s5_la4/mfcc/raw_mfcc_train.3.ark:3299992
mjee0_si1237 /nfs-share/xinchi/kaldi/egs/timit/s5_la4/mfcc/raw_mfcc_train.3.ark:910564
mprt0_sx220 /nfs-share/xinchi/kaldi/egs/timit/s5_la4/mfcc/raw_mfcc_train.4.ark:143889
mprk0_si467 /nfs-share/xinchi/kaldi/egs/timit/s5_la4/mfcc/raw_mfcc_train.4.ark:102011
mdas0_sx276 /nfs-share/xinchi/kaldi/egs/timit/s5_la4/mfcc/raw_mfcc_train.2.ark:2015490
mcew0_sx182 /nfs-share/xinchi/kaldi/egs/timit/s5_la4/mfcc/raw_mfcc_train.2.ark:1653138
marc0_sx18 /nfs-share/xinchi/kaldi/egs/timit/s5_la4/mfcc/raw_mfcc_train.2.ark:990614
fkde0_sx241 /nfs-share/xinchi/kaldi/egs/timit/s5_la4/mfcc/raw_mfcc_train.1.ark:2072247
mrms0_si2100 /nfs-share/xinchi/kaldi/egs/timit/s5_la4/mfcc/raw_mfcc_train.4.ark:1351804
mwdk0_si2017 /nfs-share/xinchi/kaldi/egs/timit/s5_la4/mfcc/raw_mfcc_train.4.ark:3553169
mtmt0_sx398 /nfs-share/xinchi/kaldi/egs/timit/s5_la4/mfcc/raw_mfcc_train.4.ark:3003815
mtrr0_sx108 /nfs-share/xinchi/kaldi/egs/timit/s5_la4/mfcc/raw_mfcc_train.4.ark:3218101
mmgk0_sx152 /nfs-share/xinchi/kaldi/egs/timit/s5_la4/mfcc/raw_mfcc_train.3.ark:3096641
mrjb1_si2021 /nfs-share/xinchi/kaldi/egs/timit/s5_la4/mfcc/raw_mfcc_train.4.ark:852293
fcjs0_sx77 /nfs-share/xinchi/kaldi/egs/timit/s5_la4/mfcc/raw_mfcc_train.1.ark:589083
mrcw0_sx201 /nfs-share/xinchi/kaldi/egs/timit/s5_la4/mfcc/raw_mfcc_train.4.ark:433732
mrab1_si848 /nfs-share/xinchi/kaldi/egs/timit/s5_la4/mfcc/raw_mfcc_train.4.ark:224646
mjls0_sx286 /nfs-share/xinchi/kaldi/egs/timit/s5_la4/mfcc/raw_mfcc_train.3.ark:1256327
mrgm0_sx416 /nfs-share/xinchi/kaldi/egs/timit/s5_la4/mfcc/raw_mfcc_train.4.ark:760234
ftaj0_sx159 /nfs-share/xinchi/kaldi/egs/timit/s5_la4/mfcc/raw_mfcc_train.2.ark:422753
mrlj0_sx70 /nfs-share/xinchi/kaldi/egs/timit/s5_la4/mfcc/raw_mfcc_train.4.ark:1114115
fklc0_sx265 /nfs-share/xinchi/kaldi/egs/timit/s5_la4/mfcc/raw_mfcc_train.1.ark:2212719
mrfk0_sx86 /nfs-share/xinchi/kaldi/egs/timit/s5_la4/mfcc/raw_mfcc_train.4.ark:695848
mrhl0_si1515 /nfs-share/xinchi/kaldi/egs/timit/s5_la4/mfcc/raw_mfcc_train.4.ark:811088
fcdr1_si556 /nfs-share/xinchi/kaldi/egs/timit/s5_la4/mfcc/raw_mfcc_train.1.ark:482135
mcxm0_sx91 /nfs-share/xinchi/kaldi/egs/timit/s5_la4/mfcc/raw_mfcc_train.2.ark:1958801
fsak0_sx310 /nfs-share/xinchi/kaldi/egs/timit/s5_la4/mfcc/raw_mfcc_train.1.ark:3647464
mdlc0_si2025 /nfs-share/xinchi/kaldi/egs/timit/s5_la4/mfcc/raw_mfcc_train.2.ark:2458897
fntb0_si679 /nfs-share/xinchi/kaldi/egs/timit/s5_la4/mfcc/raw_mfcc_train.1.ark:3166114
mgag0_sx61 /nfs-share/xinchi/kaldi/egs/timit/s5_la4/mfcc/raw_mfcc_train.2.ark:3638274
mmdg0_si2035 /nfs-share/xinchi/kaldi/egs/timit/s5_la4/mfcc/raw_mfcc_train.3.ark:2847728
mcdr0_sx164 /nfs-share/xinchi/kaldi/egs/timit/s5_la4/mfcc/raw_mfcc_train.2.ark:1587491
maeb0_sx180 /nfs-share/xinchi/kaldi/egs/timit/s5_la4/mfcc/raw_mfcc_train.2.ark:767295
fjdm2_si2212 /nfs-share/xinchi/kaldi/egs/timit/s5_la4/mfcc/raw_mfcc_train.1.ark:1589287
mkjo0_sx257 /nfs-share/xinchi/kaldi/egs/timit/s5_la4/mfcc/raw_mfcc_train.3.ark:2127812
mrmh0_si2281 /nfs-share/xinchi/kaldi/egs/timit/s5_la4/mfcc/raw_mfcc_train.4.ark:1279877
mlsh0_sx157 /nfs-share/xinchi/kaldi/egs/timit/s5_la4/mfcc/raw_mfcc_train.3.ark:2549268
fgcs0_sx136 /nfs-share/xinchi/kaldi/egs/timit/s5_la4/mfcc/raw_mfcc_train.1.ark:1375163
mjrh1_si514 /nfs-share/xinchi/kaldi/egs/timit/s5_la4/mfcc/raw_mfcc_train.3.ark:1555170
mjjm0_sx107 /nfs-share/xinchi/kaldi/egs/timit/s5_la4/mfcc/raw_mfcc_train.3.ark:1121723
mjde0_sx40 /nfs-share/xinchi/kaldi/egs/timit/s5_la4/mfcc/raw_mfcc_train.3.ark:767320
mjjm0_sx287 /nfs-share/xinchi/kaldi/egs/timit/s5_la4/mfcc/raw_mfcc_train.3.ark:1130934
fexm0_sx111 /nfs-share/xinchi/kaldi/egs/timit/s5_la4/mfcc/raw_mfcc_train.1.ark:1341058
mfmc0_sx52 /nfs-share/xinchi/kaldi/egs/timit/s5_la4/mfcc/raw_mfcc_train.2.ark:3455085
mwem0_si1950 /nfs-share/xinchi/kaldi/egs/timit/s5_la4/mfcc/raw_mfcc_train.4.ark:3587398
fcke0_si481 /nfs-share/xinchi/kaldi/egs/timit/s5_la4/mfcc/raw_mfcc_train.1.ark:600572
mmsm0_sx386 /nfs-share/xinchi/kaldi/egs/timit/s5_la4/mfcc/raw_mfcc_train.3.ark:3271491
mddc0_si1419 /nfs-share/xinchi/kaldi/egs/timit/s5_la4/mfcc/raw_mfcc_train.2.ark:2154344
msas0_si746 /nfs-share/xinchi/kaldi/egs/timit/s5_la4/mfcc/raw_mfcc_train.4.ark:1745415
mjeb0_si656 /nfs-share/xinchi/kaldi/egs/timit/s5_la4/mfcc/raw_mfcc_train.3.ark:852186
mkjo0_sx77 /nfs-share/xinchi/kaldi/egs/timit/s5_la4/mfcc/raw_mfcc_train.3.ark:2139025
fmjf0_si1884 /nfs-share/xinchi/kaldi/egs/timit/s5_la4/mfcc/raw_mfcc_train.1.ark:2920935
mrre0_sx254 /nfs-share/xinchi/kaldi/egs/timit/s5_la4/mfcc/raw_mfcc_train.4.ark:1421053
fdjh0_si1565 /nfs-share/xinchi/kaldi/egs/timit/s5_la4/mfcc/raw_mfcc_train.1.ark:880027
mrmb0_si1581 /nfs-share/xinchi/kaldi/egs/timit/s5_la4/mfcc/raw_mfcc_train.4.ark:1207011
mpgr1_sx149 /nfs-share/xinchi/kaldi/egs/timit/s5_la4/mfcc/raw_mfcc_train.3.ark:3668794
mapv0_si1293 /nfs-share/xinchi/kaldi/egs/timit/s5_la4/mfcc/raw_mfcc_train.2.ark:942819
marw0_sx16 /nfs-share/xinchi/kaldi/egs/timit/s5_la4/mfcc/raw_mfcc_train.2.ark:1017971
mrlr0_sx296 /nfs-share/xinchi/kaldi/egs/timit/s5_la4/mfcc/raw_mfcc_train.4.ark:1200756
mdlc0_sx315 /nfs-share/xinchi/kaldi/egs/timit/s5_la4/mfcc/raw_mfcc_train.2.ark:2475032
mctm0_sx450 /nfs-share/xinchi/kaldi/egs/timit/s5_la4/mfcc/raw_mfcc_train.2.ark:1923495
mjfh0_sx207 /nfs-share/xinchi/kaldi/egs/timit/s5_la4/mfcc/raw_mfcc_train.3.ark:957606
mjlg1_si1642 /nfs-share/xinchi/kaldi/egs/timit/s5_la4/mfcc/raw_mfcc_train.3.ark:1205704
mdss1_sx337 /nfs-share/xinchi/kaldi/egs/timit/s5_la4/mfcc/raw_mfcc_train.2.ark:2985623
mjac0_sx341 /nfs-share/xinchi/kaldi/egs/timit/s5_la4/mfcc/raw_mfcc_train.3.ark:564639
fdtd0_sx121 /nfs-share/xinchi/kaldi/egs/timit/s5_la4/mfcc/raw_mfcc_train.1.ark:1069668
fmah1_sx249 /nfs-share/xinchi/kaldi/egs/timit/s5_la4/mfcc/raw_mfcc_train.1.ark:2801910
msas0_sx206 /nfs-share/xinchi/kaldi/egs/timit/s5_la4/mfcc/raw_mfcc_train.4.ark:1754672
mjrk0_sx250 /nfs-share/xinchi/kaldi/egs/timit/s5_la4/mfcc/raw_mfcc_train.3.ark:1592616
mpar0_si946 /nfs-share/xinchi/kaldi/egs/timit/s5_la4/mfcc/raw_mfcc_train.3.ark:3515076
fkdw0_si577 /nfs-share/xinchi/kaldi/egs/timit/s5_la4/mfcc/raw_mfcc_train.1.ark:2102164
mgaf0_si1282 /nfs-share/xinchi/kaldi/egs/timit/s5_la4/mfcc/raw_mfcc_train.2.ark:3583777
flma0_sx433 /nfs-share/xinchi/kaldi/egs/timit/s5_la4/mfcc/raw_mfcc_train.1.ark:2649783
fsdc0_si1942 /nfs-share/xinchi/kaldi/egs/timit/s5_la4/mfcc/raw_mfcc_train.1.ark:3739465
mprd0_si801 /nfs-share/xinchi/kaldi/egs/timit/s5_la4/mfcc/raw_mfcc_train.4.ark:61667
mlel0_sx436 /nfs-share/xinchi/kaldi/egs/timit/s5_la4/mfcc/raw_mfcc_train.3.ark:2423663
mabc0_si2041 /nfs-share/xinchi/kaldi/egs/timit/s5_la4/mfcc/raw_mfcc_train.2.ark:662161
mdps0_sx449 /nfs-share/xinchi/kaldi/egs/timit/s5_la4/mfcc/raw_mfcc_train.2.ark:2863293
mjpg0_sx201 /nfs-share/xinchi/kaldi/egs/timit/s5_la4/mfcc/raw_mfcc_train.3.ark:1370618
mtxs0_si2320 /nfs-share/xinchi/kaldi/egs/timit/s5_la4/mfcc/raw_mfcc_train.4.ark:3305392
fsbk0_si1699 /nfs-share/xinchi/kaldi/egs/timit/s5_la4/mfcc/raw_mfcc_train.1.ark:3664510
msrg0_sx321 /nfs-share/xinchi/kaldi/egs/timit/s5_la4/mfcc/raw_mfcc_train.4.ark:2219775
mgrp0_sx417 /nfs-share/xinchi/kaldi/egs/timit/s5_la4/mfcc/raw_mfcc_train.3.ark:185151
mrmb0_sx141 /nfs-share/xinchi/kaldi/egs/timit/s5_la4/mfcc/raw_mfcc_train.4.ark:1219071
flmc0_si2002 /nfs-share/xinchi/kaldi/egs/timit/s5_la4/mfcc/raw_mfcc_train.1.ark:2662727
mjae0_sx84 /nfs-share/xinchi/kaldi/egs/timit/s5_la4/mfcc/raw_mfcc_train.3.ark:605166
fbmh0_sx236 /nfs-share/xinchi/kaldi/egs/timit/s5_la4/mfcc/raw_mfcc_train.1.ark:360956
mgxp0_sx367 /nfs-share/xinchi/kaldi/egs/timit/s5_la4/mfcc/raw_mfcc_train.3.ark:287283
mbma0_sx232 /nfs-share/xinchi/kaldi/egs/timit/s5_la4/mfcc/raw_mfcc_train.2.ark:1236329
ftaj0_sx339 /nfs-share/xinchi/kaldi/egs/timit/s5_la4/mfcc/raw_mfcc_train.2.ark:429072
mklw0_sx41 /nfs-share/xinchi/kaldi/egs/timit/s5_la4/mfcc/raw_mfcc_train.3.ark:2297419
makr0_sx92 /nfs-share/xinchi/kaldi/egs/timit/s5_la4/mfcc/raw_mfcc_train.2.ark:939938
mram0_si1905 /nfs-share/xinchi/kaldi/egs/timit/s5_la4/mfcc/raw_mfcc_train.4.ark:289675
mprk0_sx197 /nfs-share/xinchi/kaldi/egs/timit/s5_la4/mfcc/raw_mfcc_train.4.ark:116032
mwem0_sx150 /nfs-share/xinchi/kaldi/egs/timit/s5_la4/mfcc/raw_mfcc_train.4.ark:3590356
mjlg1_sx202 /nfs-share/xinchi/kaldi/egs/timit/s5_la4/mfcc/raw_mfcc_train.3.ark:1218609
mgrp0_sx327 /nfs-share/xinchi/kaldi/egs/timit/s5_la4/mfcc/raw_mfcc_train.3.ark:178904
fhlm0_si930 /nfs-share/xinchi/kaldi/egs/timit/s5_la4/mfcc/raw_mfcc_train.1.ark:1513796
mjxl0_si1172 /nfs-share/xinchi/kaldi/egs/timit/s5_la4/mfcc/raw_mfcc_train.3.ark:1815961
fdkn0_sx91 /nfs-share/xinchi/kaldi/egs/timit/s5_la4/mfcc/raw_mfcc_train.1.ark:943808
mdpb0_sx56 /nfs-share/xinchi/kaldi/egs/timit/s5_la4/mfcc/raw_mfcc_train.2.ark:2808507
mkxl0_si1185 /nfs-share/xinchi/kaldi/egs/timit/s5_la4/mfcc/raw_mfcc_train.3.ark:2332583
mjmd0_sx218 /nfs-share/xinchi/kaldi/egs/timit/s5_la4/mfcc/raw_mfcc_train.3.ark:1309508
mdef0_si1563 /nfs-share/xinchi/kaldi/egs/timit/s5_la4/mfcc/raw_mfcc_train.2.ark:2224900
frjb0_sx437 /nfs-share/xinchi/kaldi/egs/timit/s5_la4/mfcc/raw_mfcc_train.1.ark:3513747
faem0_si762 /nfs-share/xinchi/kaldi/egs/timit/s5_la4/mfcc/raw_mfcc_train.1.ark:9349
mlsh0_sx247 /nfs-share/xinchi/kaldi/egs/timit/s5_la4/mfcc/raw_mfcc_train.3.ark:2552694
mjjj0_si1163 /nfs-share/xinchi/kaldi/egs/timit/s5_la4/mfcc/raw_mfcc_train.3.ark:1069462
msdb0_si1007 /nfs-share/xinchi/kaldi/egs/timit/s5_la4/mfcc/raw_mfcc_train.4.ark:1827095
mreh1_sx339 /nfs-share/xinchi/kaldi/egs/timit/s5_la4/mfcc/raw_mfcc_train.4.ark:594498
fjxp0_sx42 /nfs-share/xinchi/kaldi/egs/timit/s5_la4/mfcc/raw_mfcc_train.1.ark:2014510
faem0_sx222 /nfs-share/xinchi/kaldi/egs/timit/s5_la4/mfcc/raw_mfcc_train.1.ark:16916
fssb0_si1082 /nfs-share/xinchi/kaldi/egs/timit/s5_la4/mfcc/raw_mfcc_train.2.ark:377434
mvjh0_sx386 /nfs-share/xinchi/kaldi/egs/timit/s5_la4/mfcc/raw_mfcc_train.4.ark:3362371
fklh0_si1257 /nfs-share/xinchi/kaldi/egs/timit/s5_la4/mfcc/raw_mfcc_train.1.ark:2260931
mklr0_si2319 /nfs-share/xinchi/kaldi/egs/timit/s5_la4/mfcc/raw_mfcc_train.3.ark:2181434
fssb0_sx452 /nfs-share/xinchi/kaldi/egs/timit/s5_la4/mfcc/raw_mfcc_train.2.ark:403218
frjb0_sx77 /nfs-share/xinchi/kaldi/egs/timit/s5_la4/mfcc/raw_mfcc_train.1.ark:3518784
mlns0_sx57 /nfs-share/xinchi/kaldi/egs/timit/s5_la4/mfcc/raw_mfcc_train.3.ark:2532936
fcrz0_si2053 /nfs-share/xinchi/kaldi/egs/timit/s5_la4/mfcc/raw_mfcc_train.1.ark:724723
madd0_sx178 /nfs-share/xinchi/kaldi/egs/timit/s5_la4/mfcc/raw_mfcc_train.2.ark:733373
fjxm0_si1211 /nfs-share/xinchi/kaldi/egs/timit/s5_la4/mfcc/raw_mfcc_train.1.ark:1950574
mrdd0_sx150 /nfs-share/xinchi/kaldi/egs/timit/s5_la4/mfcc/raw_mfcc_train.4.ark:458470
fmem0_sx207 /nfs-share/xinchi/kaldi/egs/timit/s5_la4/mfcc/raw_mfcc_train.1.ark:2866568
mges0_sx311 /nfs-share/xinchi/kaldi/egs/timit/s5_la4/mfcc/raw_mfcc_train.3.ark:77345
ftmg0_si902 /nfs-share/xinchi/kaldi/egs/timit/s5_la4/mfcc/raw_mfcc_train.2.ark:541923
mejs0_sx430 /nfs-share/xinchi/kaldi/egs/timit/s5_la4/mfcc/raw_mfcc_train.2.ark:3302735
fpmy0_sx343 /nfs-share/xinchi/kaldi/egs/timit/s5_la4/mfcc/raw_mfcc_train.1.ark:3455184
mtrt0_sx237 /nfs-share/xinchi/kaldi/egs/timit/s5_la4/mfcc/raw_mfcc_train.4.ark:3256320
mjmd0_si2288 /nfs-share/xinchi/kaldi/egs/timit/s5_la4/mfcc/raw_mfcc_train.3.ark:1300485
fskp0_sx288 /nfs-share/xinchi/kaldi/egs/timit/s5_la4/mfcc/raw_mfcc_train.2.ark:168504
mrgs0_sx96 /nfs-share/xinchi/kaldi/egs/timit/s5_la4/mfcc/raw_mfcc_train.4.ark:807245
mmaa0_si845 /nfs-share/xinchi/kaldi/egs/timit/s5_la4/mfcc/raw_mfcc_train.3.ark:2579751
fsag0_sx333 /nfs-share/xinchi/kaldi/egs/timit/s5_la4/mfcc/raw_mfcc_train.1.ark:3575759
mapv0_si663 /nfs-share/xinchi/kaldi/egs/timit/s5_la4/mfcc/raw_mfcc_train.2.ark:952935
mmds0_si713 /nfs-share/xinchi/kaldi/egs/timit/s5_la4/mfcc/raw_mfcc_train.3.ark:2948890
fsbk0_si1069 /nfs-share/xinchi/kaldi/egs/timit/s5_la4/mfcc/raw_mfcc_train.1.ark:3659393
mrab1_si2108 /nfs-share/xinchi/kaldi/egs/timit/s5_la4/mfcc/raw_mfcc_train.4.ark:221038
mmrp0_sx234 /nfs-share/xinchi/kaldi/egs/timit/s5_la4/mfcc/raw_mfcc_train.3.ark:3221273
mkah0_sx358 /nfs-share/xinchi/kaldi/egs/timit/s5_la4/mfcc/raw_mfcc_train.3.ark:1905030
mkxl0_sx375 /nfs-share/xinchi/kaldi/egs/timit/s5_la4/mfcc/raw_mfcc_train.3.ark:2359881
mrdd0_sx330 /nfs-share/xinchi/kaldi/egs/timit/s5_la4/mfcc/raw_mfcc_train.4.ark:467981
msat0_sx266 /nfs-share/xinchi/kaldi/egs/timit/s5_la4/mfcc/raw_mfcc_train.4.ark:1783758
fsls0_si1686 /nfs-share/xinchi/kaldi/egs/timit/s5_la4/mfcc/raw_mfcc_train.2.ark:180188
fpab1_sx121 /nfs-share/xinchi/kaldi/egs/timit/s5_la4/mfcc/raw_mfcc_train.1.ark:3207271
mjkr0_si571 /nfs-share/xinchi/kaldi/egs/timit/s5_la4/mfcc/raw_mfcc_train.3.ark:1148319
msas0_si1376 /nfs-share/xinchi/kaldi/egs/timit/s5_la4/mfcc/raw_mfcc_train.4.ark:1733518
mrfk0_si1076 /nfs-share/xinchi/kaldi/egs/timit/s5_la4/mfcc/raw_mfcc_train.4.ark:670175
mkag0_sx30 /nfs-share/xinchi/kaldi/egs/timit/s5_la4/mfcc/raw_mfcc_train.3.ark:1872772
mjdg0_sx142 /nfs-share/xinchi/kaldi/egs/timit/s5_la4/mfcc/raw_mfcc_train.3.ark:789120
mmlm0_sx267 /nfs-share/xinchi/kaldi/egs/timit/s5_la4/mfcc/raw_mfcc_train.3.ark:3159916
mpmb0_sx421 /nfs-share/xinchi/kaldi/egs/timit/s5_la4/mfcc/raw_mfcc_train.3.ark:3729140
mzmb0_sx266 /nfs-share/xinchi/kaldi/egs/timit/s5_la4/mfcc/raw_mfcc_train.4.ark:3794465
mdns0_si2271 /nfs-share/xinchi/kaldi/egs/timit/s5_la4/mfcc/raw_mfcc_train.2.ark:2752587
mtpr0_sx340 /nfs-share/xinchi/kaldi/egs/timit/s5_la4/mfcc/raw_mfcc_train.4.ark:3121992
fjlr0_sx151 /nfs-share/xinchi/kaldi/egs/timit/s5_la4/mfcc/raw_mfcc_train.1.ark:1760467
mmvp0_sx114 /nfs-share/xinchi/kaldi/egs/timit/s5_la4/mfcc/raw_mfcc_train.3.ark:3291931
mprd0_sx351 /nfs-share/xinchi/kaldi/egs/timit/s5_la4/mfcc/raw_mfcc_train.4.ark:78289
mmws0_sx258 /nfs-share/xinchi/kaldi/egs/timit/s5_la4/mfcc/raw_mfcc_train.3.ark:3370858
mjjb0_sx239 /nfs-share/xinchi/kaldi/egs/timit/s5_la4/mfcc/raw_mfcc_train.3.ark:1053132
mbth0_sx32 /nfs-share/xinchi/kaldi/egs/timit/s5_la4/mfcc/raw_mfcc_train.2.ark:1394940
mjra0_sx246 /nfs-share/xinchi/kaldi/egs/timit/s5_la4/mfcc/raw_mfcc_train.3.ark:1463908
mwrp0_si1525 /nfs-share/xinchi/kaldi/egs/timit/s5_la4/mfcc/raw_mfcc_train.4.ark:3683932
feme0_si1505 /nfs-share/xinchi/kaldi/egs/timit/s5_la4/mfcc/raw_mfcc_train.1.ark:1259191
fsls0_si1056 /nfs-share/xinchi/kaldi/egs/timit/s5_la4/mfcc/raw_mfcc_train.2.ark:176111
flma0_si1873 /nfs-share/xinchi/kaldi/egs/timit/s5_la4/mfcc/raw_mfcc_train.1.ark:2631470
fsms1_sx244 /nfs-share/xinchi/kaldi/egs/timit/s5_la4/mfcc/raw_mfcc_train.2.ark:294040
mjac0_si2148 /nfs-share/xinchi/kaldi/egs/timit/s5_la4/mfcc/raw_mfcc_train.3.ark:548153
fjrb0_sx222 /nfs-share/xinchi/kaldi/egs/timit/s5_la4/mfcc/raw_mfcc_train.1.ark:1794812
mcdc0_sx302 /nfs-share/xinchi/kaldi/egs/timit/s5_la4/mfcc/raw_mfcc_train.2.ark:1529229
mmdg0_sx250 /nfs-share/xinchi/kaldi/egs/timit/s5_la4/mfcc/raw_mfcc_train.3.ark:2860177
fcjf0_si1657 /nfs-share/xinchi/kaldi/egs/timit/s5_la4/mfcc/raw_mfcc_train.1.ark:541314
msvs0_sx398 /nfs-share/xinchi/kaldi/egs/timit/s5_la4/mfcc/raw_mfcc_train.4.ark:2333460
msmr0_sx325 /nfs-share/xinchi/kaldi/egs/timit/s5_la4/mfcc/raw_mfcc_train.4.ark:2158769
mmab1_sx324 /nfs-share/xinchi/kaldi/egs/timit/s5_la4/mfcc/raw_mfcc_train.3.ark:2624666
mdma0_si1430 /nfs-share/xinchi/kaldi/egs/timit/s5_la4/mfcc/raw_mfcc_train.2.ark:2680790
fdmy0_si567 /nfs-share/xinchi/kaldi/egs/timit/s5_la4/mfcc/raw_mfcc_train.1.ark:980801
fjrb0_sx42 /nfs-share/xinchi/kaldi/egs/timit/s5_la4/mfcc/raw_mfcc_train.1.ark:1810211
mbma0_sx412 /nfs-share/xinchi/kaldi/egs/timit/s5_la4/mfcc/raw_mfcc_train.2.ark:1244273
mfwk0_si1879 /nfs-share/xinchi/kaldi/egs/timit/s5_la4/mfcc/raw_mfcc_train.2.ark:3493678
mjbg0_sx242 /nfs-share/xinchi/kaldi/egs/timit/s5_la4/mfcc/raw_mfcc_train.3.ark:657559
mdss1_sx157 /nfs-share/xinchi/kaldi/egs/timit/s5_la4/mfcc/raw_mfcc_train.2.ark:2978043
fklc0_si2245 /nfs-share/xinchi/kaldi/egs/timit/s5_la4/mfcc/raw_mfcc_train.1.ark:2196656
mwad0_sx72 /nfs-share/xinchi/kaldi/egs/timit/s5_la4/mfcc/raw_mfcc_train.4.ark:3487114
mabc0_sx421 /nfs-share/xinchi/kaldi/egs/timit/s5_la4/mfcc/raw_mfcc_train.2.ark:680994
mwar0_sx145 /nfs-share/xinchi/kaldi/egs/timit/s5_la4/mfcc/raw_mfcc_train.4.ark:3502199
fhlm0_si2190 /nfs-share/xinchi/kaldi/egs/timit/s5_la4/mfcc/raw_mfcc_train.1.ark:1509889
fcdr1_sx196 /nfs-share/xinchi/kaldi/egs/timit/s5_la4/mfcc/raw_mfcc_train.1.ark:496559
fcrz0_si793 /nfs-share/xinchi/kaldi/egs/timit/s5_la4/mfcc/raw_mfcc_train.1.ark:728123
mdhs0_si1530 /nfs-share/xinchi/kaldi/egs/timit/s5_la4/mfcc/raw_mfcc_train.2.ark:2319742
mrhl0_sx165 /nfs-share/xinchi/kaldi/egs/timit/s5_la4/mfcc/raw_mfcc_train.4.ark:822121
mpsw0_si2327 /nfs-share/xinchi/kaldi/egs/timit/s5_la4/mfcc/raw_mfcc_train.4.ark:165097
fjrp1_si2062 /nfs-share/xinchi/kaldi/egs/timit/s5_la4/mfcc/raw_mfcc_train.1.ark:1822109
mrfl0_si526 /nfs-share/xinchi/kaldi/egs/timit/s5_la4/mfcc/raw_mfcc_train.4.ark:707935
mbar0_sx149 /nfs-share/xinchi/kaldi/egs/timit/s5_la4/mfcc/raw_mfcc_train.2.ark:1049586
msdh0_sx260 /nfs-share/xinchi/kaldi/egs/timit/s5_la4/mfcc/raw_mfcc_train.4.ark:1866130
mjfr0_sx435 /nfs-share/xinchi/kaldi/egs/timit/s5_la4/mfcc/raw_mfcc_train.3.ark:994545
mjws0_sx153 /nfs-share/xinchi/kaldi/egs/timit/s5_la4/mfcc/raw_mfcc_train.3.ark:1725514
mbsb0_sx93 /nfs-share/xinchi/kaldi/egs/timit/s5_la4/mfcc/raw_mfcc_train.2.ark:1365888
mcth0_si579 /nfs-share/xinchi/kaldi/egs/timit/s5_la4/mfcc/raw_mfcc_train.2.ark:1874608
mjeb0_sx206 /nfs-share/xinchi/kaldi/egs/timit/s5_la4/mfcc/raw_mfcc_train.3.ark:861495
mgsl0_si1164 /nfs-share/xinchi/kaldi/egs/timit/s5_la4/mfcc/raw_mfcc_train.3.ark:229121
mbjv0_si617 /nfs-share/xinchi/kaldi/egs/timit/s5_la4/mfcc/raw_mfcc_train.2.ark:1198415
fjxm0_sx401 /nfs-share/xinchi/kaldi/egs/timit/s5_la4/mfcc/raw_mfcc_train.1.ark:1976123
fdml0_si2075 /nfs-share/xinchi/kaldi/egs/timit/s5_la4/mfcc/raw_mfcc_train.1.ark:956169
msrr0_sx30 /nfs-share/xinchi/kaldi/egs/timit/s5_la4/mfcc/raw_mfcc_train.4.ark:2253371
mdlb0_sx46 /nfs-share/xinchi/kaldi/egs/timit/s5_la4/mfcc/raw_mfcc_train.2.ark:2448572
mdss0_sx261 /nfs-share/xinchi/kaldi/egs/timit/s5_la4/mfcc/raw_mfcc_train.2.ark:2953839
mewm0_sx358 /nfs-share/xinchi/kaldi/egs/timit/s5_la4/mfcc/raw_mfcc_train.2.ark:3387540
fjrb0_si672 /nfs-share/xinchi/kaldi/egs/timit/s5_la4/mfcc/raw_mfcc_train.1.ark:1789481
mcdr0_sx74 /nfs-share/xinchi/kaldi/egs/timit/s5_la4/mfcc/raw_mfcc_train.2.ark:1602221
fcyl0_sx217 /nfs-share/xinchi/kaldi/egs/timit/s5_la4/mfcc/raw_mfcc_train.1.ark:767636
msem1_si1440 /nfs-share/xinchi/kaldi/egs/timit/s5_la4/mfcc/raw_mfcc_train.4.ark:1922402
mrms0_si1113 /nfs-share/xinchi/kaldi/egs/timit/s5_la4/mfcc/raw_mfcc_train.4.ark:1340933
msah1_sx149 /nfs-share/xinchi/kaldi/egs/timit/s5_la4/mfcc/raw_mfcc_train.4.ark:1715621
fkaa0_sx308 /nfs-share/xinchi/kaldi/egs/timit/s5_la4/mfcc/raw_mfcc_train.1.ark:2038149
mjdg0_sx412 /nfs-share/xinchi/kaldi/egs/timit/s5_la4/mfcc/raw_mfcc_train.3.ark:800919
fjsp0_sx84 /nfs-share/xinchi/kaldi/egs/timit/s5_la4/mfcc/raw_mfcc_train.1.ark:1915553
fbas0_sx307 /nfs-share/xinchi/kaldi/egs/timit/s5_la4/mfcc/raw_mfcc_train.1.ark:196878
fjkl0_sx32 /nfs-share/xinchi/kaldi/egs/timit/s5_la4/mfcc/raw_mfcc_train.1.ark:1708996
mfer0_si1492 /nfs-share/xinchi/kaldi/egs/timit/s5_la4/mfcc/raw_mfcc_train.2.ark:3398052
mwdk0_sx266 /nfs-share/xinchi/kaldi/egs/timit/s5_la4/mfcc/raw_mfcc_train.4.ark:3565514
mtwh1_sx72 /nfs-share/xinchi/kaldi/egs/timit/s5_la4/mfcc/raw_mfcc_train.4.ark:3294383
fhxs0_sx85 /nfs-share/xinchi/kaldi/egs/timit/s5_la4/mfcc/raw_mfcc_train.1.ark:1577329
mklw0_sx221 /nfs-share/xinchi/kaldi/egs/timit/s5_la4/mfcc/raw_mfcc_train.3.ark:2283177
fbmj0_sx156 /nfs-share/xinchi/kaldi/egs/timit/s5_la4/mfcc/raw_mfcc_train.1.ark:388500
mjeb1_si2097 /nfs-share/xinchi/kaldi/egs/timit/s5_la4/mfcc/raw_mfcc_train.3.ark:881772
fbch0_sx416 /nfs-share/xinchi/kaldi/egs/timit/s5_la4/mfcc/raw_mfcc_train.1.ark:265716
fjrb0_si1932 /nfs-share/xinchi/kaldi/egs/timit/s5_la4/mfcc/raw_mfcc_train.1.ark:1786302
mdwh0_sx35 /nfs-share/xinchi/kaldi/egs/timit/s5_la4/mfcc/raw_mfcc_train.2.ark:3083015
mdss1_si1713 /nfs-share/xinchi/kaldi/egs/timit/s5_la4/mfcc/raw_mfcc_train.2.ark:2971217
fcjf0_sx127 /nfs-share/xinchi/kaldi/egs/timit/s5_la4/mfcc/raw_mfcc_train.1.ark:549934
mrws0_si1732 /nfs-share/xinchi/kaldi/egs/timit/s5_la4/mfcc/raw_mfcc_train.4.ark:1651324
mreh1_sx429 /nfs-share/xinchi/kaldi/egs/timit/s5_la4/mfcc/raw_mfcc_train.4.ark:598522
fpmy0_si1783 /nfs-share/xinchi/kaldi/egs/timit/s5_la4/mfcc/raw_mfcc_train.1.ark:3433036
msas0_si2006 /nfs-share/xinchi/kaldi/egs/timit/s5_la4/mfcc/raw_mfcc_train.4.ark:1740598
mdef0_sx33 /nfs-share/xinchi/kaldi/egs/timit/s5_la4/mfcc/raw_mfcc_train.2.ark:2241458
fjlg0_si1506 /nfs-share/xinchi/kaldi/egs/timit/s5_la4/mfcc/raw_mfcc_train.1.ark:1716629
mejs0_sx250 /nfs-share/xinchi/kaldi/egs/timit/s5_la4/mfcc/raw_mfcc_train.2.ark:3295428
mtkp0_si454 /nfs-share/xinchi/kaldi/egs/timit/s5_la4/mfcc/raw_mfcc_train.4.ark:2820988
mgxp0_sx7 /nfs-share/xinchi/kaldi/egs/timit/s5_la4/mfcc/raw_mfcc_train.3.ark:291864
mwch0_sx182 /nfs-share/xinchi/kaldi/egs/timit/s5_la4/mfcc/raw_mfcc_train.4.ark:3530103
mclm0_sx16 /nfs-share/xinchi/kaldi/egs/timit/s5_la4/mfcc/raw_mfcc_train.2.ark:1759188
mjee0_si607 /nfs-share/xinchi/kaldi/egs/timit/s5_la4/mfcc/raw_mfcc_train.3.ark:918665
mdsj0_si1462 /nfs-share/xinchi/kaldi/egs/timit/s5_la4/mfcc/raw_mfcc_train.2.ark:2907525
mmds0_sx83 /nfs-share/xinchi/kaldi/egs/timit/s5_la4/mfcc/raw_mfcc_train.3.ark:2964875
fbjl0_si2182 /nfs-share/xinchi/kaldi/egs/timit/s5_la4/mfcc/raw_mfcc_train.1.ark:278959
fspm0_si1871 /nfs-share/xinchi/kaldi/egs/timit/s5_la4/mfcc/raw_mfcc_train.2.ark:317853
mjls0_sx106 /nfs-share/xinchi/kaldi/egs/timit/s5_la4/mfcc/raw_mfcc_train.3.ark:1247064
mjfh0_sx117 /nfs-share/xinchi/kaldi/egs/timit/s5_la4/mfcc/raw_mfcc_train.3.ark:954570
mpmb0_si2131 /nfs-share/xinchi/kaldi/egs/timit/s5_la4/mfcc/raw_mfcc_train.3.ark:3697684
mbbr0_si1055 /nfs-share/xinchi/kaldi/egs/timit/s5_la4/mfcc/raw_mfcc_train.2.ark:1069719
mrbc0_sx419 /nfs-share/xinchi/kaldi/egs/timit/s5_la4/mfcc/raw_mfcc_train.4.ark:370400
mwac0_si1601 /nfs-share/xinchi/kaldi/egs/timit/s5_la4/mfcc/raw_mfcc_train.4.ark:3424750
mkxl0_si1815 /nfs-share/xinchi/kaldi/egs/timit/s5_la4/mfcc/raw_mfcc_train.3.ark:2335919
mbcg0_si957 /nfs-share/xinchi/kaldi/egs/timit/s5_la4/mfcc/raw_mfcc_train.2.ark:1106074
mdlc2_sx174 /nfs-share/xinchi/kaldi/egs/timit/s5_la4/mfcc/raw_mfcc_train.2.ark:2527757
fsdj0_si485 /nfs-share/xinchi/kaldi/egs/timit/s5_la4/mfcc/raw_mfcc_train.1.ark:3773070
mjxl0_sx272 /nfs-share/xinchi/kaldi/egs/timit/s5_la4/mfcc/raw_mfcc_train.3.ark:1831746
mafm0_si939 /nfs-share/xinchi/kaldi/egs/timit/s5_la4/mfcc/raw_mfcc_train.2.ark:820469
mewm0_si1978 /nfs-share/xinchi/kaldi/egs/timit/s5_la4/mfcc/raw_mfcc_train.2.ark:3372887
mter0_si527 /nfs-share/xinchi/kaldi/egs/timit/s5_la4/mfcc/raw_mfcc_train.4.ark:2617548
mcxm0_sx181 /nfs-share/xinchi/kaldi/egs/timit/s5_la4/mfcc/raw_mfcc_train.2.ark:1942329
mtdb0_si771 /nfs-share/xinchi/kaldi/egs/timit/s5_la4/mfcc/raw_mfcc_train.4.ark:2544503
mtlc0_sx217 /nfs-share/xinchi/kaldi/egs/timit/s5_la4/mfcc/raw_mfcc_train.4.ark:2894592
fcaj0_sx39 /nfs-share/xinchi/kaldi/egs/timit/s5_la4/mfcc/raw_mfcc_train.1.ark:461448
mgjc0_si1965 /nfs-share/xinchi/kaldi/egs/timit/s5_la4/mfcc/raw_mfcc_train.3.ark:98663
mdns0_sx21 /nfs-share/xinchi/kaldi/egs/timit/s5_la4/mfcc/raw_mfcc_train.2.ark:2768838
makb0_sx386 /nfs-share/xinchi/kaldi/egs/timit/s5_la4/mfcc/raw_mfcc_train.2.ark:915077
flja0_sx358 /nfs-share/xinchi/kaldi/egs/timit/s5_la4/mfcc/raw_mfcc_train.1.ark:2508954
fpls0_sx3 /nfs-share/xinchi/kaldi/egs/timit/s5_la4/mfcc/raw_mfcc_train.1.ark:3416393
mrfl0_sx346 /nfs-share/xinchi/kaldi/egs/timit/s5_la4/mfcc/raw_mfcc_train.4.ark:722854
mdlc0_sx45 /nfs-share/xinchi/kaldi/egs/timit/s5_la4/mfcc/raw_mfcc_train.2.ark:2482702
fcmm0_sx363 /nfs-share/xinchi/kaldi/egs/timit/s5_la4/mfcc/raw_mfcc_train.1.ark:707183
mtat0_si1110 /nfs-share/xinchi/kaldi/egs/timit/s5_la4/mfcc/raw_mfcc_train.4.ark:2402950
