fcke0_sx31 /nfs-share/xinchi/kaldi/egs/timit/s5_la4/mfcc/raw_mfcc_train.1.ark:617330
mges0_si2111 /nfs-share/xinchi/kaldi/egs/timit/s5_la4/mfcc/raw_mfcc_train.3.ark:65045
fsdj0_si1115 /nfs-share/xinchi/kaldi/egs/timit/s5_la4/mfcc/raw_mfcc_train.1.ark:3763773
mkln0_si968 /nfs-share/xinchi/kaldi/egs/timit/s5_la4/mfcc/raw_mfcc_train.3.ark:2149838
mjdm0_sx350 /nfs-share/xinchi/kaldi/egs/timit/s5_la4/mfcc/raw_mfcc_train.3.ark:830076
meal0_sx287 /nfs-share/xinchi/kaldi/egs/timit/s5_la4/mfcc/raw_mfcc_train.2.ark:3138685
msat1_sx263 /nfs-share/xinchi/kaldi/egs/timit/s5_la4/mfcc/raw_mfcc_train.4.ark:1812546
fsah0_sx344 /nfs-share/xinchi/kaldi/egs/timit/s5_la4/mfcc/raw_mfcc_train.1.ark:3617819
mlel0_sx256 /nfs-share/xinchi/kaldi/egs/timit/s5_la4/mfcc/raw_mfcc_train.3.ark:2414484
mtml0_si1065 /nfs-share/xinchi/kaldi/egs/timit/s5_la4/mfcc/raw_mfcc_train.4.ark:2906190
fdml0_sx339 /nfs-share/xinchi/kaldi/egs/timit/s5_la4/mfcc/raw_mfcc_train.1.ark:964913
fvmh0_si836 /nfs-share/xinchi/kaldi/egs/timit/s5_la4/mfcc/raw_mfcc_train.2.ark:639166
mrjm0_sx328 /nfs-share/xinchi/kaldi/egs/timit/s5_la4/mfcc/raw_mfcc_train.4.ark:936642
madc0_sx197 /nfs-share/xinchi/kaldi/egs/timit/s5_la4/mfcc/raw_mfcc_train.2.ark:710605
fspm0_sx71 /nfs-share/xinchi/kaldi/egs/timit/s5_la4/mfcc/raw_mfcc_train.2.ark:343101
mrtj0_sx412 /nfs-share/xinchi/kaldi/egs/timit/s5_la4/mfcc/raw_mfcc_train.4.ark:1576399
fpad0_sx86 /nfs-share/xinchi/kaldi/egs/timit/s5_la4/mfcc/raw_mfcc_train.1.ark:3294343
mbcg0_si2217 /nfs-share/xinchi/kaldi/egs/timit/s5_la4/mfcc/raw_mfcc_train.2.ark:1100145
mjsr0_sx344 /nfs-share/xinchi/kaldi/egs/timit/s5_la4/mfcc/raw_mfcc_train.3.ark:1663574
fetb0_sx68 /nfs-share/xinchi/kaldi/egs/timit/s5_la4/mfcc/raw_mfcc_train.1.ark:1322919
fvkb0_si529 /nfs-share/xinchi/kaldi/egs/timit/s5_la4/mfcc/raw_mfcc_train.2.ark:602436
mdhs0_sx450 /nfs-share/xinchi/kaldi/egs/timit/s5_la4/mfcc/raw_mfcc_train.2.ark:2342236
fsjw0_si703 /nfs-share/xinchi/kaldi/egs/timit/s5_la4/mfcc/raw_mfcc_train.2.ark:60016
mrfl0_sx166 /nfs-share/xinchi/kaldi/egs/timit/s5_la4/mfcc/raw_mfcc_train.4.ark:713402
mmam0_sx427 /nfs-share/xinchi/kaldi/egs/timit/s5_la4/mfcc/raw_mfcc_train.3.ark:2697263
mgrl0_si2127 /nfs-share/xinchi/kaldi/egs/timit/s5_la4/mfcc/raw_mfcc_train.3.ark:129978
fkkh0_si1920 /nfs-share/xinchi/kaldi/egs/timit/s5_la4/mfcc/raw_mfcc_train.1.ark:2165360
mdlr0_sx63 /nfs-share/xinchi/kaldi/egs/timit/s5_la4/mfcc/raw_mfcc_train.2.ark:2639897
mjfh0_sx297 /nfs-share/xinchi/kaldi/egs/timit/s5_la4/mfcc/raw_mfcc_train.3.ark:962416
flkm0_sx80 /nfs-share/xinchi/kaldi/egs/timit/s5_la4/mfcc/raw_mfcc_train.1.ark:2625604
feac0_si1245 /nfs-share/xinchi/kaldi/egs/timit/s5_la4/mfcc/raw_mfcc_train.1.ark:1120838
fcmm0_sx183 /nfs-share/xinchi/kaldi/egs/timit/s5_la4/mfcc/raw_mfcc_train.1.ark:701033
fmbg0_sx440 /nfs-share/xinchi/kaldi/egs/timit/s5_la4/mfcc/raw_mfcc_train.1.ark:2840460
fjlg0_sx89 /nfs-share/xinchi/kaldi/egs/timit/s5_la4/mfcc/raw_mfcc_train.1.ark:1744889
mpgr0_sx420 /nfs-share/xinchi/kaldi/egs/timit/s5_la4/mfcc/raw_mfcc_train.3.ark:3647931
mdef0_si2193 /nfs-share/xinchi/kaldi/egs/timit/s5_la4/mfcc/raw_mfcc_train.2.ark:2228561
msds0_sx87 /nfs-share/xinchi/kaldi/egs/timit/s5_la4/mfcc/raw_mfcc_train.4.ark:1918468
fapb0_sx163 /nfs-share/xinchi/kaldi/egs/timit/s5_la4/mfcc/raw_mfcc_train.1.ark:148368
mkag0_si979 /nfs-share/xinchi/kaldi/egs/timit/s5_la4/mfcc/raw_mfcc_train.3.ark:1858270
mtju0_sx400 /nfs-share/xinchi/kaldi/egs/timit/s5_la4/mfcc/raw_mfcc_train.4.ark:2770702
marc0_sx198 /nfs-share/xinchi/kaldi/egs/timit/s5_la4/mfcc/raw_mfcc_train.2.ark:993767
mjra0_sx426 /nfs-share/xinchi/kaldi/egs/timit/s5_la4/mfcc/raw_mfcc_train.3.ark:1472593
mpgh0_si675 /nfs-share/xinchi/kaldi/egs/timit/s5_la4/mfcc/raw_mfcc_train.3.ark:3604211
fjhk0_si2282 /nfs-share/xinchi/kaldi/egs/timit/s5_la4/mfcc/raw_mfcc_train.1.ark:1659317
fsjk1_sx35 /nfs-share/xinchi/kaldi/egs/timit/s5_la4/mfcc/raw_mfcc_train.2.ark:7357
mmbs0_sx251 /nfs-share/xinchi/kaldi/egs/timit/s5_la4/mfcc/raw_mfcc_train.3.ark:2762428
mrds0_sx357 /nfs-share/xinchi/kaldi/egs/timit/s5_la4/mfcc/raw_mfcc_train.4.ark:526991
flja0_si1078 /nfs-share/xinchi/kaldi/egs/timit/s5_la4/mfcc/raw_mfcc_train.1.ark:2486271
mfxv0_si1005 /nfs-share/xinchi/kaldi/egs/timit/s5_la4/mfcc/raw_mfcc_train.2.ark:3552935
mfrm0_sx255 /nfs-share/xinchi/kaldi/egs/timit/s5_la4/mfcc/raw_mfcc_train.2.ark:3475533
fbcg1_si982 /nfs-share/xinchi/kaldi/egs/timit/s5_la4/mfcc/raw_mfcc_train.1.ark:211994
mdwh0_sx395 /nfs-share/xinchi/kaldi/egs/timit/s5_la4/mfcc/raw_mfcc_train.2.ark:3086714
mjmm0_sx175 /nfs-share/xinchi/kaldi/egs/timit/s5_la4/mfcc/raw_mfcc_train.3.ark:1335805
feac0_sx345 /nfs-share/xinchi/kaldi/egs/timit/s5_la4/mfcc/raw_mfcc_train.1.ark:1142246
mjsr0_sx254 /nfs-share/xinchi/kaldi/egs/timit/s5_la4/mfcc/raw_mfcc_train.3.ark:1659498
mtml0_sx345 /nfs-share/xinchi/kaldi/egs/timit/s5_la4/mfcc/raw_mfcc_train.4.ark:2927534
fskl0_si2159 /nfs-share/xinchi/kaldi/egs/timit/s5_la4/mfcc/raw_mfcc_train.2.ark:117362
flkm0_si686 /nfs-share/xinchi/kaldi/egs/timit/s5_la4/mfcc/raw_mfcc_train.1.ark:2603418
fdaw0_sx56 /nfs-share/xinchi/kaldi/egs/timit/s5_la4/mfcc/raw_mfcc_train.1.ark:848072
fbas0_sx397 /nfs-share/xinchi/kaldi/egs/timit/s5_la4/mfcc/raw_mfcc_train.1.ark:202676
mntw0_si1698 /nfs-share/xinchi/kaldi/egs/timit/s5_la4/mfcc/raw_mfcc_train.3.ark:3480080
fexm0_sx366 /nfs-share/xinchi/kaldi/egs/timit/s5_la4/mfcc/raw_mfcc_train.1.ark:1355015
fjdm2_sx232 /nfs-share/xinchi/kaldi/egs/timit/s5_la4/mfcc/raw_mfcc_train.1.ark:1598648
mjrg0_sx106 /nfs-share/xinchi/kaldi/egs/timit/s5_la4/mfcc/raw_mfcc_train.3.ark:1492584
mkrg0_si2121 /nfs-share/xinchi/kaldi/egs/timit/s5_la4/mfcc/raw_mfcc_train.3.ark:2307198
mppc0_sx152 /nfs-share/xinchi/kaldi/egs/timit/s5_la4/mfcc/raw_mfcc_train.3.ark:3756242
fmjf0_sx354 /nfs-share/xinchi/kaldi/egs/timit/s5_la4/mfcc/raw_mfcc_train.1.ark:2938877
mjda0_si2291 /nfs-share/xinchi/kaldi/egs/timit/s5_la4/mfcc/raw_mfcc_train.3.ark:680769
ftmg0_sx452 /nfs-share/xinchi/kaldi/egs/timit/s5_la4/mfcc/raw_mfcc_train.2.ark:559670
mmds0_sx443 /nfs-share/xinchi/kaldi/egs/timit/s5_la4/mfcc/raw_mfcc_train.3.ark:2961684
mrld0_sx334 /nfs-share/xinchi/kaldi/egs/timit/s5_la4/mfcc/raw_mfcc_train.4.ark:1077021
fpmy0_si523 /nfs-share/xinchi/kaldi/egs/timit/s5_la4/mfcc/raw_mfcc_train.1.ark:3436423
mrbc0_sx239 /nfs-share/xinchi/kaldi/egs/timit/s5_la4/mfcc/raw_mfcc_train.4.ark:361429
fdfb0_si1318 /nfs-share/xinchi/kaldi/egs/timit/s5_la4/mfcc/raw_mfcc_train.1.ark:852123
mjde0_sx310 /nfs-share/xinchi/kaldi/egs/timit/s5_la4/mfcc/raw_mfcc_train.3.ark:762257
mrgs0_si1356 /nfs-share/xinchi/kaldi/egs/timit/s5_la4/mfcc/raw_mfcc_train.4.ark:774828
fsbk0_sx79 /nfs-share/xinchi/kaldi/egs/timit/s5_la4/mfcc/raw_mfcc_train.1.ark:3690097
fcjf0_si648 /nfs-share/xinchi/kaldi/egs/timit/s5_la4/mfcc/raw_mfcc_train.1.ark:545117
fbas0_sx37 /nfs-share/xinchi/kaldi/egs/timit/s5_la4/mfcc/raw_mfcc_train.1.ark:199029
fdmy0_si714 /nfs-share/xinchi/kaldi/egs/timit/s5_la4/mfcc/raw_mfcc_train.1.ark:989154
msat0_si1526 /nfs-share/xinchi/kaldi/egs/timit/s5_la4/mfcc/raw_mfcc_train.4.ark:1770768
meal0_sx377 /nfs-share/xinchi/kaldi/egs/timit/s5_la4/mfcc/raw_mfcc_train.2.ark:3146772
mmgc0_si1305 /nfs-share/xinchi/kaldi/egs/timit/s5_la4/mfcc/raw_mfcc_train.3.ark:3025510
mrcg0_sx438 /nfs-share/xinchi/kaldi/egs/timit/s5_la4/mfcc/raw_mfcc_train.4.ark:406064
mljh0_si1324 /nfs-share/xinchi/kaldi/egs/timit/s5_la4/mfcc/raw_mfcc_train.3.ark:2464398
mfrm0_sx345 /nfs-share/xinchi/kaldi/egs/timit/s5_la4/mfcc/raw_mfcc_train.2.ark:3478959
mprt0_sx130 /nfs-share/xinchi/kaldi/egs/timit/s5_la4/mfcc/raw_mfcc_train.4.ark:140944
mdlr0_sx243 /nfs-share/xinchi/kaldi/egs/timit/s5_la4/mfcc/raw_mfcc_train.2.ark:2625395
mdks0_sx436 /nfs-share/xinchi/kaldi/egs/timit/s5_la4/mfcc/raw_mfcc_train.2.ark:2405154
fsms1_si874 /nfs-share/xinchi/kaldi/egs/timit/s5_la4/mfcc/raw_mfcc_train.2.ark:286057
mree0_sx384 /nfs-share/xinchi/kaldi/egs/timit/s5_la4/mfcc/raw_mfcc_train.4.ark:567011
fjwb1_si748 /nfs-share/xinchi/kaldi/egs/timit/s5_la4/mfcc/raw_mfcc_train.1.ark:1923498
mdas0_si1896 /nfs-share/xinchi/kaldi/egs/timit/s5_la4/mfcc/raw_mfcc_train.2.ark:1999148
mrgs0_sx366 /nfs-share/xinchi/kaldi/egs/timit/s5_la4/mfcc/raw_mfcc_train.4.ark:796431
mjee0_sx157 /nfs-share/xinchi/kaldi/egs/timit/s5_la4/mfcc/raw_mfcc_train.3.ark:921493
mjwg0_si895 /nfs-share/xinchi/kaldi/egs/timit/s5_la4/mfcc/raw_mfcc_train.3.ark:1686723
mrgs0_si1986 /nfs-share/xinchi/kaldi/egs/timit/s5_la4/mfcc/raw_mfcc_train.4.ark:781063
fbch0_si959 /nfs-share/xinchi/kaldi/egs/timit/s5_la4/mfcc/raw_mfcc_train.1.ark:247995
milb0_si807 /nfs-share/xinchi/kaldi/egs/timit/s5_la4/mfcc/raw_mfcc_train.3.ark:517925
mjxa0_sx247 /nfs-share/xinchi/kaldi/egs/timit/s5_la4/mfcc/raw_mfcc_train.3.ark:1800463
fpjf0_sx326 /nfs-share/xinchi/kaldi/egs/timit/s5_la4/mfcc/raw_mfcc_train.1.ark:3384267
fjsp0_si804 /nfs-share/xinchi/kaldi/egs/timit/s5_la4/mfcc/raw_mfcc_train.1.ark:1895707
fjen0_sx147 /nfs-share/xinchi/kaldi/egs/timit/s5_la4/mfcc/raw_mfcc_train.1.ark:1629054
mhmg0_sx375 /nfs-share/xinchi/kaldi/egs/timit/s5_la4/mfcc/raw_mfcc_train.3.ark:413051
feme0_sx425 /nfs-share/xinchi/kaldi/egs/timit/s5_la4/mfcc/raw_mfcc_train.1.ark:1287535
flac0_sx451 /nfs-share/xinchi/kaldi/egs/timit/s5_la4/mfcc/raw_mfcc_train.1.ark:2347031
mjac0_sx431 /nfs-share/xinchi/kaldi/egs/timit/s5_la4/mfcc/raw_mfcc_train.3.ark:568832
fhxs0_sx265 /nfs-share/xinchi/kaldi/egs/timit/s5_la4/mfcc/raw_mfcc_train.1.ark:1566597
fsjs0_sx451 /nfs-share/xinchi/kaldi/egs/timit/s5_la4/mfcc/raw_mfcc_train.2.ark:39798
mrjm0_sx418 /nfs-share/xinchi/kaldi/egs/timit/s5_la4/mfcc/raw_mfcc_train.4.ark:941277
mcdc0_sx32 /nfs-share/xinchi/kaldi/egs/timit/s5_la4/mfcc/raw_mfcc_train.2.ark:1532823
mrai0_si1954 /nfs-share/xinchi/kaldi/egs/timit/s5_la4/mfcc/raw_mfcc_train.4.ark:250116
mdbp0_si1158 /nfs-share/xinchi/kaldi/egs/timit/s5_la4/mfcc/raw_mfcc_train.2.ark:2055594
mjae0_sx174 /nfs-share/xinchi/kaldi/egs/timit/s5_la4/mfcc/raw_mfcc_train.3.ark:587329
mljh0_sx154 /nfs-share/xinchi/kaldi/egs/timit/s5_la4/mfcc/raw_mfcc_train.3.ark:2483712
mbjv0_sx77 /nfs-share/xinchi/kaldi/egs/timit/s5_la4/mfcc/raw_mfcc_train.2.ark:1218001
mpar0_si2206 /nfs-share/xinchi/kaldi/egs/timit/s5_la4/mfcc/raw_mfcc_train.3.ark:3510155
flkm0_sx116 /nfs-share/xinchi/kaldi/egs/timit/s5_la4/mfcc/raw_mfcc_train.1.ark:2605739
fsah0_sx327 /nfs-share/xinchi/kaldi/egs/timit/s5_la4/mfcc/raw_mfcc_train.1.ark:3611208
mnet0_si1446 /nfs-share/xinchi/kaldi/egs/timit/s5_la4/mfcc/raw_mfcc_train.3.ark:3444683
fscn0_sx446 /nfs-share/xinchi/kaldi/egs/timit/s5_la4/mfcc/raw_mfcc_train.1.ark:3725377
mram0_sx285 /nfs-share/xinchi/kaldi/egs/timit/s5_la4/mfcc/raw_mfcc_train.4.ark:308989
fsms1_sx347 /nfs-share/xinchi/kaldi/egs/timit/s5_la4/mfcc/raw_mfcc_train.2.ark:301672
mmar0_si1336 /nfs-share/xinchi/kaldi/egs/timit/s5_la4/mfcc/raw_mfcc_train.3.ark:2704037
fcjs0_sx257 /nfs-share/xinchi/kaldi/egs/timit/s5_la4/mfcc/raw_mfcc_train.1.ark:576206
mgrp0_sx147 /nfs-share/xinchi/kaldi/egs/timit/s5_la4/mfcc/raw_mfcc_train.3.ark:171324
mrew1_sx150 /nfs-share/xinchi/kaldi/egs/timit/s5_la4/mfcc/raw_mfcc_train.4.ark:649613
fdkn0_sx181 /nfs-share/xinchi/kaldi/egs/timit/s5_la4/mfcc/raw_mfcc_train.1.ark:924216
mgjc0_sx165 /nfs-share/xinchi/kaldi/egs/timit/s5_la4/mfcc/raw_mfcc_train.3.ark:103012
mprt0_sx400 /nfs-share/xinchi/kaldi/egs/timit/s5_la4/mfcc/raw_mfcc_train.4.ark:155401
fvkb0_sx439 /nfs-share/xinchi/kaldi/egs/timit/s5_la4/mfcc/raw_mfcc_train.2.ark:621730
fpls0_sx60 /nfs-share/xinchi/kaldi/egs/timit/s5_la4/mfcc/raw_mfcc_train.1.ark:3422425
msah1_si1679 /nfs-share/xinchi/kaldi/egs/timit/s5_la4/mfcc/raw_mfcc_train.4.ark:1710263
msjk0_sx156 /nfs-share/xinchi/kaldi/egs/timit/s5_la4/mfcc/raw_mfcc_train.4.ark:2082371
fmjf0_sx444 /nfs-share/xinchi/kaldi/egs/timit/s5_la4/mfcc/raw_mfcc_train.1.ark:2942719
mbef0_sx21 /nfs-share/xinchi/kaldi/egs/timit/s5_la4/mfcc/raw_mfcc_train.2.ark:1149090
mkes0_sx443 /nfs-share/xinchi/kaldi/egs/timit/s5_la4/mfcc/raw_mfcc_train.3.ark:2105799
fmjf0_sx84 /nfs-share/xinchi/kaldi/egs/timit/s5_la4/mfcc/raw_mfcc_train.1.ark:2946885
ftbr0_sx291 /nfs-share/xinchi/kaldi/egs/timit/s5_la4/mfcc/raw_mfcc_train.2.ark:463260
msjk0_sx246 /nfs-share/xinchi/kaldi/egs/timit/s5_la4/mfcc/raw_mfcc_train.4.ark:2086863
madc0_sx287 /nfs-share/xinchi/kaldi/egs/timit/s5_la4/mfcc/raw_mfcc_train.2.ark:714031
fsjs0_si1801 /nfs-share/xinchi/kaldi/egs/timit/s5_la4/mfcc/raw_mfcc_train.2.ark:17143
mtxs0_si1690 /nfs-share/xinchi/kaldi/egs/timit/s5_la4/mfcc/raw_mfcc_train.4.ark:3303044
mhmr0_sx39 /nfs-share/xinchi/kaldi/egs/timit/s5_la4/mfcc/raw_mfcc_train.3.ark:443677
mjjb0_si1139 /nfs-share/xinchi/kaldi/egs/timit/s5_la4/mfcc/raw_mfcc_train.3.ark:1036449
mhrm0_si1475 /nfs-share/xinchi/kaldi/egs/timit/s5_la4/mfcc/raw_mfcc_train.3.ark:450452
falk0_si658 /nfs-share/xinchi/kaldi/egs/timit/s5_la4/mfcc/raw_mfcc_train.1.ark:76033
msms0_si2063 /nfs-share/xinchi/kaldi/egs/timit/s5_la4/mfcc/raw_mfcc_train.4.ark:2174632
mjrp0_sx225 /nfs-share/xinchi/kaldi/egs/timit/s5_la4/mfcc/raw_mfcc_train.3.ark:1623106
mlns0_sx417 /nfs-share/xinchi/kaldi/egs/timit/s5_la4/mfcc/raw_mfcc_train.3.ark:2528445
fdml0_sx429 /nfs-share/xinchi/kaldi/egs/timit/s5_la4/mfcc/raw_mfcc_train.1.ark:968352
fblv0_sx338 /nfs-share/xinchi/kaldi/egs/timit/s5_la4/mfcc/raw_mfcc_train.1.ark:329771
mmxs0_si876 /nfs-share/xinchi/kaldi/egs/timit/s5_la4/mfcc/raw_mfcc_train.3.ark:3421839
fetb0_sx248 /nfs-share/xinchi/kaldi/egs/timit/s5_la4/mfcc/raw_mfcc_train.1.ark:1310549
mded0_si1170 /nfs-share/xinchi/kaldi/egs/timit/s5_la4/mfcc/raw_mfcc_train.2.ark:2183638
mchl0_si1977 /nfs-share/xinchi/kaldi/egs/timit/s5_la4/mfcc/raw_mfcc_train.2.ark:1689264
mdlm0_sx244 /nfs-share/xinchi/kaldi/egs/timit/s5_la4/mfcc/raw_mfcc_train.2.ark:2596634
mdks0_si1066 /nfs-share/xinchi/kaldi/egs/timit/s5_la4/mfcc/raw_mfcc_train.2.ark:2380293
fgcs0_sx406 /nfs-share/xinchi/kaldi/egs/timit/s5_la4/mfcc/raw_mfcc_train.1.ark:1387508
mkdb0_si2132 /nfs-share/xinchi/kaldi/egs/timit/s5_la4/mfcc/raw_mfcc_train.3.ark:1979162
fsah0_si1874 /nfs-share/xinchi/kaldi/egs/timit/s5_la4/mfcc/raw_mfcc_train.1.ark:3597615
fpab1_sx211 /nfs-share/xinchi/kaldi/egs/timit/s5_la4/mfcc/raw_mfcc_train.1.ark:3211971
mlel0_si1876 /nfs-share/xinchi/kaldi/egs/timit/s5_la4/mfcc/raw_mfcc_train.3.ark:2399461
mmag0_si1126 /nfs-share/xinchi/kaldi/egs/timit/s5_la4/mfcc/raw_mfcc_train.3.ark:2639403
fjwb1_si795 /nfs-share/xinchi/kaldi/egs/timit/s5_la4/mfcc/raw_mfcc_train.1.ark:1929030
mjjb0_sx59 /nfs-share/xinchi/kaldi/egs/timit/s5_la4/mfcc/raw_mfcc_train.3.ark:1066568
mrvg0_sx150 /nfs-share/xinchi/kaldi/egs/timit/s5_la4/mfcc/raw_mfcc_train.4.ark:1595935
fcyl0_si667 /nfs-share/xinchi/kaldi/egs/timit/s5_la4/mfcc/raw_mfcc_train.1.ark:758249
mrai0_sx342 /nfs-share/xinchi/kaldi/egs/timit/s5_la4/mfcc/raw_mfcc_train.4.ark:272174
fecd0_si1418 /nfs-share/xinchi/kaldi/egs/timit/s5_la4/mfcc/raw_mfcc_train.1.ark:1187447
fmem0_si747 /nfs-share/xinchi/kaldi/egs/timit/s5_la4/mfcc/raw_mfcc_train.1.ark:2858208
mesg0_sx252 /nfs-share/xinchi/kaldi/egs/timit/s5_la4/mfcc/raw_mfcc_train.2.ark:3325879
mmvp0_si1284 /nfs-share/xinchi/kaldi/egs/timit/s5_la4/mfcc/raw_mfcc_train.3.ark:3275386
mmam0_sx67 /nfs-share/xinchi/kaldi/egs/timit/s5_la4/mfcc/raw_mfcc_train.3.ark:2699934
mbth0_sx122 /nfs-share/xinchi/kaldi/egs/timit/s5_la4/mfcc/raw_mfcc_train.2.ark:1381803
makb0_si1016 /nfs-share/xinchi/kaldi/egs/timit/s5_la4/mfcc/raw_mfcc_train.2.ark:880109
mrgs0_si726 /nfs-share/xinchi/kaldi/egs/timit/s5_la4/mfcc/raw_mfcc_train.4.ark:783111
mrlk0_sx33 /nfs-share/xinchi/kaldi/egs/timit/s5_la4/mfcc/raw_mfcc_train.4.ark:1169941
mdpk0_sx153 /nfs-share/xinchi/kaldi/egs/timit/s5_la4/mfcc/raw_mfcc_train.2.ark:2821797
mdlc0_sx135 /nfs-share/xinchi/kaldi/egs/timit/s5_la4/mfcc/raw_mfcc_train.2.ark:2467543
mrcg0_si1428 /nfs-share/xinchi/kaldi/egs/timit/s5_la4/mfcc/raw_mfcc_train.4.ark:377382
mgjc0_sx345 /nfs-share/xinchi/kaldi/egs/timit/s5_la4/mfcc/raw_mfcc_train.3.ark:112126
fjrp1_si1432 /nfs-share/xinchi/kaldi/egs/timit/s5_la4/mfcc/raw_mfcc_train.1.ark:1813417
mrlj0_sx430 /nfs-share/xinchi/kaldi/egs/timit/s5_la4/mfcc/raw_mfcc_train.4.ark:1109533
mmdb0_si1358 /nfs-share/xinchi/kaldi/egs/timit/s5_la4/mfcc/raw_mfcc_train.3.ark:2812836
mwrp0_sx3 /nfs-share/xinchi/kaldi/egs/timit/s5_la4/mfcc/raw_mfcc_train.4.ark:3699832
mfrm0_sx435 /nfs-share/xinchi/kaldi/egs/timit/s5_la4/mfcc/raw_mfcc_train.2.ark:3482411
fsag0_sx153 /nfs-share/xinchi/kaldi/egs/timit/s5_la4/mfcc/raw_mfcc_train.1.ark:3565202
fcke0_si1741 /nfs-share/xinchi/kaldi/egs/timit/s5_la4/mfcc/raw_mfcc_train.1.ark:594650
mdlr1_si1299 /nfs-share/xinchi/kaldi/egs/timit/s5_la4/mfcc/raw_mfcc_train.2.ark:2643493
fcrz0_si1913 /nfs-share/xinchi/kaldi/egs/timit/s5_la4/mfcc/raw_mfcc_train.1.ark:719541
mjma0_sx55 /nfs-share/xinchi/kaldi/egs/timit/s5_la4/mfcc/raw_mfcc_train.3.ark:1292193
mabc0_si1620 /nfs-share/xinchi/kaldi/egs/timit/s5_la4/mfcc/raw_mfcc_train.2.ark:660229
mjpm1_sx131 /nfs-share/xinchi/kaldi/egs/timit/s5_la4/mfcc/raw_mfcc_train.3.ark:1425676
mjdc0_si2165 /nfs-share/xinchi/kaldi/egs/timit/s5_la4/mfcc/raw_mfcc_train.3.ark:707079
msmc0_sx17 /nfs-share/xinchi/kaldi/egs/timit/s5_la4/mfcc/raw_mfcc_train.4.ark:2122213
mdcd0_sx155 /nfs-share/xinchi/kaldi/egs/timit/s5_la4/mfcc/raw_mfcc_train.2.ark:2103266
mpfu0_sx448 /nfs-share/xinchi/kaldi/egs/timit/s5_la4/mfcc/raw_mfcc_train.3.ark:3589487
mtjg0_sx170 /nfs-share/xinchi/kaldi/egs/timit/s5_la4/mfcc/raw_mfcc_train.4.ark:2651333
fsjg0_sx400 /nfs-share/xinchi/kaldi/egs/timit/s5_la4/mfcc/raw_mfcc_train.1.ark:3862606
mjbg0_si1724 /nfs-share/xinchi/kaldi/egs/timit/s5_la4/mfcc/raw_mfcc_train.3.ark:647384
meal0_sx107 /nfs-share/xinchi/kaldi/egs/timit/s5_la4/mfcc/raw_mfcc_train.2.ark:3133367
fntb0_sx213 /nfs-share/xinchi/kaldi/egs/timit/s5_la4/mfcc/raw_mfcc_train.1.ark:3176697
mdbb1_si1006 /nfs-share/xinchi/kaldi/egs/timit/s5_la4/mfcc/raw_mfcc_train.2.ark:2025584
fbcg1_sx262 /nfs-share/xinchi/kaldi/egs/timit/s5_la4/mfcc/raw_mfcc_train.1.ark:221576
mjee0_sx337 /nfs-share/xinchi/kaldi/egs/timit/s5_la4/mfcc/raw_mfcc_train.3.ark:929645
freh0_sx415 /nfs-share/xinchi/kaldi/egs/timit/s5_la4/mfcc/raw_mfcc_train.1.ark:3486415
fklh0_si1887 /nfs-share/xinchi/kaldi/egs/timit/s5_la4/mfcc/raw_mfcc_train.1.ark:2267777
mdcm0_sx40 /nfs-share/xinchi/kaldi/egs/timit/s5_la4/mfcc/raw_mfcc_train.2.ark:2146958
mcew0_si2072 /nfs-share/xinchi/kaldi/egs/timit/s5_la4/mfcc/raw_mfcc_train.2.ark:1640618
mcth0_si1839 /nfs-share/xinchi/kaldi/egs/timit/s5_la4/mfcc/raw_mfcc_train.2.ark:1871754
msat0_si896 /nfs-share/xinchi/kaldi/egs/timit/s5_la4/mfcc/raw_mfcc_train.4.ark:1776893
mhxl0_sx62 /nfs-share/xinchi/kaldi/egs/timit/s5_la4/mfcc/raw_mfcc_train.3.ark:510682
mljc0_si1225 /nfs-share/xinchi/kaldi/egs/timit/s5_la4/mfcc/raw_mfcc_train.3.ark:2432023
mcef0_si1135 /nfs-share/xinchi/kaldi/egs/timit/s5_la4/mfcc/raw_mfcc_train.2.ark:1605765
flja0_sx268 /nfs-share/xinchi/kaldi/egs/timit/s5_la4/mfcc/raw_mfcc_train.1.ark:2503942
mfer0_sx142 /nfs-share/xinchi/kaldi/egs/timit/s5_la4/mfcc/raw_mfcc_train.2.ark:3407343
flkm0_si620 /nfs-share/xinchi/kaldi/egs/timit/s5_la4/mfcc/raw_mfcc_train.1.ark:2596352
mded0_sx450 /nfs-share/xinchi/kaldi/egs/timit/s5_la4/mfcc/raw_mfcc_train.2.ark:2210149
mtbc0_si543 /nfs-share/xinchi/kaldi/egs/timit/s5_la4/mfcc/raw_mfcc_train.4.ark:2478193
mkag0_si1609 /nfs-share/xinchi/kaldi/egs/timit/s5_la4/mfcc/raw_mfcc_train.3.ark:1849675
mbgt0_sx261 /nfs-share/xinchi/kaldi/egs/timit/s5_la4/mfcc/raw_mfcc_train.2.ark:1175687
fajw0_sx93 /nfs-share/xinchi/kaldi/egs/timit/s5_la4/mfcc/raw_mfcc_train.1.ark:64116
fmmh0_si907 /nfs-share/xinchi/kaldi/egs/timit/s5_la4/mfcc/raw_mfcc_train.1.ark:3063194
mrjm0_si1228 /nfs-share/xinchi/kaldi/egs/timit/s5_la4/mfcc/raw_mfcc_train.4.ark:920233
mcdc0_sx392 /nfs-share/xinchi/kaldi/egs/timit/s5_la4/mfcc/raw_mfcc_train.2.ark:1536509
fltm0_sx260 /nfs-share/xinchi/kaldi/egs/timit/s5_la4/mfcc/raw_mfcc_train.1.ark:2766025
mhbs0_sx45 /nfs-share/xinchi/kaldi/egs/timit/s5_la4/mfcc/raw_mfcc_train.3.ark:325597
fhlm0_sx390 /nfs-share/xinchi/kaldi/egs/timit/s5_la4/mfcc/raw_mfcc_train.1.ark:1537062
fdxw0_sx341 /nfs-share/xinchi/kaldi/egs/timit/s5_la4/mfcc/raw_mfcc_train.1.ark:1110729
mkln0_si1598 /nfs-share/xinchi/kaldi/egs/timit/s5_la4/mfcc/raw_mfcc_train.3.ark:2142205
mhxl0_sx332 /nfs-share/xinchi/kaldi/egs/timit/s5_la4/mfcc/raw_mfcc_train.3.ark:500828
mcss0_si1380 /nfs-share/xinchi/kaldi/egs/timit/s5_la4/mfcc/raw_mfcc_train.2.ark:1833405
mcew0_sx92 /nfs-share/xinchi/kaldi/egs/timit/s5_la4/mfcc/raw_mfcc_train.2.ark:1672678
msem1_sx180 /nfs-share/xinchi/kaldi/egs/timit/s5_la4/mfcc/raw_mfcc_train.4.ark:1943016
fsgf0_sx387 /nfs-share/xinchi/kaldi/egs/timit/s5_la4/mfcc/raw_mfcc_train.1.ark:3820572
mkah0_sx178 /nfs-share/xinchi/kaldi/egs/timit/s5_la4/mfcc/raw_mfcc_train.3.ark:1895227
mpeb0_si1860 /nfs-share/xinchi/kaldi/egs/timit/s5_la4/mfcc/raw_mfcc_train.3.ark:3537837
mtrc0_si993 /nfs-share/xinchi/kaldi/egs/timit/s5_la4/mfcc/raw_mfcc_train.4.ark:3186278
mhxl0_si512 /nfs-share/xinchi/kaldi/egs/timit/s5_la4/mfcc/raw_mfcc_train.3.ark:485057
fleh0_sx61 /nfs-share/xinchi/kaldi/egs/timit/s5_la4/mfcc/raw_mfcc_train.1.ark:2420550
mrld0_sx154 /nfs-share/xinchi/kaldi/egs/timit/s5_la4/mfcc/raw_mfcc_train.4.ark:1070598
mtmn0_si1064 /nfs-share/xinchi/kaldi/egs/timit/s5_la4/mfcc/raw_mfcc_train.4.ark:2941179
mrcg0_sx258 /nfs-share/xinchi/kaldi/egs/timit/s5_la4/mfcc/raw_mfcc_train.4.ark:395871
mdbb1_si2056 /nfs-share/xinchi/kaldi/egs/timit/s5_la4/mfcc/raw_mfcc_train.2.ark:2033153
mfmc0_sx232 /nfs-share/xinchi/kaldi/egs/timit/s5_la4/mfcc/raw_mfcc_train.2.ark:3442689
fgdp0_sx178 /nfs-share/xinchi/kaldi/egs/timit/s5_la4/mfcc/raw_mfcc_train.1.ark:1407473
mvjh0_si2186 /nfs-share/xinchi/kaldi/egs/timit/s5_la4/mfcc/raw_mfcc_train.4.ark:3340737
mrjh0_si914 /nfs-share/xinchi/kaldi/egs/timit/s5_la4/mfcc/raw_mfcc_train.4.ark:891206
mmws1_si2331 /nfs-share/xinchi/kaldi/egs/timit/s5_la4/mfcc/raw_mfcc_train.3.ark:3395446
mtas0_sx305 /nfs-share/xinchi/kaldi/egs/timit/s5_la4/mfcc/raw_mfcc_train.4.ark:2393699
mkdb0_sx152 /nfs-share/xinchi/kaldi/egs/timit/s5_la4/mfcc/raw_mfcc_train.3.ark:1990636
mmds0_sx263 /nfs-share/xinchi/kaldi/egs/timit/s5_la4/mfcc/raw_mfcc_train.3.ark:2955586
mjmm0_sx445 /nfs-share/xinchi/kaldi/egs/timit/s5_la4/mfcc/raw_mfcc_train.3.ark:1348267
mgar0_si1212 /nfs-share/xinchi/kaldi/egs/timit/s5_la4/mfcc/raw_mfcc_train.3.ark:13
fjwb1_sx435 /nfs-share/xinchi/kaldi/egs/timit/s5_la4/mfcc/raw_mfcc_train.1.ark:1943111
mtpp0_sx248 /nfs-share/xinchi/kaldi/egs/timit/s5_la4/mfcc/raw_mfcc_train.4.ark:3083006
ftaj0_sx249 /nfs-share/xinchi/kaldi/egs/timit/s5_la4/mfcc/raw_mfcc_train.2.ark:426179
mmcc0_sx168 /nfs-share/xinchi/kaldi/egs/timit/s5_la4/mfcc/raw_mfcc_train.3.ark:2794081
fsjw0_sx433 /nfs-share/xinchi/kaldi/egs/timit/s5_la4/mfcc/raw_mfcc_train.2.ark:74903
mgrp0_sx237 /nfs-share/xinchi/kaldi/egs/timit/s5_la4/mfcc/raw_mfcc_train.3.ark:176128
mmxs0_sx156 /nfs-share/xinchi/kaldi/egs/timit/s5_la4/mfcc/raw_mfcc_train.3.ark:3424719
fcdr1_sx16 /nfs-share/xinchi/kaldi/egs/timit/s5_la4/mfcc/raw_mfcc_train.1.ark:493055
fsjw0_sx73 /nfs-share/xinchi/kaldi/egs/timit/s5_la4/mfcc/raw_mfcc_train.2.ark:79329
mjls0_sx376 /nfs-share/xinchi/kaldi/egs/timit/s5_la4/mfcc/raw_mfcc_train.3.ark:1261508
msrr0_si501 /nfs-share/xinchi/kaldi/egs/timit/s5_la4/mfcc/raw_mfcc_train.4.ark:2240520
flac0_sx361 /nfs-share/xinchi/kaldi/egs/timit/s5_la4/mfcc/raw_mfcc_train.1.ark:2343579
mpeb0_sx330 /nfs-share/xinchi/kaldi/egs/timit/s5_la4/mfcc/raw_mfcc_train.3.ark:3552282
fbmj0_si516 /nfs-share/xinchi/kaldi/egs/timit/s5_la4/mfcc/raw_mfcc_train.1.ark:379841
fvfb0_sx312 /nfs-share/xinchi/kaldi/egs/timit/s5_la4/mfcc/raw_mfcc_train.2.ark:585994
mtpf0_sx425 /nfs-share/xinchi/kaldi/egs/timit/s5_la4/mfcc/raw_mfcc_train.4.ark:3033415
fdtd0_si931 /nfs-share/xinchi/kaldi/egs/timit/s5_la4/mfcc/raw_mfcc_train.1.ark:1065839
fjxm0_sx311 /nfs-share/xinchi/kaldi/egs/timit/s5_la4/mfcc/raw_mfcc_train.1.ark:1969785
mjeb0_si1286 /nfs-share/xinchi/kaldi/egs/timit/s5_la4/mfcc/raw_mfcc_train.3.ark:844007
mjws0_si1773 /nfs-share/xinchi/kaldi/egs/timit/s5_la4/mfcc/raw_mfcc_train.3.ark:1718116
mcth0_si1209 /nfs-share/xinchi/kaldi/egs/timit/s5_la4/mfcc/raw_mfcc_train.2.ark:1867079
flkm0_si1880 /nfs-share/xinchi/kaldi/egs/timit/s5_la4/mfcc/raw_mfcc_train.1.ark:2592094
mdrd0_si1382 /nfs-share/xinchi/kaldi/egs/timit/s5_la4/mfcc/raw_mfcc_train.2.ark:2870951
mtrc0_sx170 /nfs-share/xinchi/kaldi/egs/timit/s5_la4/mfcc/raw_mfcc_train.4.ark:3188963
msvs0_si2198 /nfs-share/xinchi/kaldi/egs/timit/s5_la4/mfcc/raw_mfcc_train.4.ark:2302349
fdjh0_sx305 /nfs-share/xinchi/kaldi/egs/timit/s5_la4/mfcc/raw_mfcc_train.1.ark:900018
mjkr0_sx121 /nfs-share/xinchi/kaldi/egs/timit/s5_la4/mfcc/raw_mfcc_train.3.ark:1153318
fsbk0_si2329 /nfs-share/xinchi/kaldi/egs/timit/s5_la4/mfcc/raw_mfcc_train.1.ark:3666767
feeh0_sx392 /nfs-share/xinchi/kaldi/egs/timit/s5_la4/mfcc/raw_mfcc_train.1.ark:1254971
mtmt0_sx218 /nfs-share/xinchi/kaldi/egs/timit/s5_la4/mfcc/raw_mfcc_train.4.ark:2992524
mrcg0_sx348 /nfs-share/xinchi/kaldi/egs/timit/s5_la4/mfcc/raw_mfcc_train.4.ark:400649
mjls0_sx16 /nfs-share/xinchi/kaldi/egs/timit/s5_la4/mfcc/raw_mfcc_train.3.ark:1250632
msfh0_sx406 /nfs-share/xinchi/kaldi/egs/timit/s5_la4/mfcc/raw_mfcc_train.4.ark:2023232
mgjc0_si1335 /nfs-share/xinchi/kaldi/egs/timit/s5_la4/mfcc/raw_mfcc_train.3.ark:94430
fdjh0_sx35 /nfs-share/xinchi/kaldi/egs/timit/s5_la4/mfcc/raw_mfcc_train.1.ark:903508
mtrr0_sx378 /nfs-share/xinchi/kaldi/egs/timit/s5_la4/mfcc/raw_mfcc_train.4.ark:3233468
mbcg0_si486 /nfs-share/xinchi/kaldi/egs/timit/s5_la4/mfcc/raw_mfcc_train.2.ark:1103727
mcdd0_sx433 /nfs-share/xinchi/kaldi/egs/timit/s5_la4/mfcc/raw_mfcc_train.2.ark:1561741
marw0_si646 /nfs-share/xinchi/kaldi/egs/timit/s5_la4/mfcc/raw_mfcc_train.2.ark:1010795
majp0_si2334 /nfs-share/xinchi/kaldi/egs/timit/s5_la4/mfcc/raw_mfcc_train.2.ark:852455
mjwg0_sx445 /nfs-share/xinchi/kaldi/egs/timit/s5_la4/mfcc/raw_mfcc_train.3.ark:1707837
mntw0_sx202 /nfs-share/xinchi/kaldi/egs/timit/s5_la4/mfcc/raw_mfcc_train.3.ark:3492283
fjlg0_sx359 /nfs-share/xinchi/kaldi/egs/timit/s5_la4/mfcc/raw_mfcc_train.1.ark:1735061
fmju0_sx219 /nfs-share/xinchi/kaldi/egs/timit/s5_la4/mfcc/raw_mfcc_train.1.ark:2970049
mjpm1_sx41 /nfs-share/xinchi/kaldi/egs/timit/s5_la4/mfcc/raw_mfcc_train.3.ark:1443045
majp0_sx444 /nfs-share/xinchi/kaldi/egs/timit/s5_la4/mfcc/raw_mfcc_train.2.ark:870865
mdpb0_si1760 /nfs-share/xinchi/kaldi/egs/timit/s5_la4/mfcc/raw_mfcc_train.2.ark:2777999
mfxv0_si1342 /nfs-share/xinchi/kaldi/egs/timit/s5_la4/mfcc/raw_mfcc_train.2.ark:3558377
fdkn0_si1711 /nfs-share/xinchi/kaldi/egs/timit/s5_la4/mfcc/raw_mfcc_train.1.ark:921362
mtrt0_si1857 /nfs-share/xinchi/kaldi/egs/timit/s5_la4/mfcc/raw_mfcc_train.4.ark:3244690
fear0_sx442 /nfs-share/xinchi/kaldi/egs/timit/s5_la4/mfcc/raw_mfcc_train.1.ark:1179139
mmea0_sx38 /nfs-share/xinchi/kaldi/egs/timit/s5_la4/mfcc/raw_mfcc_train.3.ark:2988702
mkln0_si2228 /nfs-share/xinchi/kaldi/egs/timit/s5_la4/mfcc/raw_mfcc_train.3.ark:2146750
mdcd0_sx245 /nfs-share/xinchi/kaldi/egs/timit/s5_la4/mfcc/raw_mfcc_train.2.ark:2107277
fsdj0_sx395 /nfs-share/xinchi/kaldi/egs/timit/s5_la4/mfcc/raw_mfcc_train.1.ark:3788587
fclt0_si2068 /nfs-share/xinchi/kaldi/egs/timit/s5_la4/mfcc/raw_mfcc_train.1.ark:625920
mrld0_si1594 /nfs-share/xinchi/kaldi/egs/timit/s5_la4/mfcc/raw_mfcc_train.4.ark:1058512
mtbc0_sx93 /nfs-share/xinchi/kaldi/egs/timit/s5_la4/mfcc/raw_mfcc_train.4.ark:2501055
mppc0_sx62 /nfs-share/xinchi/kaldi/egs/timit/s5_la4/mfcc/raw_mfcc_train.4.ark:12265
mtpr0_sx250 /nfs-share/xinchi/kaldi/egs/timit/s5_la4/mfcc/raw_mfcc_train.4.ark:3117227
fpaf0_sx424 /nfs-share/xinchi/kaldi/egs/timit/s5_la4/mfcc/raw_mfcc_train.1.ark:3323580
mhjb0_sx387 /nfs-share/xinchi/kaldi/egs/timit/s5_la4/mfcc/raw_mfcc_train.3.ark:383822
fmkf0_si1536 /nfs-share/xinchi/kaldi/egs/timit/s5_la4/mfcc/raw_mfcc_train.1.ark:3025367
fskc0_sx246 /nfs-share/xinchi/kaldi/egs/timit/s5_la4/mfcc/raw_mfcc_train.2.ark:97631
mrre0_si1334 /nfs-share/xinchi/kaldi/egs/timit/s5_la4/mfcc/raw_mfcc_train.4.ark:1397963
mtlb0_sx144 /nfs-share/xinchi/kaldi/egs/timit/s5_la4/mfcc/raw_mfcc_train.4.ark:2855905
mdem0_sx68 /nfs-share/xinchi/kaldi/egs/timit/s5_la4/mfcc/raw_mfcc_train.2.ark:2283342
fbcg1_sx172 /nfs-share/xinchi/kaldi/egs/timit/s5_la4/mfcc/raw_mfcc_train.1.ark:217292
mbsb0_sx363 /nfs-share/xinchi/kaldi/egs/timit/s5_la4/mfcc/raw_mfcc_train.2.ark:1362775
mjdg0_si1705 /nfs-share/xinchi/kaldi/egs/timit/s5_la4/mfcc/raw_mfcc_train.3.ark:786097
mprk0_sx377 /nfs-share/xinchi/kaldi/egs/timit/s5_la4/mfcc/raw_mfcc_train.4.ark:125003
marc0_si1818 /nfs-share/xinchi/kaldi/egs/timit/s5_la4/mfcc/raw_mfcc_train.2.ark:979973
fdtd0_sx391 /nfs-share/xinchi/kaldi/egs/timit/s5_la4/mfcc/raw_mfcc_train.1.ark:1089170
mjde0_sx130 /nfs-share/xinchi/kaldi/egs/timit/s5_la4/mfcc/raw_mfcc_train.3.ark:751804
flmc0_sx112 /nfs-share/xinchi/kaldi/egs/timit/s5_la4/mfcc/raw_mfcc_train.1.ark:2669085
mtlc0_sx37 /nfs-share/xinchi/kaldi/egs/timit/s5_la4/mfcc/raw_mfcc_train.4.ark:2899415
mkls1_si1545 /nfs-share/xinchi/kaldi/egs/timit/s5_la4/mfcc/raw_mfcc_train.3.ark:2237187
mmws0_sx348 /nfs-share/xinchi/kaldi/egs/timit/s5_la4/mfcc/raw_mfcc_train.3.ark:3374960
mjws0_sx333 /nfs-share/xinchi/kaldi/egs/timit/s5_la4/mfcc/raw_mfcc_train.3.ark:1734940
mmab1_sx54 /nfs-share/xinchi/kaldi/egs/timit/s5_la4/mfcc/raw_mfcc_train.3.ark:2634520
flac0_sx181 /nfs-share/xinchi/kaldi/egs/timit/s5_la4/mfcc/raw_mfcc_train.1.ark:2336155
fdkn0_sx361 /nfs-share/xinchi/kaldi/egs/timit/s5_la4/mfcc/raw_mfcc_train.1.ark:933785
mdlc1_sx355 /nfs-share/xinchi/kaldi/egs/timit/s5_la4/mfcc/raw_mfcc_train.2.ark:2509371
fetb0_si1148 /nfs-share/xinchi/kaldi/egs/timit/s5_la4/mfcc/raw_mfcc_train.1.ark:1294738
mjpm0_sx18 /nfs-share/xinchi/kaldi/egs/timit/s5_la4/mfcc/raw_mfcc_train.3.ark:1399781
mmgg0_si1079 /nfs-share/xinchi/kaldi/egs/timit/s5_la4/mfcc/raw_mfcc_train.3.ark:3055416
mgar0_sx42 /nfs-share/xinchi/kaldi/egs/timit/s5_la4/mfcc/raw_mfcc_train.3.ark:29222
mcew0_si1442 /nfs-share/xinchi/kaldi/egs/timit/s5_la4/mfcc/raw_mfcc_train.2.ark:1636242
mrwa0_sx433 /nfs-share/xinchi/kaldi/egs/timit/s5_la4/mfcc/raw_mfcc_train.4.ark:1637652
mmea0_sx308 /nfs-share/xinchi/kaldi/egs/timit/s5_la4/mfcc/raw_mfcc_train.3.ark:2985420
megj0_sx437 /nfs-share/xinchi/kaldi/egs/timit/s5_la4/mfcc/raw_mfcc_train.2.ark:3239480
mefg0_sx375 /nfs-share/xinchi/kaldi/egs/timit/s5_la4/mfcc/raw_mfcc_train.2.ark:3208010
mctm0_sx180 /nfs-share/xinchi/kaldi/egs/timit/s5_la4/mfcc/raw_mfcc_train.2.ark:1912671
mdlc0_sx225 /nfs-share/xinchi/kaldi/egs/timit/s5_la4/mfcc/raw_mfcc_train.2.ark:2471853
mchl0_sx447 /nfs-share/xinchi/kaldi/egs/timit/s5_la4/mfcc/raw_mfcc_train.2.ark:1703449
fgmb0_si515 /nfs-share/xinchi/kaldi/egs/timit/s5_la4/mfcc/raw_mfcc_train.1.ark:1443065
mdpk0_sx243 /nfs-share/xinchi/kaldi/egs/timit/s5_la4/mfcc/raw_mfcc_train.2.ark:2825730
mdpb0_sx236 /nfs-share/xinchi/kaldi/egs/timit/s5_la4/mfcc/raw_mfcc_train.2.ark:2797866
fssb0_si2342 /nfs-share/xinchi/kaldi/egs/timit/s5_la4/mfcc/raw_mfcc_train.2.ark:388032
mbar0_sx239 /nfs-share/xinchi/kaldi/egs/timit/s5_la4/mfcc/raw_mfcc_train.2.ark:1054533
mtju0_si2269 /nfs-share/xinchi/kaldi/egs/timit/s5_la4/mfcc/raw_mfcc_train.4.ark:2749406
mejl0_si1592 /nfs-share/xinchi/kaldi/egs/timit/s5_la4/mfcc/raw_mfcc_train.2.ark:3249023
flkm0_sx350 /nfs-share/xinchi/kaldi/egs/timit/s5_la4/mfcc/raw_mfcc_train.1.ark:2613904
fjwb1_sx165 /nfs-share/xinchi/kaldi/egs/timit/s5_la4/mfcc/raw_mfcc_train.1.ark:1932638
mjrp0_si1835 /nfs-share/xinchi/kaldi/egs/timit/s5_la4/mfcc/raw_mfcc_train.3.ark:1607243
madd0_si538 /nfs-share/xinchi/kaldi/egs/timit/s5_la4/mfcc/raw_mfcc_train.2.ark:729583
mkag0_sx79 /nfs-share/xinchi/kaldi/egs/timit/s5_la4/mfcc/raw_mfcc_train.3.ark:1880169
mdtb0_si1200 /nfs-share/xinchi/kaldi/egs/timit/s5_la4/mfcc/raw_mfcc_train.2.ark:2995914
mntw0_si2328 /nfs-share/xinchi/kaldi/egs/timit/s5_la4/mfcc/raw_mfcc_train.3.ark:3486731
fear0_sx172 /nfs-share/xinchi/kaldi/egs/timit/s5_la4/mfcc/raw_mfcc_train.1.ark:1164844
mpsw0_sx24 /nfs-share/xinchi/kaldi/egs/timit/s5_la4/mfcc/raw_mfcc_train.4.ark:171818
mrtc0_sx18 /nfs-share/xinchi/kaldi/egs/timit/s5_la4/mfcc/raw_mfcc_train.4.ark:1528617
fdtd0_sx211 /nfs-share/xinchi/kaldi/egs/timit/s5_la4/mfcc/raw_mfcc_train.1.ark:1074043
mtjg0_sx350 /nfs-share/xinchi/kaldi/egs/timit/s5_la4/mfcc/raw_mfcc_train.4.ark:2660993
mwch0_sx92 /nfs-share/xinchi/kaldi/egs/timit/s5_la4/mfcc/raw_mfcc_train.4.ark:3544274
fcmm0_si1083 /nfs-share/xinchi/kaldi/egs/timit/s5_la4/mfcc/raw_mfcc_train.1.ark:688583
mjbg0_si1862 /nfs-share/xinchi/kaldi/egs/timit/s5_la4/mfcc/raw_mfcc_train.3.ark:649680
mmaa0_sx35 /nfs-share/xinchi/kaldi/egs/timit/s5_la4/mfcc/raw_mfcc_train.3.ark:2597601
msat0_sx446 /nfs-share/xinchi/kaldi/egs/timit/s5_la4/mfcc/raw_mfcc_train.4.ark:1789518
mlel0_sx346 /nfs-share/xinchi/kaldi/egs/timit/s5_la4/mfcc/raw_mfcc_train.3.ark:2419132
fcke0_sx121 /nfs-share/xinchi/kaldi/egs/timit/s5_la4/mfcc/raw_mfcc_train.1.ark:606832
fntb0_sx33 /nfs-share/xinchi/kaldi/egs/timit/s5_la4/mfcc/raw_mfcc_train.1.ark:3183028
mgaw0_sx85 /nfs-share/xinchi/kaldi/egs/timit/s5_la4/mfcc/raw_mfcc_train.3.ark:60258
fljd0_si886 /nfs-share/xinchi/kaldi/egs/timit/s5_la4/mfcc/raw_mfcc_train.1.ark:2531272
fclt0_sx448 /nfs-share/xinchi/kaldi/egs/timit/s5_la4/mfcc/raw_mfcc_train.1.ark:645715
mzmb0_sx356 /nfs-share/xinchi/kaldi/egs/timit/s5_la4/mfcc/raw_mfcc_train.4.ark:3798047
medr0_sx114 /nfs-share/xinchi/kaldi/egs/timit/s5_la4/mfcc/raw_mfcc_train.2.ark:3163559
fpad0_sx176 /nfs-share/xinchi/kaldi/egs/timit/s5_la4/mfcc/raw_mfcc_train.1.ark:3276454
fsak0_sx220 /nfs-share/xinchi/kaldi/egs/timit/s5_la4/mfcc/raw_mfcc_train.1.ark:3642868
mejs0_si610 /nfs-share/xinchi/kaldi/egs/timit/s5_la4/mfcc/raw_mfcc_train.2.ark:3286392
mrkm0_sx7 /nfs-share/xinchi/kaldi/egs/timit/s5_la4/mfcc/raw_mfcc_train.4.ark:1050269
fsjk1_sx125 /nfs-share/xinchi/kaldi/egs/timit/s5_la4/mfcc/raw_mfcc_train.1.ark:3879952
milb0_si903 /nfs-share/xinchi/kaldi/egs/timit/s5_la4/mfcc/raw_mfcc_train.3.ark:522586
mdwd0_si1260 /nfs-share/xinchi/kaldi/egs/timit/s5_la4/mfcc/raw_mfcc_train.2.ark:3023519
fbjl0_si1552 /nfs-share/xinchi/kaldi/egs/timit/s5_la4/mfcc/raw_mfcc_train.1.ark:274856
msfh0_sx46 /nfs-share/xinchi/kaldi/egs/timit/s5_la4/mfcc/raw_mfcc_train.4.ark:2029114
mgrl0_sx57 /nfs-share/xinchi/kaldi/egs/timit/s5_la4/mfcc/raw_mfcc_train.3.ark:155109
mhjb0_si1647 /nfs-share/xinchi/kaldi/egs/timit/s5_la4/mfcc/raw_mfcc_train.3.ark:364371
mgsh0_sx127 /nfs-share/xinchi/kaldi/egs/timit/s5_la4/mfcc/raw_mfcc_train.3.ark:209783
flmk0_sx45 /nfs-share/xinchi/kaldi/egs/timit/s5_la4/mfcc/raw_mfcc_train.1.ark:2717855
megj0_si1967 /nfs-share/xinchi/kaldi/egs/timit/s5_la4/mfcc/raw_mfcc_train.2.ark:3220662
mrlj0_sx250 /nfs-share/xinchi/kaldi/egs/timit/s5_la4/mfcc/raw_mfcc_train.4.ark:1102954
mdlb0_si1306 /nfs-share/xinchi/kaldi/egs/timit/s5_la4/mfcc/raw_mfcc_train.2.ark:2413306
mrpc1_sx402 /nfs-share/xinchi/kaldi/egs/timit/s5_la4/mfcc/raw_mfcc_train.4.ark:1391904
msvs0_sx38 /nfs-share/xinchi/kaldi/egs/timit/s5_la4/mfcc/raw_mfcc_train.4.ark:2328773
mkdd0_si1567 /nfs-share/xinchi/kaldi/egs/timit/s5_la4/mfcc/raw_mfcc_train.3.ark:2011744
mhbs0_sx225 /nfs-share/xinchi/kaldi/egs/timit/s5_la4/mfcc/raw_mfcc_train.3.ark:316438
makb0_sx26 /nfs-share/xinchi/kaldi/egs/timit/s5_la4/mfcc/raw_mfcc_train.2.ark:908186
fdmy0_sx117 /nfs-share/xinchi/kaldi/egs/timit/s5_la4/mfcc/raw_mfcc_train.1.ark:997832
fapb0_si1693 /nfs-share/xinchi/kaldi/egs/timit/s5_la4/mfcc/raw_mfcc_train.1.ark:137498
mjfr0_sx255 /nfs-share/xinchi/kaldi/egs/timit/s5_la4/mfcc/raw_mfcc_train.3.ark:985457
fsma0_sx361 /nfs-share/xinchi/kaldi/egs/timit/s5_la4/mfcc/raw_mfcc_train.2.ark:229882
mpgr1_si1499 /nfs-share/xinchi/kaldi/egs/timit/s5_la4/mfcc/raw_mfcc_train.3.ark:3659367
mjra0_sx156 /nfs-share/xinchi/kaldi/egs/timit/s5_la4/mfcc/raw_mfcc_train.3.ark:1459936
mjws0_sx243 /nfs-share/xinchi/kaldi/egs/timit/s5_la4/mfcc/raw_mfcc_train.3.ark:1730617
msjk0_sx66 /nfs-share/xinchi/kaldi/egs/timit/s5_la4/mfcc/raw_mfcc_train.4.ark:2100572
fcjs0_sx347 /nfs-share/xinchi/kaldi/egs/timit/s5_la4/mfcc/raw_mfcc_train.1.ark:578631
fklc1_sx238 /nfs-share/xinchi/kaldi/egs/timit/s5_la4/mfcc/raw_mfcc_train.1.ark:2242911
mjpm1_si1897 /nfs-share/xinchi/kaldi/egs/timit/s5_la4/mfcc/raw_mfcc_train.3.ark:1415878
mtas0_si755 /nfs-share/xinchi/kaldi/egs/timit/s5_la4/mfcc/raw_mfcc_train.4.ark:2384318
maeo0_si1655 /nfs-share/xinchi/kaldi/egs/timit/s5_la4/mfcc/raw_mfcc_train.2.ark:790621
mmdm1_sx243 /nfs-share/xinchi/kaldi/egs/timit/s5_la4/mfcc/raw_mfcc_train.3.ark:2923861
fcyl0_si1297 /nfs-share/xinchi/kaldi/egs/timit/s5_la4/mfcc/raw_mfcc_train.1.ark:750083
mrml0_si2051 /nfs-share/xinchi/kaldi/egs/timit/s5_la4/mfcc/raw_mfcc_train.4.ark:1307552
mtat1_si779 /nfs-share/xinchi/kaldi/egs/timit/s5_la4/mfcc/raw_mfcc_train.4.ark:2441671
mjrh1_si1774 /nfs-share/xinchi/kaldi/egs/timit/s5_la4/mfcc/raw_mfcc_train.3.ark:1551614
mpeb0_si1034 /nfs-share/xinchi/kaldi/egs/timit/s5_la4/mfcc/raw_mfcc_train.3.ark:3535827
fdml0_sx159 /nfs-share/xinchi/kaldi/egs/timit/s5_la4/mfcc/raw_mfcc_train.1.ark:958360
mtat0_sx30 /nfs-share/xinchi/kaldi/egs/timit/s5_la4/mfcc/raw_mfcc_train.4.ark:2425826
mvjh0_si926 /nfs-share/xinchi/kaldi/egs/timit/s5_la4/mfcc/raw_mfcc_train.4.ark:3345450
fear0_sx352 /nfs-share/xinchi/kaldi/egs/timit/s5_la4/mfcc/raw_mfcc_train.1.ark:1172658
mejs0_si1870 /nfs-share/xinchi/kaldi/egs/timit/s5_la4/mfcc/raw_mfcc_train.2.ark:3283278
mcae0_si817 /nfs-share/xinchi/kaldi/egs/timit/s5_la4/mfcc/raw_mfcc_train.2.ark:1451278
mtdb0_si2031 /nfs-share/xinchi/kaldi/egs/timit/s5_la4/mfcc/raw_mfcc_train.4.ark:2542026
fhlm0_si1560 /nfs-share/xinchi/kaldi/egs/timit/s5_la4/mfcc/raw_mfcc_train.1.ark:1507827
fsmm0_si1944 /nfs-share/xinchi/kaldi/egs/timit/s5_la4/mfcc/raw_mfcc_train.2.ark:247084
mtmn0_sx254 /nfs-share/xinchi/kaldi/egs/timit/s5_la4/mfcc/raw_mfcc_train.4.ark:2962827
fjen0_sx417 /nfs-share/xinchi/kaldi/egs/timit/s5_la4/mfcc/raw_mfcc_train.1.ark:1643765
fmjb0_sx367 /nfs-share/xinchi/kaldi/egs/timit/s5_la4/mfcc/raw_mfcc_train.1.ark:2905971
mwsb0_sx186 /nfs-share/xinchi/kaldi/egs/timit/s5_la4/mfcc/raw_mfcc_train.4.ark:3722482
mbwp0_si1531 /nfs-share/xinchi/kaldi/egs/timit/s5_la4/mfcc/raw_mfcc_train.2.ark:1403002
mrgm0_sx262 /nfs-share/xinchi/kaldi/egs/timit/s5_la4/mfcc/raw_mfcc_train.4.ark:756262
mwch0_si1622 /nfs-share/xinchi/kaldi/egs/timit/s5_la4/mfcc/raw_mfcc_train.4.ark:3520265
fdxw0_sx251 /nfs-share/xinchi/kaldi/egs/timit/s5_la4/mfcc/raw_mfcc_train.1.ark:1106705
mprk0_sx17 /nfs-share/xinchi/kaldi/egs/timit/s5_la4/mfcc/raw_mfcc_train.4.ark:111657
fmjf0_si1254 /nfs-share/xinchi/kaldi/egs/timit/s5_la4/mfcc/raw_mfcc_train.1.ark:2917755
mjdm0_sx80 /nfs-share/xinchi/kaldi/egs/timit/s5_la4/mfcc/raw_mfcc_train.3.ark:840814
mbjv0_si1247 /nfs-share/xinchi/kaldi/egs/timit/s5_la4/mfcc/raw_mfcc_train.2.ark:1191523
mrlr0_sx206 /nfs-share/xinchi/kaldi/egs/timit/s5_la4/mfcc/raw_mfcc_train.4.ark:1193138
mkaj0_sx64 /nfs-share/xinchi/kaldi/egs/timit/s5_la4/mfcc/raw_mfcc_train.3.ark:1941721
makr0_si1982 /nfs-share/xinchi/kaldi/egs/timit/s5_la4/mfcc/raw_mfcc_train.2.ark:921320
fskl0_sx179 /nfs-share/xinchi/kaldi/egs/timit/s5_la4/mfcc/raw_mfcc_train.2.ark:126268
flet0_sx417 /nfs-share/xinchi/kaldi/egs/timit/s5_la4/mfcc/raw_mfcc_train.1.ark:2448382
fsak0_sx40 /nfs-share/xinchi/kaldi/egs/timit/s5_la4/mfcc/raw_mfcc_train.1.ark:3651851
mkln0_sx338 /nfs-share/xinchi/kaldi/egs/timit/s5_la4/mfcc/raw_mfcc_train.3.ark:2160818
fajw0_sx183 /nfs-share/xinchi/kaldi/egs/timit/s5_la4/mfcc/raw_mfcc_train.1.ark:49518
mgaf0_sx112 /nfs-share/xinchi/kaldi/egs/timit/s5_la4/mfcc/raw_mfcc_train.2.ark:3597124
mjhi0_sx68 /nfs-share/xinchi/kaldi/egs/timit/s5_la4/mfcc/raw_mfcc_train.3.ark:1033139
fklc0_sx355 /nfs-share/xinchi/kaldi/egs/timit/s5_la4/mfcc/raw_mfcc_train.1.ark:2217016
mrvg0_si510 /nfs-share/xinchi/kaldi/egs/timit/s5_la4/mfcc/raw_mfcc_train.4.ark:1592652
mjpg0_sx381 /nfs-share/xinchi/kaldi/egs/timit/s5_la4/mfcc/raw_mfcc_train.3.ark:1379088
mmgk0_si1322 /nfs-share/xinchi/kaldi/egs/timit/s5_la4/mfcc/raw_mfcc_train.3.ark:3087753
mcdd0_si2143 /nfs-share/xinchi/kaldi/egs/timit/s5_la4/mfcc/raw_mfcc_train.2.ark:1543415
mwar0_sx415 /nfs-share/xinchi/kaldi/egs/timit/s5_la4/mfcc/raw_mfcc_train.4.ark:3512581
mbgt0_sx171 /nfs-share/xinchi/kaldi/egs/timit/s5_la4/mfcc/raw_mfcc_train.2.ark:1169661
mvjh0_sx116 /nfs-share/xinchi/kaldi/egs/timit/s5_la4/mfcc/raw_mfcc_train.4.ark:3349266
fdxw0_sx431 /nfs-share/xinchi/kaldi/egs/timit/s5_la4/mfcc/raw_mfcc_train.1.ark:1114285
mprb0_sx305 /nfs-share/xinchi/kaldi/egs/timit/s5_la4/mfcc/raw_mfcc_train.4.ark:41624
mtmn0_sx344 /nfs-share/xinchi/kaldi/egs/timit/s5_la4/mfcc/raw_mfcc_train.4.ark:2965824
mjeb1_si1467 /nfs-share/xinchi/kaldi/egs/timit/s5_la4/mfcc/raw_mfcc_train.3.ark:875472
mdsj0_sx22 /nfs-share/xinchi/kaldi/egs/timit/s5_la4/mfcc/raw_mfcc_train.2.ark:2923608
milb0_sx183 /nfs-share/xinchi/kaldi/egs/timit/s5_la4/mfcc/raw_mfcc_train.3.ark:528469
fkdw0_sx217 /nfs-share/xinchi/kaldi/egs/timit/s5_la4/mfcc/raw_mfcc_train.1.ark:2108535
mmgc0_sx135 /nfs-share/xinchi/kaldi/egs/timit/s5_la4/mfcc/raw_mfcc_train.3.ark:3038104
frll0_sx254 /nfs-share/xinchi/kaldi/egs/timit/s5_la4/mfcc/raw_mfcc_train.1.ark:3541115
mrre0_sx434 /nfs-share/xinchi/kaldi/egs/timit/s5_la4/mfcc/raw_mfcc_train.4.ark:1427931
mgrp0_si1317 /nfs-share/xinchi/kaldi/egs/timit/s5_la4/mfcc/raw_mfcc_train.3.ark:157847
feac0_sx435 /nfs-share/xinchi/kaldi/egs/timit/s5_la4/mfcc/raw_mfcc_train.1.ark:1145945
mbma1_sx414 /nfs-share/xinchi/kaldi/egs/timit/s5_la4/mfcc/raw_mfcc_train.2.ark:1277870
mmab1_sx414 /nfs-share/xinchi/kaldi/egs/timit/s5_la4/mfcc/raw_mfcc_train.3.ark:2630471
mcal0_sx418 /nfs-share/xinchi/kaldi/egs/timit/s5_la4/mfcc/raw_mfcc_train.2.ark:1499916
mwgr0_sx166 /nfs-share/xinchi/kaldi/egs/timit/s5_la4/mfcc/raw_mfcc_train.4.ark:3625812
mrhl0_si885 /nfs-share/xinchi/kaldi/egs/timit/s5_la4/mfcc/raw_mfcc_train.4.ark:817902
fsgf0_sx27 /nfs-share/xinchi/kaldi/egs/timit/s5_la4/mfcc/raw_mfcc_train.1.ark:3814734
fmbg0_sx80 /nfs-share/xinchi/kaldi/egs/timit/s5_la4/mfcc/raw_mfcc_train.1.ark:2845484
fdfb0_sx328 /nfs-share/xinchi/kaldi/egs/timit/s5_la4/mfcc/raw_mfcc_train.1.ark:868280
mhit0_si1613 /nfs-share/xinchi/kaldi/egs/timit/s5_la4/mfcc/raw_mfcc_train.3.ark:328868
mtcs0_sx262 /nfs-share/xinchi/kaldi/egs/timit/s5_la4/mfcc/raw_mfcc_train.4.ark:2519357
mjwt0_sx121 /nfs-share/xinchi/kaldi/egs/timit/s5_la4/mfcc/raw_mfcc_train.3.ark:1765923
fmem0_si1377 /nfs-share/xinchi/kaldi/egs/timit/s5_la4/mfcc/raw_mfcc_train.1.ark:2848339
mbml0_si1799 /nfs-share/xinchi/kaldi/egs/timit/s5_la4/mfcc/raw_mfcc_train.2.ark:1289735
mhbs0_si1575 /nfs-share/xinchi/kaldi/egs/timit/s5_la4/mfcc/raw_mfcc_train.3.ark:299444
fklh0_si627 /nfs-share/xinchi/kaldi/egs/timit/s5_la4/mfcc/raw_mfcc_train.1.ark:2269734
mded0_si1800 /nfs-share/xinchi/kaldi/egs/timit/s5_la4/mfcc/raw_mfcc_train.2.ark:2187858
mrws0_si472 /nfs-share/xinchi/kaldi/egs/timit/s5_la4/mfcc/raw_mfcc_train.4.ark:1653671
mrjh0_sx439 /nfs-share/xinchi/kaldi/egs/timit/s5_la4/mfcc/raw_mfcc_train.4.ark:907159
mpgh0_sx294 /nfs-share/xinchi/kaldi/egs/timit/s5_la4/mfcc/raw_mfcc_train.3.ark:3621522
mcpm0_sx24 /nfs-share/xinchi/kaldi/egs/timit/s5_la4/mfcc/raw_mfcc_train.2.ark:1793143
mbwp0_sx169 /nfs-share/xinchi/kaldi/egs/timit/s5_la4/mfcc/raw_mfcc_train.2.ark:1413151
mjmm0_sx355 /nfs-share/xinchi/kaldi/egs/timit/s5_la4/mfcc/raw_mfcc_train.3.ark:1345101
megj0_sx77 /nfs-share/xinchi/kaldi/egs/timit/s5_la4/mfcc/raw_mfcc_train.2.ark:3244634
mwad0_sx162 /nfs-share/xinchi/kaldi/egs/timit/s5_la4/mfcc/raw_mfcc_train.4.ark:3473346
mmcc0_si708 /nfs-share/xinchi/kaldi/egs/timit/s5_la4/mfcc/raw_mfcc_train.3.ark:2789797
mmlm0_si2150 /nfs-share/xinchi/kaldi/egs/timit/s5_la4/mfcc/raw_mfcc_train.3.ark:3148507
mbma0_sx142 /nfs-share/xinchi/kaldi/egs/timit/s5_la4/mfcc/raw_mfcc_train.2.ark:1231915
mjrp0_si585 /nfs-share/xinchi/kaldi/egs/timit/s5_la4/mfcc/raw_mfcc_train.3.ark:1614629
mdlc1_sx265 /nfs-share/xinchi/kaldi/egs/timit/s5_la4/mfcc/raw_mfcc_train.2.ark:2505503
mrai0_sx252 /nfs-share/xinchi/kaldi/egs/timit/s5_la4/mfcc/raw_mfcc_train.4.ark:268774
fpjf0_sx56 /nfs-share/xinchi/kaldi/egs/timit/s5_la4/mfcc/raw_mfcc_train.1.ark:3392964
mdps0_si719 /nfs-share/xinchi/kaldi/egs/timit/s5_la4/mfcc/raw_mfcc_train.2.ark:2848211
fmbg0_sx350 /nfs-share/xinchi/kaldi/egs/timit/s5_la4/mfcc/raw_mfcc_train.1.ark:2835617
mvlo0_sx337 /nfs-share/xinchi/kaldi/egs/timit/s5_la4/mfcc/raw_mfcc_train.4.ark:3386257
mjrp0_sx45 /nfs-share/xinchi/kaldi/egs/timit/s5_la4/mfcc/raw_mfcc_train.3.ark:1632954
mmdm1_sx63 /nfs-share/xinchi/kaldi/egs/timit/s5_la4/mfcc/raw_mfcc_train.3.ark:2938272
fjxp0_sx312 /nfs-share/xinchi/kaldi/egs/timit/s5_la4/mfcc/raw_mfcc_train.1.ark:2005787
mkaj0_sx244 /nfs-share/xinchi/kaldi/egs/timit/s5_la4/mfcc/raw_mfcc_train.3.ark:1931587
fsag0_si1953 /nfs-share/xinchi/kaldi/egs/timit/s5_la4/mfcc/raw_mfcc_train.1.ark:3559832
mmvp0_si1914 /nfs-share/xinchi/kaldi/egs/timit/s5_la4/mfcc/raw_mfcc_train.3.ark:3279255
mefg0_sx195 /nfs-share/xinchi/kaldi/egs/timit/s5_la4/mfcc/raw_mfcc_train.2.ark:3201353
mabc0_sx331 /nfs-share/xinchi/kaldi/egs/timit/s5_la4/mfcc/raw_mfcc_train.2.ark:677685
msem1_si2070 /nfs-share/xinchi/kaldi/egs/timit/s5_la4/mfcc/raw_mfcc_train.4.ark:1926752
mfxv0_sx195 /nfs-share/xinchi/kaldi/egs/timit/s5_la4/mfcc/raw_mfcc_train.2.ark:3573290
mlel0_si1246 /nfs-share/xinchi/kaldi/egs/timit/s5_la4/mfcc/raw_mfcc_train.3.ark:2395046
flet0_sx147 /nfs-share/xinchi/kaldi/egs/timit/s5_la4/mfcc/raw_mfcc_train.1.ark:2439625
mjrk0_sx160 /nfs-share/xinchi/kaldi/egs/timit/s5_la4/mfcc/raw_mfcc_train.3.ark:1587617
mtrt0_si597 /nfs-share/xinchi/kaldi/egs/timit/s5_la4/mfcc/raw_mfcc_train.4.ark:3249104
mdlr1_sx399 /nfs-share/xinchi/kaldi/egs/timit/s5_la4/mfcc/raw_mfcc_train.2.ark:2674235
fpad0_sx356 /nfs-share/xinchi/kaldi/egs/timit/s5_la4/mfcc/raw_mfcc_train.1.ark:3285763
mrlr0_sx116 /nfs-share/xinchi/kaldi/egs/timit/s5_la4/mfcc/raw_mfcc_train.4.ark:1190180
mesg0_si1332 /nfs-share/xinchi/kaldi/egs/timit/s5_la4/mfcc/raw_mfcc_train.2.ark:3309106
mwac0_sx251 /nfs-share/xinchi/kaldi/egs/timit/s5_la4/mfcc/raw_mfcc_train.4.ark:3444864
flhd0_sx444 /nfs-share/xinchi/kaldi/egs/timit/s5_la4/mfcc/raw_mfcc_train.1.ark:2478054
frll0_sx344 /nfs-share/xinchi/kaldi/egs/timit/s5_la4/mfcc/raw_mfcc_train.1.ark:3544502
mdwh0_sx215 /nfs-share/xinchi/kaldi/egs/timit/s5_la4/mfcc/raw_mfcc_train.2.ark:3073213
fsdc0_sx412 /nfs-share/xinchi/kaldi/egs/timit/s5_la4/mfcc/raw_mfcc_train.1.ark:3756583
mlns0_sx237 /nfs-share/xinchi/kaldi/egs/timit/s5_la4/mfcc/raw_mfcc_train.3.ark:2521333
fsgf0_si1557 /nfs-share/xinchi/kaldi/egs/timit/s5_la4/mfcc/raw_mfcc_train.1.ark:3792079
fsag0_sx63 /nfs-share/xinchi/kaldi/egs/timit/s5_la4/mfcc/raw_mfcc_train.1.ark:3588161
fskc0_sx66 /nfs-share/xinchi/kaldi/egs/timit/s5_la4/mfcc/raw_mfcc_train.2.ark:110040
mcdd0_sx73 /nfs-share/xinchi/kaldi/egs/timit/s5_la4/mfcc/raw_mfcc_train.2.ark:1565816
fljd0_sx166 /nfs-share/xinchi/kaldi/egs/timit/s5_la4/mfcc/raw_mfcc_train.1.ark:2533853
mcdc0_sx212 /nfs-share/xinchi/kaldi/egs/timit/s5_la4/mfcc/raw_mfcc_train.2.ark:1524828
mrlj1_sx51 /nfs-share/xinchi/kaldi/egs/timit/s5_la4/mfcc/raw_mfcc_train.4.ark:1140927
mrjb1_sx390 /nfs-share/xinchi/kaldi/egs/timit/s5_la4/mfcc/raw_mfcc_train.4.ark:873764
mrgm0_si532 /nfs-share/xinchi/kaldi/egs/timit/s5_la4/mfcc/raw_mfcc_train.4.ark:744496
mjra0_si1866 /nfs-share/xinchi/kaldi/egs/timit/s5_la4/mfcc/raw_mfcc_train.3.ark:1451771
mnet0_si816 /nfs-share/xinchi/kaldi/egs/timit/s5_la4/mfcc/raw_mfcc_train.3.ark:3452095
mkaj0_sx334 /nfs-share/xinchi/kaldi/egs/timit/s5_la4/mfcc/raw_mfcc_train.3.ark:1935689
fcag0_sx423 /nfs-share/xinchi/kaldi/egs/timit/s5_la4/mfcc/raw_mfcc_train.1.ark:431921
fsah0_si614 /nfs-share/xinchi/kaldi/egs/timit/s5_la4/mfcc/raw_mfcc_train.1.ark:3601093
mcxm0_si721 /nfs-share/xinchi/kaldi/egs/timit/s5_la4/mfcc/raw_mfcc_train.2.ark:1939371
mrkm0_sx187 /nfs-share/xinchi/kaldi/egs/timit/s5_la4/mfcc/raw_mfcc_train.4.ark:1036938
mses0_sx329 /nfs-share/xinchi/kaldi/egs/timit/s5_la4/mfcc/raw_mfcc_train.4.ark:1983323
mctm0_sx90 /nfs-share/xinchi/kaldi/egs/timit/s5_la4/mfcc/raw_mfcc_train.2.ark:1927817
mmab1_sx144 /nfs-share/xinchi/kaldi/egs/timit/s5_la4/mfcc/raw_mfcc_train.3.ark:2616904
mrjh0_sx259 /nfs-share/xinchi/kaldi/egs/timit/s5_la4/mfcc/raw_mfcc_train.4.ark:900190
msah1_sx59 /nfs-share/xinchi/kaldi/egs/timit/s5_la4/mfcc/raw_mfcc_train.4.ark:1731430
mgsh0_sx96 /nfs-share/xinchi/kaldi/egs/timit/s5_la4/mfcc/raw_mfcc_train.3.ark:223887
madc0_sx17 /nfs-share/xinchi/kaldi/egs/timit/s5_la4/mfcc/raw_mfcc_train.2.ark:707946
mjhi0_si698 /nfs-share/xinchi/kaldi/egs/timit/s5_la4/mfcc/raw_mfcc_train.3.ark:1013410
marc0_sx288 /nfs-share/xinchi/kaldi/egs/timit/s5_la4/mfcc/raw_mfcc_train.2.ark:996712
mjda0_sx311 /nfs-share/xinchi/kaldi/egs/timit/s5_la4/mfcc/raw_mfcc_train.3.ark:691060
mjjj0_si533 /nfs-share/xinchi/kaldi/egs/timit/s5_la4/mfcc/raw_mfcc_train.3.ark:1080423
makr0_sx182 /nfs-share/xinchi/kaldi/egs/timit/s5_la4/mfcc/raw_mfcc_train.2.ark:928081
fcjs0_sx167 /nfs-share/xinchi/kaldi/egs/timit/s5_la4/mfcc/raw_mfcc_train.1.ark:571233
mdcm0_sx310 /nfs-share/xinchi/kaldi/egs/timit/s5_la4/mfcc/raw_mfcc_train.2.ark:2143598
mclk0_si650 /nfs-share/xinchi/kaldi/egs/timit/s5_la4/mfcc/raw_mfcc_train.2.ark:1717661
fleh0_sx241 /nfs-share/xinchi/kaldi/egs/timit/s5_la4/mfcc/raw_mfcc_train.1.ark:2408739
mrjb1_sx30 /nfs-share/xinchi/kaldi/egs/timit/s5_la4/mfcc/raw_mfcc_train.4.ark:867497
mgak0_si2296 /nfs-share/xinchi/kaldi/egs/timit/s5_la4/mfcc/raw_mfcc_train.2.ark:3651883
fsms1_si1504 /nfs-share/xinchi/kaldi/egs/timit/s5_la4/mfcc/raw_mfcc_train.2.ark:278320
mprt0_si1210 /nfs-share/xinchi/kaldi/egs/timit/s5_la4/mfcc/raw_mfcc_train.4.ark:129587
mtjg0_si1520 /nfs-share/xinchi/kaldi/egs/timit/s5_la4/mfcc/raw_mfcc_train.4.ark:2641886
mljh0_si694 /nfs-share/xinchi/kaldi/egs/timit/s5_la4/mfcc/raw_mfcc_train.3.ark:2477699
mrxb0_sx55 /nfs-share/xinchi/kaldi/egs/timit/s5_la4/mfcc/raw_mfcc_train.4.ark:1702902
mjjj0_sx173 /nfs-share/xinchi/kaldi/egs/timit/s5_la4/mfcc/raw_mfcc_train.3.ark:1085214
msms0_sx263 /nfs-share/xinchi/kaldi/egs/timit/s5_la4/mfcc/raw_mfcc_train.4.ark:2187081
fjlg0_si2306 /nfs-share/xinchi/kaldi/egs/timit/s5_la4/mfcc/raw_mfcc_train.1.ark:1725030
ftbw0_sx175 /nfs-share/xinchi/kaldi/egs/timit/s5_la4/mfcc/raw_mfcc_train.2.ark:482589
mtqc0_sx361 /nfs-share/xinchi/kaldi/egs/timit/s5_la4/mfcc/raw_mfcc_train.4.ark:3161504
mdtb0_sx120 /nfs-share/xinchi/kaldi/egs/timit/s5_la4/mfcc/raw_mfcc_train.2.ark:3005946
mkes0_si623 /nfs-share/xinchi/kaldi/egs/timit/s5_la4/mfcc/raw_mfcc_train.3.ark:2087142
fjxm0_si1971 /nfs-share/xinchi/kaldi/egs/timit/s5_la4/mfcc/raw_mfcc_train.1.ark:1954885
msdh0_sx440 /nfs-share/xinchi/kaldi/egs/timit/s5_la4/mfcc/raw_mfcc_train.4.ark:1875439
mmbs0_sx431 /nfs-share/xinchi/kaldi/egs/timit/s5_la4/mfcc/raw_mfcc_train.3.ark:2772075
mesg0_sx432 /nfs-share/xinchi/kaldi/egs/timit/s5_la4/mfcc/raw_mfcc_train.2.ark:3333823
mrxb0_sx325 /nfs-share/xinchi/kaldi/egs/timit/s5_la4/mfcc/raw_mfcc_train.4.ark:1695830
fmkc0_si1072 /nfs-share/xinchi/kaldi/egs/timit/s5_la4/mfcc/raw_mfcc_train.1.ark:2992094
fgmb0_si1145 /nfs-share/xinchi/kaldi/egs/timit/s5_la4/mfcc/raw_mfcc_train.1.ark:1432507
mdlr0_sx333 /nfs-share/xinchi/kaldi/egs/timit/s5_la4/mfcc/raw_mfcc_train.2.ark:2629601
mtkp0_si1023 /nfs-share/xinchi/kaldi/egs/timit/s5_la4/mfcc/raw_mfcc_train.4.ark:2810066
msem1_sx450 /nfs-share/xinchi/kaldi/egs/timit/s5_la4/mfcc/raw_mfcc_train.4.ark:1955491
fkde0_si1141 /nfs-share/xinchi/kaldi/egs/timit/s5_la4/mfcc/raw_mfcc_train.1.ark:2053029
mmaa0_sx125 /nfs-share/xinchi/kaldi/egs/timit/s5_la4/mfcc/raw_mfcc_train.3.ark:2585764
mrew1_sx60 /nfs-share/xinchi/kaldi/egs/timit/s5_la4/mfcc/raw_mfcc_train.4.ark:665682
mcpm0_si1824 /nfs-share/xinchi/kaldi/egs/timit/s5_la4/mfcc/raw_mfcc_train.2.ark:1775618
mcss0_sx120 /nfs-share/xinchi/kaldi/egs/timit/s5_la4/mfcc/raw_mfcc_train.2.ark:1849143
ftmg0_sx272 /nfs-share/xinchi/kaldi/egs/timit/s5_la4/mfcc/raw_mfcc_train.2.ark:551856
fjsk0_sx332 /nfs-share/xinchi/kaldi/egs/timit/s5_la4/mfcc/raw_mfcc_train.1.ark:1875209
fmem0_si2007 /nfs-share/xinchi/kaldi/egs/timit/s5_la4/mfcc/raw_mfcc_train.1.ark:2853482
mmws1_si1701 /nfs-share/xinchi/kaldi/egs/timit/s5_la4/mfcc/raw_mfcc_train.3.ark:3392162
mtwh1_si882 /nfs-share/xinchi/kaldi/egs/timit/s5_la4/mfcc/raw_mfcc_train.4.ark:3275616
mrai0_si792 /nfs-share/xinchi/kaldi/egs/timit/s5_la4/mfcc/raw_mfcc_train.4.ark:258100
fcjf0_sx37 /nfs-share/xinchi/kaldi/egs/timit/s5_la4/mfcc/raw_mfcc_train.1.ark:556402
marw0_si1906 /nfs-share/xinchi/kaldi/egs/timit/s5_la4/mfcc/raw_mfcc_train.2.ark:1007941
fdas1_sx291 /nfs-share/xinchi/kaldi/egs/timit/s5_la4/mfcc/raw_mfcc_train.1.ark:810710
fsma0_sx451 /nfs-share/xinchi/kaldi/egs/timit/s5_la4/mfcc/raw_mfcc_train.2.ark:233425
mkxl0_sx105 /nfs-share/xinchi/kaldi/egs/timit/s5_la4/mfcc/raw_mfcc_train.3.ark:2347244
mddc0_sx159 /nfs-share/xinchi/kaldi/egs/timit/s5_la4/mfcc/raw_mfcc_train.2.ark:2166404
mdlh0_sx340 /nfs-share/xinchi/kaldi/egs/timit/s5_la4/mfcc/raw_mfcc_train.2.ark:2569206
mrwa0_sx163 /nfs-share/xinchi/kaldi/egs/timit/s5_la4/mfcc/raw_mfcc_train.4.ark:1626256
fdmy0_sx387 /nfs-share/xinchi/kaldi/egs/timit/s5_la4/mfcc/raw_mfcc_train.1.ark:1014759
mdbb1_sx16 /nfs-share/xinchi/kaldi/egs/timit/s5_la4/mfcc/raw_mfcc_train.2.ark:2041304
flag0_sx204 /nfs-share/xinchi/kaldi/egs/timit/s5_la4/mfcc/raw_mfcc_train.1.ark:2375115
mjac0_si1331 /nfs-share/xinchi/kaldi/egs/timit/s5_la4/mfcc/raw_mfcc_train.3.ark:543920
mwar0_sx325 /nfs-share/xinchi/kaldi/egs/timit/s5_la4/mfcc/raw_mfcc_train.4.ark:3509545
fjrb0_sx402 /nfs-share/xinchi/kaldi/egs/timit/s5_la4/mfcc/raw_mfcc_train.1.ark:1804225
mtpg0_sx303 /nfs-share/xinchi/kaldi/egs/timit/s5_la4/mfcc/raw_mfcc_train.4.ark:3058061
mmag0_sx316 /nfs-share/xinchi/kaldi/egs/timit/s5_la4/mfcc/raw_mfcc_train.3.ark:2663346
fmmh0_sx97 /nfs-share/xinchi/kaldi/egs/timit/s5_la4/mfcc/raw_mfcc_train.1.ark:3083129
mges0_sx401 /nfs-share/xinchi/kaldi/egs/timit/s5_la4/mfcc/raw_mfcc_train.3.ark:83176
mkls0_sx87 /nfs-share/xinchi/kaldi/egs/timit/s5_la4/mfcc/raw_mfcc_train.3.ark:2233604
mhjb0_sx27 /nfs-share/xinchi/kaldi/egs/timit/s5_la4/mfcc/raw_mfcc_train.3.ark:378699
falr0_sx155 /nfs-share/xinchi/kaldi/egs/timit/s5_la4/mfcc/raw_mfcc_train.1.ark:113197
fpaz0_sx63 /nfs-share/xinchi/kaldi/egs/timit/s5_la4/mfcc/raw_mfcc_train.1.ark:3361095
mjjb0_sx149 /nfs-share/xinchi/kaldi/egs/timit/s5_la4/mfcc/raw_mfcc_train.3.ark:1048185
mjbg0_si1232 /nfs-share/xinchi/kaldi/egs/timit/s5_la4/mfcc/raw_mfcc_train.3.ark:642826
mjpm1_si2280 /nfs-share/xinchi/kaldi/egs/timit/s5_la4/mfcc/raw_mfcc_train.3.ark:1417836
mjai0_sx434 /nfs-share/xinchi/kaldi/egs/timit/s5_la4/mfcc/raw_mfcc_train.3.ark:636663
fceg0_sx348 /nfs-share/xinchi/kaldi/egs/timit/s5_la4/mfcc/raw_mfcc_train.1.ark:525672
mcre0_sx24 /nfs-share/xinchi/kaldi/egs/timit/s5_la4/mfcc/raw_mfcc_train.2.ark:1821645
msds0_si1707 /nfs-share/xinchi/kaldi/egs/timit/s5_la4/mfcc/raw_mfcc_train.4.ark:1890866
marc0_sx108 /nfs-share/xinchi/kaldi/egs/timit/s5_la4/mfcc/raw_mfcc_train.2.ark:987488
mfmc0_sx322 /nfs-share/xinchi/kaldi/egs/timit/s5_la4/mfcc/raw_mfcc_train.2.ark:3447688
fskp0_si468 /nfs-share/xinchi/kaldi/egs/timit/s5_la4/mfcc/raw_mfcc_train.2.ark:155048
mjpg0_sx291 /nfs-share/xinchi/kaldi/egs/timit/s5_la4/mfcc/raw_mfcc_train.3.ark:1376351
fdml0_si1779 /nfs-share/xinchi/kaldi/egs/timit/s5_la4/mfcc/raw_mfcc_train.1.ark:952768
fsak0_si670 /nfs-share/xinchi/kaldi/egs/timit/s5_la4/mfcc/raw_mfcc_train.1.ark:3636146
mtlb0_si1134 /nfs-share/xinchi/kaldi/egs/timit/s5_la4/mfcc/raw_mfcc_train.4.ark:2844157
mtab0_sx222 /nfs-share/xinchi/kaldi/egs/timit/s5_la4/mfcc/raw_mfcc_train.4.ark:2359354
mbar0_si689 /nfs-share/xinchi/kaldi/egs/timit/s5_la4/mfcc/raw_mfcc_train.2.ark:1044821
mwgr0_si1606 /nfs-share/xinchi/kaldi/egs/timit/s5_la4/mfcc/raw_mfcc_train.4.ark:3614077
mdlr0_si1233 /nfs-share/xinchi/kaldi/egs/timit/s5_la4/mfcc/raw_mfcc_train.2.ark:2609129
mtjs0_sx292 /nfs-share/xinchi/kaldi/egs/timit/s5_la4/mfcc/raw_mfcc_train.4.ark:2733484
mjxa0_sx427 /nfs-share/xinchi/kaldi/egs/timit/s5_la4/mfcc/raw_mfcc_train.3.ark:1808888
msfh0_si586 /nfs-share/xinchi/kaldi/egs/timit/s5_la4/mfcc/raw_mfcc_train.4.ark:2005238
fmjf0_sx174 /nfs-share/xinchi/kaldi/egs/timit/s5_la4/mfcc/raw_mfcc_train.1.ark:2929386
mgsl0_sx444 /nfs-share/xinchi/kaldi/egs/timit/s5_la4/mfcc/raw_mfcc_train.3.ark:254786
fltm0_si1700 /nfs-share/xinchi/kaldi/egs/timit/s5_la4/mfcc/raw_mfcc_train.1.ark:2753913
mpmb0_sx241 /nfs-share/xinchi/kaldi/egs/timit/s5_la4/mfcc/raw_mfcc_train.3.ark:3718934
frjb0_si1794 /nfs-share/xinchi/kaldi/egs/timit/s5_la4/mfcc/raw_mfcc_train.1.ark:3498639
flhd0_sx264 /nfs-share/xinchi/kaldi/egs/timit/s5_la4/mfcc/raw_mfcc_train.1.ark:2471072
mrlj1_sx231 /nfs-share/xinchi/kaldi/egs/timit/s5_la4/mfcc/raw_mfcc_train.4.ark:1131131
mmsm0_sx206 /nfs-share/xinchi/kaldi/egs/timit/s5_la4/mfcc/raw_mfcc_train.3.ark:3259823
mrgs0_sx276 /nfs-share/xinchi/kaldi/egs/timit/s5_la4/mfcc/raw_mfcc_train.4.ark:792797
fsjg0_si940 /nfs-share/xinchi/kaldi/egs/timit/s5_la4/mfcc/raw_mfcc_train.1.ark:3833608
fskp0_si1098 /nfs-share/xinchi/kaldi/egs/timit/s5_la4/mfcc/raw_mfcc_train.2.ark:145881
msrr0_si1761 /nfs-share/xinchi/kaldi/egs/timit/s5_la4/mfcc/raw_mfcc_train.4.ark:2234975
mrwa0_si1603 /nfs-share/xinchi/kaldi/egs/timit/s5_la4/mfcc/raw_mfcc_train.4.ark:1614521
mjxa0_sx67 /nfs-share/xinchi/kaldi/egs/timit/s5_la4/mfcc/raw_mfcc_train.3.ark:1811858
mfxv0_si1635 /nfs-share/xinchi/kaldi/egs/timit/s5_la4/mfcc/raw_mfcc_train.2.ark:3564144
fmmh0_sx187 /nfs-share/xinchi/kaldi/egs/timit/s5_la4/mfcc/raw_mfcc_train.1.ark:3067504
flag0_si2094 /nfs-share/xinchi/kaldi/egs/timit/s5_la4/mfcc/raw_mfcc_train.1.ark:2361912
mvlo0_sx247 /nfs-share/xinchi/kaldi/egs/timit/s5_la4/mfcc/raw_mfcc_train.4.ark:3381492
mdac0_sx451 /nfs-share/xinchi/kaldi/egs/timit/s5_la4/mfcc/raw_mfcc_train.2.ark:1987725
mrso0_sx219 /nfs-share/xinchi/kaldi/egs/timit/s5_la4/mfcc/raw_mfcc_train.4.ark:1456796
mtml0_si2325 /nfs-share/xinchi/kaldi/egs/timit/s5_la4/mfcc/raw_mfcc_train.4.ark:2915241
fcdr1_sx106 /nfs-share/xinchi/kaldi/egs/timit/s5_la4/mfcc/raw_mfcc_train.1.ark:488850
mdtb0_si570 /nfs-share/xinchi/kaldi/egs/timit/s5_la4/mfcc/raw_mfcc_train.2.ark:3001389
mntw0_sx258 /nfs-share/xinchi/kaldi/egs/timit/s5_la4/mfcc/raw_mfcc_train.3.ark:3495046
fskl0_sx269 /nfs-share/xinchi/kaldi/egs/timit/s5_la4/mfcc/raw_mfcc_train.2.ark:130552
fjxm0_sx131 /nfs-share/xinchi/kaldi/egs/timit/s5_la4/mfcc/raw_mfcc_train.1.ark:1962270
mjwt0_sx301 /nfs-share/xinchi/kaldi/egs/timit/s5_la4/mfcc/raw_mfcc_train.3.ark:1774322
fklc1_sx418 /nfs-share/xinchi/kaldi/egs/timit/s5_la4/mfcc/raw_mfcc_train.1.ark:2250959
mjwg0_si2155 /nfs-share/xinchi/kaldi/egs/timit/s5_la4/mfcc/raw_mfcc_train.3.ark:1676907
fvmh0_sx296 /nfs-share/xinchi/kaldi/egs/timit/s5_la4/mfcc/raw_mfcc_train.2.ark:654403
msmr0_sx145 /nfs-share/xinchi/kaldi/egs/timit/s5_la4/mfcc/raw_mfcc_train.4.ark:2150929
msfh0_sx316 /nfs-share/xinchi/kaldi/egs/timit/s5_la4/mfcc/raw_mfcc_train.4.ark:2019572
fvfb0_sx132 /nfs-share/xinchi/kaldi/egs/timit/s5_la4/mfcc/raw_mfcc_train.2.ark:579246
mhrm0_sx238 /nfs-share/xinchi/kaldi/egs/timit/s5_la4/mfcc/raw_mfcc_train.3.ark:464365
msfv0_si1892 /nfs-share/xinchi/kaldi/egs/timit/s5_la4/mfcc/raw_mfcc_train.4.ark:2036020
mdmt0_sx122 /nfs-share/xinchi/kaldi/egs/timit/s5_la4/mfcc/raw_mfcc_train.2.ark:2725413
fhlm0_sx349 /nfs-share/xinchi/kaldi/egs/timit/s5_la4/mfcc/raw_mfcc_train.1.ark:1531023
mgjc0_sx75 /nfs-share/xinchi/kaldi/egs/timit/s5_la4/mfcc/raw_mfcc_train.3.ark:122747
fjdm2_sx412 /nfs-share/xinchi/kaldi/egs/timit/s5_la4/mfcc/raw_mfcc_train.1.ark:1607814
flmk0_sx225 /nfs-share/xinchi/kaldi/egs/timit/s5_la4/mfcc/raw_mfcc_train.1.ark:2707461
mdbb1_sx376 /nfs-share/xinchi/kaldi/egs/timit/s5_la4/mfcc/raw_mfcc_train.2.ark:2051751
mrlr0_sx386 /nfs-share/xinchi/kaldi/egs/timit/s5_la4/mfcc/raw_mfcc_train.4.ark:1204117
falr0_si1325 /nfs-share/xinchi/kaldi/egs/timit/s5_la4/mfcc/raw_mfcc_train.1.ark:101592
mjee0_sx247 /nfs-share/xinchi/kaldi/egs/timit/s5_la4/mfcc/raw_mfcc_train.3.ark:924776
mpeb0_sx60 /nfs-share/xinchi/kaldi/egs/timit/s5_la4/mfcc/raw_mfcc_train.3.ark:3560888
mrjh0_sx307 /nfs-share/xinchi/kaldi/egs/timit/s5_la4/mfcc/raw_mfcc_train.4.ark:904721
fskc0_si2046 /nfs-share/xinchi/kaldi/egs/timit/s5_la4/mfcc/raw_mfcc_train.2.ark:87366
mmbs0_sx71 /nfs-share/xinchi/kaldi/egs/timit/s5_la4/mfcc/raw_mfcc_train.3.ark:2776800
mmaa0_si2105 /nfs-share/xinchi/kaldi/egs/timit/s5_la4/mfcc/raw_mfcc_train.3.ark:2576455
fjlr0_sx331 /nfs-share/xinchi/kaldi/egs/timit/s5_la4/mfcc/raw_mfcc_train.1.ark:1768632
fhxs0_sx355 /nfs-share/xinchi/kaldi/egs/timit/s5_la4/mfcc/raw_mfcc_train.1.ark:1570322
mjda0_si1661 /nfs-share/xinchi/kaldi/egs/timit/s5_la4/mfcc/raw_mfcc_train.3.ark:677602
mcpm0_si564 /nfs-share/xinchi/kaldi/egs/timit/s5_la4/mfcc/raw_mfcc_train.2.ark:1781189
feac0_sx165 /nfs-share/xinchi/kaldi/egs/timit/s5_la4/mfcc/raw_mfcc_train.1.ark:1134068
fleh0_si2311 /nfs-share/xinchi/kaldi/egs/timit/s5_la4/mfcc/raw_mfcc_train.1.ark:2401237
mcdr0_si1784 /nfs-share/xinchi/kaldi/egs/timit/s5_la4/mfcc/raw_mfcc_train.2.ark:1574724
mkls0_sx447 /nfs-share/xinchi/kaldi/egs/timit/s5_la4/mfcc/raw_mfcc_train.3.ark:2229971
majp0_sx174 /nfs-share/xinchi/kaldi/egs/timit/s5_la4/mfcc/raw_mfcc_train.2.ark:856778
fdfb0_sx418 /nfs-share/xinchi/kaldi/egs/timit/s5_la4/mfcc/raw_mfcc_train.1.ark:871979
mwrp0_si2073 /nfs-share/xinchi/kaldi/egs/timit/s5_la4/mfcc/raw_mfcc_train.4.ark:3687268
mgaf0_si1912 /nfs-share/xinchi/kaldi/egs/timit/s5_la4/mfcc/raw_mfcc_train.2.ark:3589245
mcae0_si1447 /nfs-share/xinchi/kaldi/egs/timit/s5_la4/mfcc/raw_mfcc_train.2.ark:1436625
mrml0_si791 /nfs-share/xinchi/kaldi/egs/timit/s5_la4/mfcc/raw_mfcc_train.4.ark:1310107
mkln0_sx428 /nfs-share/xinchi/kaldi/egs/timit/s5_la4/mfcc/raw_mfcc_train.3.ark:2165297
fdas1_si1461 /nfs-share/xinchi/kaldi/egs/timit/s5_la4/mfcc/raw_mfcc_train.1.ark:783914
mkdt0_sx173 /nfs-share/xinchi/kaldi/egs/timit/s5_la4/mfcc/raw_mfcc_train.3.ark:2057101
fpaf0_si1054 /nfs-share/xinchi/kaldi/egs/timit/s5_la4/mfcc/raw_mfcc_train.1.ark:3297510
mmdm0_sx321 /nfs-share/xinchi/kaldi/egs/timit/s5_la4/mfcc/raw_mfcc_train.3.ark:2895614
mtlc0_si1313 /nfs-share/xinchi/kaldi/egs/timit/s5_la4/mfcc/raw_mfcc_train.4.ark:2877039
megj0_sx257 /nfs-share/xinchi/kaldi/egs/timit/s5_la4/mfcc/raw_mfcc_train.2.ark:3234450
mtcs0_si1972 /nfs-share/xinchi/kaldi/egs/timit/s5_la4/mfcc/raw_mfcc_train.4.ark:2504105
fsmm0_si684 /nfs-share/xinchi/kaldi/egs/timit/s5_la4/mfcc/raw_mfcc_train.2.ark:250627
fnkl0_sx196 /nfs-share/xinchi/kaldi/egs/timit/s5_la4/mfcc/raw_mfcc_train.1.ark:3144908
mstf0_si1396 /nfs-share/xinchi/kaldi/egs/timit/s5_la4/mfcc/raw_mfcc_train.4.ark:2263961
mdma0_si1238 /nfs-share/xinchi/kaldi/egs/timit/s5_la4/mfcc/raw_mfcc_train.2.ark:2677896
mdlr1_sx219 /nfs-share/xinchi/kaldi/egs/timit/s5_la4/mfcc/raw_mfcc_train.2.ark:2661163
mesg0_sx72 /nfs-share/xinchi/kaldi/egs/timit/s5_la4/mfcc/raw_mfcc_train.2.ark:3339120
mljc0_sx235 /nfs-share/xinchi/kaldi/egs/timit/s5_la4/mfcc/raw_mfcc_train.3.ark:2449589
fblv0_si1688 /nfs-share/xinchi/kaldi/egs/timit/s5_la4/mfcc/raw_mfcc_train.1.ark:311854
mmvp0_sx347 /nfs-share/xinchi/kaldi/egs/timit/s5_la4/mfcc/raw_mfcc_train.3.ark:3303860
mchl0_sx357 /nfs-share/xinchi/kaldi/egs/timit/s5_la4/mfcc/raw_mfcc_train.2.ark:1699022
mjrp0_sx135 /nfs-share/xinchi/kaldi/egs/timit/s5_la4/mfcc/raw_mfcc_train.3.ark:1618575
mmgg0_si2339 /nfs-share/xinchi/kaldi/egs/timit/s5_la4/mfcc/raw_mfcc_train.3.ark:3064350
mhit0_si983 /nfs-share/xinchi/kaldi/egs/timit/s5_la4/mfcc/raw_mfcc_train.3.ark:335578
mgsh0_sx6 /nfs-share/xinchi/kaldi/egs/timit/s5_la4/mfcc/raw_mfcc_train.3.ark:220228
msat0_si2156 /nfs-share/xinchi/kaldi/egs/timit/s5_la4/mfcc/raw_mfcc_train.4.ark:1773766
madd0_sx358 /nfs-share/xinchi/kaldi/egs/timit/s5_la4/mfcc/raw_mfcc_train.2.ark:742656
mdlh0_si700 /nfs-share/xinchi/kaldi/egs/timit/s5_la4/mfcc/raw_mfcc_train.2.ark:2554105
maeb0_si1411 /nfs-share/xinchi/kaldi/egs/timit/s5_la4/mfcc/raw_mfcc_train.2.ark:754052
mdps0_sx359 /nfs-share/xinchi/kaldi/egs/timit/s5_la4/mfcc/raw_mfcc_train.2.ark:2858632
fecd0_sx158 /nfs-share/xinchi/kaldi/egs/timit/s5_la4/mfcc/raw_mfcc_train.1.ark:1205110
mvjh0_sx26 /nfs-share/xinchi/kaldi/egs/timit/s5_la4/mfcc/raw_mfcc_train.4.ark:3356364
fjdm2_sx142 /nfs-share/xinchi/kaldi/egs/timit/s5_la4/mfcc/raw_mfcc_train.1.ark:1593233
fpab1_sx31 /nfs-share/xinchi/kaldi/egs/timit/s5_la4/mfcc/raw_mfcc_train.1.ark:3221136
fceg0_sx258 /nfs-share/xinchi/kaldi/egs/timit/s5_la4/mfcc/raw_mfcc_train.1.ark:522207
mrmh0_si1021 /nfs-share/xinchi/kaldi/egs/timit/s5_la4/mfcc/raw_mfcc_train.4.ark:1269851
mgak0_sx226 /nfs-share/xinchi/kaldi/egs/timit/s5_la4/mfcc/raw_mfcc_train.2.ark:3661387
fjkl0_sx122 /nfs-share/xinchi/kaldi/egs/timit/s5_la4/mfcc/raw_mfcc_train.1.ark:1696249
