mkes0_si1253 /nfs-share/titouan/workspace/kaldi/egs/timit/s5_la2/mfcc/raw_mfcc_train.3.ark:2077754
mrlk0_sx123 /nfs-share/titouan/workspace/kaldi/egs/timit/s5_la2/mfcc/raw_mfcc_train.4.ark:1159807
flmk0_sx45 /nfs-share/titouan/workspace/kaldi/egs/timit/s5_la2/mfcc/raw_mfcc_train.1.ark:2717855
mlbc0_sx159 /nfs-share/titouan/workspace/kaldi/egs/timit/s5_la2/mfcc/raw_mfcc_train.3.ark:2377201
mrsp0_si2059 /nfs-share/titouan/workspace/kaldi/egs/timit/s5_la2/mfcc/raw_mfcc_train.4.ark:1482065
fsjk1_sx35 /nfs-share/titouan/workspace/kaldi/egs/timit/s5_la2/mfcc/raw_mfcc_train.2.ark:7357
mrfk0_si1076 /nfs-share/titouan/workspace/kaldi/egs/timit/s5_la2/mfcc/raw_mfcc_train.4.ark:670175
mrvg0_sx420 /nfs-share/titouan/workspace/kaldi/egs/timit/s5_la2/mfcc/raw_mfcc_train.4.ark:1605836
mfmc0_si502 /nfs-share/titouan/workspace/kaldi/egs/timit/s5_la2/mfcc/raw_mfcc_train.2.ark:3433874
mtxs0_sx340 /nfs-share/titouan/workspace/kaldi/egs/timit/s5_la2/mfcc/raw_mfcc_train.4.ark:3321377
mfmc0_sx52 /nfs-share/titouan/workspace/kaldi/egs/timit/s5_la2/mfcc/raw_mfcc_train.2.ark:3455085
mjjj0_sx173 /nfs-share/titouan/workspace/kaldi/egs/timit/s5_la2/mfcc/raw_mfcc_train.3.ark:1085214
frll0_sx74 /nfs-share/titouan/workspace/kaldi/egs/timit/s5_la2/mfcc/raw_mfcc_train.1.ark:3550898
mter0_sx17 /nfs-share/titouan/workspace/kaldi/egs/timit/s5_la2/mfcc/raw_mfcc_train.4.ark:2626648
mmgg0_sx449 /nfs-share/titouan/workspace/kaldi/egs/timit/s5_la2/mfcc/raw_mfcc_train.3.ark:3078899
mmws1_si1071 /nfs-share/titouan/workspace/kaldi/egs/timit/s5_la2/mfcc/raw_mfcc_train.3.ark:3387305
mesj0_sx7 /nfs-share/titouan/workspace/kaldi/egs/timit/s5_la2/mfcc/raw_mfcc_train.2.ark:3364259
mtml0_si2325 /nfs-share/titouan/workspace/kaldi/egs/timit/s5_la2/mfcc/raw_mfcc_train.4.ark:2915241
mter0_sx167 /nfs-share/titouan/workspace/kaldi/egs/timit/s5_la2/mfcc/raw_mfcc_train.4.ark:2621559
fdas1_sx111 /nfs-share/titouan/workspace/kaldi/egs/timit/s5_la2/mfcc/raw_mfcc_train.1.ark:800069
fdjh0_sx305 /nfs-share/titouan/workspace/kaldi/egs/timit/s5_la2/mfcc/raw_mfcc_train.1.ark:900018
mmar0_sx436 /nfs-share/titouan/workspace/kaldi/egs/timit/s5_la2/mfcc/raw_mfcc_train.3.ark:2736268
mpfu0_sx358 /nfs-share/titouan/workspace/kaldi/egs/timit/s5_la2/mfcc/raw_mfcc_train.3.ark:3586113
mbar0_si1949 /nfs-share/titouan/workspace/kaldi/egs/timit/s5_la2/mfcc/raw_mfcc_train.2.ark:1043150
ftaj0_si1329 /nfs-share/titouan/workspace/kaldi/egs/timit/s5_la2/mfcc/raw_mfcc_train.2.ark:412774
mrld0_sx64 /nfs-share/titouan/workspace/kaldi/egs/timit/s5_la2/mfcc/raw_mfcc_train.4.ark:1083417
fpmy0_sx253 /nfs-share/titouan/workspace/kaldi/egs/timit/s5_la2/mfcc/raw_mfcc_train.1.ark:3451485
mpfu0_sx88 /nfs-share/titouan/workspace/kaldi/egs/timit/s5_la2/mfcc/raw_mfcc_train.3.ark:3594472
mtrt0_sx147 /nfs-share/titouan/workspace/kaldi/egs/timit/s5_la2/mfcc/raw_mfcc_train.4.ark:3252426
ftmg0_si902 /nfs-share/titouan/workspace/kaldi/egs/timit/s5_la2/mfcc/raw_mfcc_train.2.ark:541923
fpad0_sx446 /nfs-share/titouan/workspace/kaldi/egs/timit/s5_la2/mfcc/raw_mfcc_train.1.ark:3290567
mjeb0_si1916 /nfs-share/titouan/workspace/kaldi/egs/timit/s5_la2/mfcc/raw_mfcc_train.3.ark:848448
fsls0_sx156 /nfs-share/titouan/workspace/kaldi/egs/timit/s5_la2/mfcc/raw_mfcc_train.2.ark:190096
fsmm0_si1314 /nfs-share/titouan/workspace/kaldi/egs/timit/s5_la2/mfcc/raw_mfcc_train.2.ark:243449
mjwt0_sx31 /nfs-share/titouan/workspace/kaldi/egs/timit/s5_la2/mfcc/raw_mfcc_train.3.ark:1779086
mejl0_sx62 /nfs-share/titouan/workspace/kaldi/egs/timit/s5_la2/mfcc/raw_mfcc_train.2.ark:3273967
mdlh0_sx430 /nfs-share/titouan/workspace/kaldi/egs/timit/s5_la2/mfcc/raw_mfcc_train.2.ark:2573542
mbml0_sx89 /nfs-share/titouan/workspace/kaldi/egs/timit/s5_la2/mfcc/raw_mfcc_train.2.ark:1312747
mdcm0_sx310 /nfs-share/titouan/workspace/kaldi/egs/timit/s5_la2/mfcc/raw_mfcc_train.2.ark:2143598
mtpf0_sx155 /nfs-share/titouan/workspace/kaldi/egs/timit/s5_la2/mfcc/raw_mfcc_train.4.ark:3020420
fsjk1_si2285 /nfs-share/titouan/workspace/kaldi/egs/timit/s5_la2/mfcc/raw_mfcc_train.1.ark:3872554
mdns0_sx201 /nfs-share/titouan/workspace/kaldi/egs/timit/s5_la2/mfcc/raw_mfcc_train.2.ark:2764958
mgak0_si2296 /nfs-share/titouan/workspace/kaldi/egs/timit/s5_la2/mfcc/raw_mfcc_train.2.ark:3651883
mgsl0_si797 /nfs-share/titouan/workspace/kaldi/egs/timit/s5_la2/mfcc/raw_mfcc_train.3.ark:236142
fcke0_sx31 /nfs-share/titouan/workspace/kaldi/egs/timit/s5_la2/mfcc/raw_mfcc_train.1.ark:617330
mcth0_si1209 /nfs-share/titouan/workspace/kaldi/egs/timit/s5_la2/mfcc/raw_mfcc_train.2.ark:1867079
mtbc0_sx273 /nfs-share/titouan/workspace/kaldi/egs/timit/s5_la2/mfcc/raw_mfcc_train.4.ark:2487931
mesg0_sx162 /nfs-share/titouan/workspace/kaldi/egs/timit/s5_la2/mfcc/raw_mfcc_train.2.ark:3321556
mgar0_sx222 /nfs-share/titouan/workspace/kaldi/egs/timit/s5_la2/mfcc/raw_mfcc_train.3.ark:15266
mram0_si1275 /nfs-share/titouan/workspace/kaldi/egs/timit/s5_la2/mfcc/raw_mfcc_train.4.ark:285442
mmab1_sx324 /nfs-share/titouan/workspace/kaldi/egs/timit/s5_la2/mfcc/raw_mfcc_train.3.ark:2624666
mdss0_sx441 /nfs-share/titouan/workspace/kaldi/egs/timit/s5_la2/mfcc/raw_mfcc_train.2.ark:2960028
mkag0_sx79 /nfs-share/titouan/workspace/kaldi/egs/timit/s5_la2/mfcc/raw_mfcc_train.3.ark:1880169
mtas0_sx305 /nfs-share/titouan/workspace/kaldi/egs/timit/s5_la2/mfcc/raw_mfcc_train.4.ark:2393699
mpgr0_si780 /nfs-share/titouan/workspace/kaldi/egs/timit/s5_la2/mfcc/raw_mfcc_train.3.ark:3634877
mjls0_sx16 /nfs-share/titouan/workspace/kaldi/egs/timit/s5_la2/mfcc/raw_mfcc_train.3.ark:1250632
mrws0_sx292 /nfs-share/titouan/workspace/kaldi/egs/timit/s5_la2/mfcc/raw_mfcc_train.4.ark:1665866
mmgk0_sx422 /nfs-share/titouan/workspace/kaldi/egs/timit/s5_la2/mfcc/raw_mfcc_train.3.ark:3105723
fjwb1_si795 /nfs-share/titouan/workspace/kaldi/egs/timit/s5_la2/mfcc/raw_mfcc_train.1.ark:1929030
mmea0_sx308 /nfs-share/titouan/workspace/kaldi/egs/timit/s5_la2/mfcc/raw_mfcc_train.3.ark:2985420
mtab0_sx222 /nfs-share/titouan/workspace/kaldi/egs/timit/s5_la2/mfcc/raw_mfcc_train.4.ark:2359354
mmvp0_sx204 /nfs-share/titouan/workspace/kaldi/egs/timit/s5_la2/mfcc/raw_mfcc_train.3.ark:3296098
mcef0_si1765 /nfs-share/titouan/workspace/kaldi/egs/timit/s5_la2/mfcc/raw_mfcc_train.2.ark:1609621
mter0_si1157 /nfs-share/titouan/workspace/kaldi/egs/timit/s5_la2/mfcc/raw_mfcc_train.4.ark:2608108
mtlc0_si1477 /nfs-share/titouan/workspace/kaldi/egs/timit/s5_la2/mfcc/raw_mfcc_train.4.ark:2882650
mmwb0_sx449 /nfs-share/titouan/workspace/kaldi/egs/timit/s5_la2/mfcc/raw_mfcc_train.3.ark:3346116
fgcs0_si1486 /nfs-share/titouan/workspace/kaldi/egs/timit/s5_la2/mfcc/raw_mfcc_train.1.ark:1364520
mree0_sx294 /nfs-share/titouan/workspace/kaldi/egs/timit/s5_la2/mfcc/raw_mfcc_train.4.ark:563442
flac0_sx91 /nfs-share/titouan/workspace/kaldi/egs/timit/s5_la2/mfcc/raw_mfcc_train.1.ark:2351756
mree0_si1104 /nfs-share/titouan/workspace/kaldi/egs/timit/s5_la2/mfcc/raw_mfcc_train.4.ark:537282
fcrz0_si793 /nfs-share/titouan/workspace/kaldi/egs/timit/s5_la2/mfcc/raw_mfcc_train.1.ark:728123
mdwh0_sx215 /nfs-share/titouan/workspace/kaldi/egs/timit/s5_la2/mfcc/raw_mfcc_train.2.ark:3073213
mgrl0_sx57 /nfs-share/titouan/workspace/kaldi/egs/timit/s5_la2/mfcc/raw_mfcc_train.3.ark:155109
mdhl0_sx89 /nfs-share/titouan/workspace/kaldi/egs/timit/s5_la2/mfcc/raw_mfcc_train.2.ark:2316146
fpac0_si1921 /nfs-share/titouan/workspace/kaldi/egs/timit/s5_la2/mfcc/raw_mfcc_train.1.ark:3227300
mjxa0_si2137 /nfs-share/titouan/workspace/kaldi/egs/timit/s5_la2/mfcc/raw_mfcc_train.3.ark:1790601
mrpc1_si2026 /nfs-share/titouan/workspace/kaldi/egs/timit/s5_la2/mfcc/raw_mfcc_train.4.ark:1374799
mdwm0_sx106 /nfs-share/titouan/workspace/kaldi/egs/timit/s5_la2/mfcc/raw_mfcc_train.2.ark:3105035
medr0_sx114 /nfs-share/titouan/workspace/kaldi/egs/timit/s5_la2/mfcc/raw_mfcc_train.2.ark:3163559
fsjs0_si1171 /nfs-share/titouan/workspace/kaldi/egs/timit/s5_la2/mfcc/raw_mfcc_train.2.ark:14132
fpjf0_si1046 /nfs-share/titouan/workspace/kaldi/egs/timit/s5_la2/mfcc/raw_mfcc_train.1.ark:3365120
mmvp0_sx347 /nfs-share/titouan/workspace/kaldi/egs/timit/s5_la2/mfcc/raw_mfcc_train.3.ark:3303860
mjeb0_sx386 /nfs-share/titouan/workspace/kaldi/egs/timit/s5_la2/mfcc/raw_mfcc_train.3.ark:872409
mbbr0_si1685 /nfs-share/titouan/workspace/kaldi/egs/timit/s5_la2/mfcc/raw_mfcc_train.2.ark:1075655
mtdb0_sx321 /nfs-share/titouan/workspace/kaldi/egs/timit/s5_la2/mfcc/raw_mfcc_train.4.ark:2556718
mpfu0_sx178 /nfs-share/titouan/workspace/kaldi/egs/timit/s5_la2/mfcc/raw_mfcc_train.3.ark:3577103
mtpg0_sx393 /nfs-share/titouan/workspace/kaldi/egs/timit/s5_la2/mfcc/raw_mfcc_train.4.ark:3064600
mrtc0_sx18 /nfs-share/titouan/workspace/kaldi/egs/timit/s5_la2/mfcc/raw_mfcc_train.4.ark:1528617
fsdj0_si1115 /nfs-share/titouan/workspace/kaldi/egs/timit/s5_la2/mfcc/raw_mfcc_train.1.ark:3763773
majp0_sx354 /nfs-share/titouan/workspace/kaldi/egs/timit/s5_la2/mfcc/raw_mfcc_train.2.ark:866815
mfwk0_si619 /nfs-share/titouan/workspace/kaldi/egs/timit/s5_la2/mfcc/raw_mfcc_train.2.ark:3496987
mwgr0_si2236 /nfs-share/titouan/workspace/kaldi/egs/timit/s5_la2/mfcc/raw_mfcc_train.4.ark:3617374
mwre0_sx157 /nfs-share/titouan/workspace/kaldi/egs/timit/s5_la2/mfcc/raw_mfcc_train.4.ark:3656966
fcjf0_sx397 /nfs-share/titouan/workspace/kaldi/egs/timit/s5_la2/mfcc/raw_mfcc_train.1.ark:559464
mdbp0_si1788 /nfs-share/titouan/workspace/kaldi/egs/timit/s5_la2/mfcc/raw_mfcc_train.2.ark:2058046
mhmg0_sx15 /nfs-share/titouan/workspace/kaldi/egs/timit/s5_la2/mfcc/raw_mfcc_train.3.ark:403670
mpar0_sx46 /nfs-share/titouan/workspace/kaldi/egs/timit/s5_la2/mfcc/raw_mfcc_train.3.ark:3533245
fskc0_sx66 /nfs-share/titouan/workspace/kaldi/egs/timit/s5_la2/mfcc/raw_mfcc_train.2.ark:110040
mrhl0_sx345 /nfs-share/titouan/workspace/kaldi/egs/timit/s5_la2/mfcc/raw_mfcc_train.4.ark:829571
mjwt0_sx211 /nfs-share/titouan/workspace/kaldi/egs/timit/s5_la2/mfcc/raw_mfcc_train.3.ark:1770103
mmds0_si1343 /nfs-share/titouan/workspace/kaldi/egs/timit/s5_la2/mfcc/raw_mfcc_train.3.ark:2941972
mmdg0_si520 /nfs-share/titouan/workspace/kaldi/egs/timit/s5_la2/mfcc/raw_mfcc_train.3.ark:2850556
mdlm0_si604 /nfs-share/titouan/workspace/kaldi/egs/timit/s5_la2/mfcc/raw_mfcc_train.2.ark:2587143
fmju0_si2019 /nfs-share/titouan/workspace/kaldi/egs/timit/s5_la2/mfcc/raw_mfcc_train.1.ark:2958692
mkxl0_si1815 /nfs-share/titouan/workspace/kaldi/egs/timit/s5_la2/mfcc/raw_mfcc_train.3.ark:2335919
mdlm0_sx244 /nfs-share/titouan/workspace/kaldi/egs/timit/s5_la2/mfcc/raw_mfcc_train.2.ark:2596634
fljd0_si886 /nfs-share/titouan/workspace/kaldi/egs/timit/s5_la2/mfcc/raw_mfcc_train.1.ark:2531272
fsmm0_sx54 /nfs-share/titouan/workspace/kaldi/egs/timit/s5_la2/mfcc/raw_mfcc_train.2.ark:273671
mgrp0_si1317 /nfs-share/titouan/workspace/kaldi/egs/timit/s5_la2/mfcc/raw_mfcc_train.3.ark:157847
fkfb0_sx438 /nfs-share/titouan/workspace/kaldi/egs/timit/s5_la2/mfcc/raw_mfcc_train.1.ark:2147619
mdmt0_si1832 /nfs-share/titouan/workspace/kaldi/egs/timit/s5_la2/mfcc/raw_mfcc_train.2.ark:2716291
fpad0_si1346 /nfs-share/titouan/workspace/kaldi/egs/timit/s5_la2/mfcc/raw_mfcc_train.1.ark:3262210
fpab1_si841 /nfs-share/titouan/workspace/kaldi/egs/timit/s5_la2/mfcc/raw_mfcc_train.1.ark:3200816
mtml0_sx255 /nfs-share/titouan/workspace/kaldi/egs/timit/s5_la2/mfcc/raw_mfcc_train.4.ark:2924472
mbma1_sx414 /nfs-share/titouan/workspace/kaldi/egs/timit/s5_la2/mfcc/raw_mfcc_train.2.ark:1277870
mhbs0_si1575 /nfs-share/titouan/workspace/kaldi/egs/timit/s5_la2/mfcc/raw_mfcc_train.3.ark:299444
fsms1_sx334 /nfs-share/titouan/workspace/kaldi/egs/timit/s5_la2/mfcc/raw_mfcc_train.2.ark:298207
mcae0_si817 /nfs-share/titouan/workspace/kaldi/egs/timit/s5_la2/mfcc/raw_mfcc_train.2.ark:1451278
msat0_sx266 /nfs-share/titouan/workspace/kaldi/egs/timit/s5_la2/mfcc/raw_mfcc_train.4.ark:1783758
fsag0_sx63 /nfs-share/titouan/workspace/kaldi/egs/timit/s5_la2/mfcc/raw_mfcc_train.1.ark:3588161
mrlk0_sx213 /nfs-share/titouan/workspace/kaldi/egs/timit/s5_la2/mfcc/raw_mfcc_train.4.ark:1164143
mjai0_sx74 /nfs-share/titouan/workspace/kaldi/egs/timit/s5_la2/mfcc/raw_mfcc_train.3.ark:639698
mrpc1_sx312 /nfs-share/titouan/workspace/kaldi/egs/timit/s5_la2/mfcc/raw_mfcc_train.4.ark:1386736
mtju0_sx40 /nfs-share/titouan/workspace/kaldi/egs/timit/s5_la2/mfcc/raw_mfcc_train.4.ark:2767133
fcdr1_si556 /nfs-share/titouan/workspace/kaldi/egs/timit/s5_la2/mfcc/raw_mfcc_train.1.ark:482135
mrmb0_sx141 /nfs-share/titouan/workspace/kaldi/egs/timit/s5_la2/mfcc/raw_mfcc_train.4.ark:1219071
mjee0_sx157 /nfs-share/titouan/workspace/kaldi/egs/timit/s5_la2/mfcc/raw_mfcc_train.3.ark:921493
fdjh0_sx395 /nfs-share/titouan/workspace/kaldi/egs/timit/s5_la2/mfcc/raw_mfcc_train.1.ark:906895
mmea0_sx38 /nfs-share/titouan/workspace/kaldi/egs/timit/s5_la2/mfcc/raw_mfcc_train.3.ark:2988702
mdlc0_sx45 /nfs-share/titouan/workspace/kaldi/egs/timit/s5_la2/mfcc/raw_mfcc_train.2.ark:2482702
mdlc2_sx444 /nfs-share/titouan/workspace/kaldi/egs/timit/s5_la2/mfcc/raw_mfcc_train.2.ark:2539023
fksr0_sx366 /nfs-share/titouan/workspace/kaldi/egs/timit/s5_la2/mfcc/raw_mfcc_train.1.ark:2312413
medr0_sx384 /nfs-share/titouan/workspace/kaldi/egs/timit/s5_la2/mfcc/raw_mfcc_train.2.ark:3175793
fbas0_si1472 /nfs-share/titouan/workspace/kaldi/egs/timit/s5_la2/mfcc/raw_mfcc_train.1.ark:177011
mjac0_sx251 /nfs-share/titouan/workspace/kaldi/egs/timit/s5_la2/mfcc/raw_mfcc_train.3.ark:556305
fklc0_sx175 /nfs-share/titouan/workspace/kaldi/egs/timit/s5_la2/mfcc/raw_mfcc_train.1.ark:2206082
mclk0_sx310 /nfs-share/titouan/workspace/kaldi/egs/timit/s5_la2/mfcc/raw_mfcc_train.2.ark:1733178
mjrh0_sx315 /nfs-share/titouan/workspace/kaldi/egs/timit/s5_la2/mfcc/raw_mfcc_train.3.ark:1533905
mctm0_sx270 /nfs-share/titouan/workspace/kaldi/egs/timit/s5_la2/mfcc/raw_mfcc_train.2.ark:1916474
mrds0_sx87 /nfs-share/titouan/workspace/kaldi/egs/timit/s5_la2/mfcc/raw_mfcc_train.4.ark:534349
mesg0_sx342 /nfs-share/titouan/workspace/kaldi/egs/timit/s5_la2/mfcc/raw_mfcc_train.2.ark:3329305
mdhs0_si900 /nfs-share/titouan/workspace/kaldi/egs/timit/s5_la2/mfcc/raw_mfcc_train.2.ark:2326439
mrdd0_sx150 /nfs-share/titouan/workspace/kaldi/egs/timit/s5_la2/mfcc/raw_mfcc_train.4.ark:458470
fajw0_sx3 /nfs-share/titouan/workspace/kaldi/egs/timit/s5_la2/mfcc/raw_mfcc_train.1.ark:57265
mjra0_si606 /nfs-share/titouan/workspace/kaldi/egs/timit/s5_la2/mfcc/raw_mfcc_train.3.ark:1456315
mfrm0_sx165 /nfs-share/titouan/workspace/kaldi/egs/timit/s5_la2/mfcc/raw_mfcc_train.2.ark:3471756
flmc0_sx22 /nfs-share/titouan/workspace/kaldi/egs/timit/s5_la2/mfcc/raw_mfcc_train.1.ark:2672718
mtxs0_si2320 /nfs-share/titouan/workspace/kaldi/egs/timit/s5_la2/mfcc/raw_mfcc_train.4.ark:3305392
fcmm0_sx420 /nfs-share/titouan/workspace/kaldi/egs/timit/s5_la2/mfcc/raw_mfcc_train.1.ark:711090
fjlr0_sx241 /nfs-share/titouan/workspace/kaldi/egs/timit/s5_la2/mfcc/raw_mfcc_train.1.ark:1764881
mgjc0_sx255 /nfs-share/titouan/workspace/kaldi/egs/timit/s5_la2/mfcc/raw_mfcc_train.3.ark:108011
mhxl0_sx332 /nfs-share/titouan/workspace/kaldi/egs/timit/s5_la2/mfcc/raw_mfcc_train.3.ark:500828
fpab1_sx121 /nfs-share/titouan/workspace/kaldi/egs/timit/s5_la2/mfcc/raw_mfcc_train.1.ark:3207271
fpac0_sx211 /nfs-share/titouan/workspace/kaldi/egs/timit/s5_la2/mfcc/raw_mfcc_train.1.ark:3247323
mkrg0_sx231 /nfs-share/titouan/workspace/kaldi/egs/timit/s5_la2/mfcc/raw_mfcc_train.3.ark:2322052
fcaj0_sx309 /nfs-share/titouan/workspace/kaldi/egs/timit/s5_la2/mfcc/raw_mfcc_train.1.ark:457191
mprk0_sx197 /nfs-share/titouan/workspace/kaldi/egs/timit/s5_la2/mfcc/raw_mfcc_train.4.ark:116032
mjfr0_sx255 /nfs-share/titouan/workspace/kaldi/egs/timit/s5_la2/mfcc/raw_mfcc_train.3.ark:985457
mrds0_si1167 /nfs-share/titouan/workspace/kaldi/egs/timit/s5_la2/mfcc/raw_mfcc_train.4.ark:508443
mkls1_sx15 /nfs-share/titouan/workspace/kaldi/egs/timit/s5_la2/mfcc/raw_mfcc_train.3.ark:2254011
mtat1_sx149 /nfs-share/titouan/workspace/kaldi/egs/timit/s5_la2/mfcc/raw_mfcc_train.4.ark:2447567
mvrw0_sx225 /nfs-share/titouan/workspace/kaldi/egs/timit/s5_la2/mfcc/raw_mfcc_train.4.ark:3413321
mbbr0_sx245 /nfs-share/titouan/workspace/kaldi/egs/timit/s5_la2/mfcc/raw_mfcc_train.2.ark:1085830
mrjm1_sx308 /nfs-share/titouan/workspace/kaldi/egs/timit/s5_la2/mfcc/raw_mfcc_train.4.ark:970941
mrws0_si1102 /nfs-share/titouan/workspace/kaldi/egs/timit/s5_la2/mfcc/raw_mfcc_train.4.ark:1645687
fear0_sx442 /nfs-share/titouan/workspace/kaldi/egs/timit/s5_la2/mfcc/raw_mfcc_train.1.ark:1179139
mcss0_sx390 /nfs-share/titouan/workspace/kaldi/egs/timit/s5_la2/mfcc/raw_mfcc_train.2.ark:1863067
mjrh0_sx135 /nfs-share/titouan/workspace/kaldi/egs/timit/s5_la2/mfcc/raw_mfcc_train.3.ark:1526715
fmpg0_si972 /nfs-share/titouan/workspace/kaldi/egs/timit/s5_la2/mfcc/raw_mfcc_train.1.ark:3094956
mgxp0_si1087 /nfs-share/titouan/workspace/kaldi/egs/timit/s5_la2/mfcc/raw_mfcc_train.3.ark:264277
fljg0_sx441 /nfs-share/titouan/workspace/kaldi/egs/timit/s5_la2/mfcc/raw_mfcc_train.1.ark:2583630
mhjb0_si1017 /nfs-share/titouan/workspace/kaldi/egs/timit/s5_la2/mfcc/raw_mfcc_train.3.ark:361243
fdxw0_si1511 /nfs-share/titouan/workspace/kaldi/egs/timit/s5_la2/mfcc/raw_mfcc_train.1.ark:1092649
mgsh0_sx6 /nfs-share/titouan/workspace/kaldi/egs/timit/s5_la2/mfcc/raw_mfcc_train.3.ark:220228
fajw0_sx273 /nfs-share/titouan/workspace/kaldi/egs/timit/s5_la2/mfcc/raw_mfcc_train.1.ark:53477
fskl0_sx269 /nfs-share/titouan/workspace/kaldi/egs/timit/s5_la2/mfcc/raw_mfcc_train.2.ark:130552
fjlg0_sx179 /nfs-share/titouan/workspace/kaldi/egs/timit/s5_la2/mfcc/raw_mfcc_train.1.ark:1727494
fcag0_si2133 /nfs-share/titouan/workspace/kaldi/egs/timit/s5_la2/mfcc/raw_mfcc_train.1.ark:415851
mdcd0_sx155 /nfs-share/titouan/workspace/kaldi/egs/timit/s5_la2/mfcc/raw_mfcc_train.2.ark:2103266
fdml0_sx249 /nfs-share/titouan/workspace/kaldi/egs/timit/s5_la2/mfcc/raw_mfcc_train.1.ark:962202
mesj0_si2257 /nfs-share/titouan/workspace/kaldi/egs/timit/s5_la2/mfcc/raw_mfcc_train.2.ark:3347573
mjls0_si1096 /nfs-share/titouan/workspace/kaldi/egs/timit/s5_la2/mfcc/raw_mfcc_train.3.ark:1231793
mlel0_sx166 /nfs-share/titouan/workspace/kaldi/egs/timit/s5_la2/mfcc/raw_mfcc_train.3.ark:2408822
flac0_si901 /nfs-share/titouan/workspace/kaldi/egs/timit/s5_la2/mfcc/raw_mfcc_train.1.ark:2333743
mcal0_si1138 /nfs-share/titouan/workspace/kaldi/egs/timit/s5_la2/mfcc/raw_mfcc_train.2.ark:1478410
flmc0_sx292 /nfs-share/titouan/workspace/kaldi/egs/timit/s5_la2/mfcc/raw_mfcc_train.1.ark:2675962
mrav0_si2268 /nfs-share/titouan/workspace/kaldi/egs/timit/s5_la2/mfcc/raw_mfcc_train.4.ark:323892
fsmm0_sx144 /nfs-share/titouan/workspace/kaldi/egs/timit/s5_la2/mfcc/raw_mfcc_train.2.ark:254729
mtat0_sx300 /nfs-share/titouan/workspace/kaldi/egs/timit/s5_la2/mfcc/raw_mfcc_train.4.ark:2428238
mdcd0_sx65 /nfs-share/titouan/workspace/kaldi/egs/timit/s5_la2/mfcc/raw_mfcc_train.2.ark:2119166
mabc0_sx241 /nfs-share/titouan/workspace/kaldi/egs/timit/s5_la2/mfcc/raw_mfcc_train.2.ark:674974
mklw0_sx401 /nfs-share/titouan/workspace/kaldi/egs/timit/s5_la2/mfcc/raw_mfcc_train.3.ark:2293422
fpad0_si716 /nfs-share/titouan/workspace/kaldi/egs/timit/s5_la2/mfcc/raw_mfcc_train.1.ark:3270220
mjra0_si1236 /nfs-share/titouan/workspace/kaldi/egs/timit/s5_la2/mfcc/raw_mfcc_train.3.ark:1447980
mprd0_sx441 /nfs-share/titouan/workspace/kaldi/egs/timit/s5_la2/mfcc/raw_mfcc_train.4.ark:83197
mdlh0_si574 /nfs-share/titouan/workspace/kaldi/egs/timit/s5_la2/mfcc/raw_mfcc_train.2.ark:2551381
mwem0_sx330 /nfs-share/titouan/workspace/kaldi/egs/timit/s5_la2/mfcc/raw_mfcc_train.4.ark:3598495
fsjk1_sx125 /nfs-share/titouan/workspace/kaldi/egs/timit/s5_la2/mfcc/raw_mfcc_train.1.ark:3879952
mrjm0_si1228 /nfs-share/titouan/workspace/kaldi/egs/timit/s5_la2/mfcc/raw_mfcc_train.4.ark:920233
mbef0_sx291 /nfs-share/titouan/workspace/kaldi/egs/timit/s5_la2/mfcc/raw_mfcc_train.2.ark:1151333
fecd0_sx338 /nfs-share/titouan/workspace/kaldi/egs/timit/s5_la2/mfcc/raw_mfcc_train.1.ark:1212638
flja0_sx178 /nfs-share/titouan/workspace/kaldi/egs/timit/s5_la2/mfcc/raw_mfcc_train.1.ark:2498579
frjb0_si1794 /nfs-share/titouan/workspace/kaldi/egs/timit/s5_la2/mfcc/raw_mfcc_train.1.ark:3498639
mcew0_sx272 /nfs-share/titouan/workspace/kaldi/egs/timit/s5_la2/mfcc/raw_mfcc_train.2.ark:1656967
mhit0_sx353 /nfs-share/titouan/workspace/kaldi/egs/timit/s5_la2/mfcc/raw_mfcc_train.3.ark:349795
ftlg0_si840 /nfs-share/titouan/workspace/kaldi/egs/timit/s5_la2/mfcc/raw_mfcc_train.2.ark:514527
fsah0_sx327 /nfs-share/titouan/workspace/kaldi/egs/timit/s5_la2/mfcc/raw_mfcc_train.1.ark:3611208
ftbw0_si1345 /nfs-share/titouan/workspace/kaldi/egs/timit/s5_la2/mfcc/raw_mfcc_train.2.ark:469905
msvs0_sx308 /nfs-share/titouan/workspace/kaldi/egs/timit/s5_la2/mfcc/raw_mfcc_train.4.ark:2324334
fsjg0_sx220 /nfs-share/titouan/workspace/kaldi/egs/timit/s5_la2/mfcc/raw_mfcc_train.1.ark:3845049
mbcg0_sx57 /nfs-share/titouan/workspace/kaldi/egs/timit/s5_la2/mfcc/raw_mfcc_train.2.ark:1126986
mcdc0_sx32 /nfs-share/titouan/workspace/kaldi/egs/timit/s5_la2/mfcc/raw_mfcc_train.2.ark:1532823
mgar0_sx402 /nfs-share/titouan/workspace/kaldi/egs/timit/s5_la2/mfcc/raw_mfcc_train.3.ark:25121
mbth0_si2102 /nfs-share/titouan/workspace/kaldi/egs/timit/s5_la2/mfcc/raw_mfcc_train.2.ark:1368236
fltm0_sx80 /nfs-share/titouan/workspace/kaldi/egs/timit/s5_la2/mfcc/raw_mfcc_train.1.ark:2782152
mnet0_sx276 /nfs-share/titouan/workspace/kaldi/egs/timit/s5_la2/mfcc/raw_mfcc_train.3.ark:3458947
mcth0_sx39 /nfs-share/titouan/workspace/kaldi/egs/timit/s5_la2/mfcc/raw_mfcc_train.2.ark:1891392
mtmn0_si2324 /nfs-share/titouan/workspace/kaldi/egs/timit/s5_la2/mfcc/raw_mfcc_train.4.ark:2945750
fskc0_si2046 /nfs-share/titouan/workspace/kaldi/egs/timit/s5_la2/mfcc/raw_mfcc_train.2.ark:87366
mtjs0_sx112 /nfs-share/titouan/workspace/kaldi/egs/timit/s5_la2/mfcc/raw_mfcc_train.4.ark:2723181
flag0_si2094 /nfs-share/titouan/workspace/kaldi/egs/timit/s5_la2/mfcc/raw_mfcc_train.1.ark:2361912
mwem0_sx420 /nfs-share/titouan/workspace/kaldi/egs/timit/s5_la2/mfcc/raw_mfcc_train.4.ark:3602818
fsag0_si693 /nfs-share/titouan/workspace/kaldi/egs/timit/s5_la2/mfcc/raw_mfcc_train.1.ark:3561321
mgag0_si1321 /nfs-share/titouan/workspace/kaldi/egs/timit/s5_la2/mfcc/raw_mfcc_train.2.ark:3612447
mljc0_si1855 /nfs-share/titouan/workspace/kaldi/egs/timit/s5_la2/mfcc/raw_mfcc_train.3.ark:2439181
mkah0_si2158 /nfs-share/titouan/workspace/kaldi/egs/timit/s5_la2/mfcc/raw_mfcc_train.3.ark:1888102
mcpm0_sx114 /nfs-share/titouan/workspace/kaldi/egs/timit/s5_la2/mfcc/raw_mfcc_train.2.ark:1786279
fecd0_sx158 /nfs-share/titouan/workspace/kaldi/egs/timit/s5_la2/mfcc/raw_mfcc_train.1.ark:1205110
mrpc1_sx402 /nfs-share/titouan/workspace/kaldi/egs/timit/s5_la2/mfcc/raw_mfcc_train.4.ark:1391904
mdbp0_sx438 /nfs-share/titouan/workspace/kaldi/egs/timit/s5_la2/mfcc/raw_mfcc_train.2.ark:2081364
mfrm0_sx75 /nfs-share/titouan/workspace/kaldi/egs/timit/s5_la2/mfcc/raw_mfcc_train.2.ark:3487227
mjdc0_sx81 /nfs-share/titouan/workspace/kaldi/egs/timit/s5_la2/mfcc/raw_mfcc_train.3.ark:731300
mbma0_sx142 /nfs-share/titouan/workspace/kaldi/egs/timit/s5_la2/mfcc/raw_mfcc_train.2.ark:1231915
mcdd0_si2143 /nfs-share/titouan/workspace/kaldi/egs/timit/s5_la2/mfcc/raw_mfcc_train.2.ark:1543415
msem1_sx90 /nfs-share/titouan/workspace/kaldi/egs/timit/s5_la2/mfcc/raw_mfcc_train.4.ark:1960684
mbar0_sx59 /nfs-share/titouan/workspace/kaldi/egs/timit/s5_la2/mfcc/raw_mfcc_train.2.ark:1067137
mter0_sx77 /nfs-share/titouan/workspace/kaldi/egs/timit/s5_la2/mfcc/raw_mfcc_train.4.ark:2638017
fblv0_si1058 /nfs-share/titouan/workspace/kaldi/egs/timit/s5_la2/mfcc/raw_mfcc_train.1.ark:307452
mrfl0_sx256 /nfs-share/titouan/workspace/kaldi/egs/timit/s5_la2/mfcc/raw_mfcc_train.4.ark:719012
mrlj0_si790 /nfs-share/titouan/workspace/kaldi/egs/timit/s5_la2/mfcc/raw_mfcc_train.4.ark:1093125
mtat0_sx210 /nfs-share/titouan/workspace/kaldi/egs/timit/s5_la2/mfcc/raw_mfcc_train.4.ark:2422895
mdwm0_sx16 /nfs-share/titouan/workspace/kaldi/egs/timit/s5_la2/mfcc/raw_mfcc_train.2.ark:3108421
mwad0_si1062 /nfs-share/titouan/workspace/kaldi/egs/timit/s5_la2/mfcc/raw_mfcc_train.4.ark:3464288
maeo0_si1326 /nfs-share/titouan/workspace/kaldi/egs/timit/s5_la2/mfcc/raw_mfcc_train.2.ark:785101
mjwt0_sx301 /nfs-share/titouan/workspace/kaldi/egs/timit/s5_la2/mfcc/raw_mfcc_train.3.ark:1774322
mwgr0_si1606 /nfs-share/titouan/workspace/kaldi/egs/timit/s5_la2/mfcc/raw_mfcc_train.4.ark:3614077
mjpm1_sx41 /nfs-share/titouan/workspace/kaldi/egs/timit/s5_la2/mfcc/raw_mfcc_train.3.ark:1443045
mbar0_si689 /nfs-share/titouan/workspace/kaldi/egs/timit/s5_la2/mfcc/raw_mfcc_train.2.ark:1044821
mmlm0_sx357 /nfs-share/titouan/workspace/kaldi/egs/timit/s5_la2/mfcc/raw_mfcc_train.3.ark:3164031
mcpm0_sx204 /nfs-share/titouan/workspace/kaldi/egs/timit/s5_la2/mfcc/raw_mfcc_train.2.ark:1789874
fjwb1_sx435 /nfs-share/titouan/workspace/kaldi/egs/timit/s5_la2/mfcc/raw_mfcc_train.1.ark:1943111
fsag0_sx423 /nfs-share/titouan/workspace/kaldi/egs/timit/s5_la2/mfcc/raw_mfcc_train.1.ark:3582370
mdcm0_si1480 /nfs-share/titouan/workspace/kaldi/egs/timit/s5_la2/mfcc/raw_mfcc_train.2.ark:2121956
mmdb0_si987 /nfs-share/titouan/workspace/kaldi/egs/timit/s5_la2/mfcc/raw_mfcc_train.3.ark:2819806
mjae0_si1999 /nfs-share/titouan/workspace/kaldi/egs/timit/s5_la2/mfcc/raw_mfcc_train.3.ark:581100
mjda0_si1031 /nfs-share/titouan/workspace/kaldi/egs/timit/s5_la2/mfcc/raw_mfcc_train.3.ark:675878
mmag0_sx316 /nfs-share/titouan/workspace/kaldi/egs/timit/s5_la2/mfcc/raw_mfcc_train.3.ark:2663346
mrkm0_sx7 /nfs-share/titouan/workspace/kaldi/egs/timit/s5_la2/mfcc/raw_mfcc_train.4.ark:1050269
fsdj0_si485 /nfs-share/titouan/workspace/kaldi/egs/timit/s5_la2/mfcc/raw_mfcc_train.1.ark:3773070
mrxb0_si955 /nfs-share/titouan/workspace/kaldi/egs/timit/s5_la2/mfcc/raw_mfcc_train.4.ark:1683082
mree0_si1959 /nfs-share/titouan/workspace/kaldi/egs/timit/s5_la2/mfcc/raw_mfcc_train.4.ark:547698
mdbp0_si1158 /nfs-share/titouan/workspace/kaldi/egs/timit/s5_la2/mfcc/raw_mfcc_train.2.ark:2055594
mfmc0_sx322 /nfs-share/titouan/workspace/kaldi/egs/timit/s5_la2/mfcc/raw_mfcc_train.2.ark:3447688
fpls0_sx240 /nfs-share/titouan/workspace/kaldi/egs/timit/s5_la2/mfcc/raw_mfcc_train.1.ark:3412462
mjac0_si2148 /nfs-share/titouan/workspace/kaldi/egs/timit/s5_la2/mfcc/raw_mfcc_train.3.ark:548153
mwch0_sx452 /nfs-share/titouan/workspace/kaldi/egs/timit/s5_la2/mfcc/raw_mfcc_train.4.ark:3539640
fmbg0_si1790 /nfs-share/titouan/workspace/kaldi/egs/timit/s5_la2/mfcc/raw_mfcc_train.1.ark:2823032
mbth0_sx122 /nfs-share/titouan/workspace/kaldi/egs/timit/s5_la2/mfcc/raw_mfcc_train.2.ark:1381803
mwre0_si1687 /nfs-share/titouan/workspace/kaldi/egs/timit/s5_la2/mfcc/raw_mfcc_train.4.ark:3650737
mrjt0_sx238 /nfs-share/titouan/workspace/kaldi/egs/timit/s5_la2/mfcc/raw_mfcc_train.4.ark:999110
ftlg0_sx213 /nfs-share/titouan/workspace/kaldi/egs/timit/s5_la2/mfcc/raw_mfcc_train.2.ark:522497
fmkc0_sx82 /nfs-share/titouan/workspace/kaldi/egs/timit/s5_la2/mfcc/raw_mfcc_train.1.ark:3015627
mtjm0_si1226 /nfs-share/titouan/workspace/kaldi/egs/timit/s5_la2/mfcc/raw_mfcc_train.4.ark:2673871
ftaj0_sx339 /nfs-share/titouan/workspace/kaldi/egs/timit/s5_la2/mfcc/raw_mfcc_train.2.ark:429072
mmxs0_sx336 /nfs-share/titouan/workspace/kaldi/egs/timit/s5_la2/mfcc/raw_mfcc_train.3.ark:3431675
mvrw0_sx315 /nfs-share/titouan/workspace/kaldi/egs/timit/s5_la2/mfcc/raw_mfcc_train.4.ark:3415707
fdas1_si2091 /nfs-share/titouan/workspace/kaldi/egs/timit/s5_la2/mfcc/raw_mfcc_train.1.ark:790422
fsrh0_sx221 /nfs-share/titouan/workspace/kaldi/egs/timit/s5_la2/mfcc/raw_mfcc_train.2.ark:358387
mkrg0_sx411 /nfs-share/titouan/workspace/kaldi/egs/timit/s5_la2/mfcc/raw_mfcc_train.3.ark:2325952
fetb0_sx158 /nfs-share/titouan/workspace/kaldi/egs/timit/s5_la2/mfcc/raw_mfcc_train.1.ark:1307526
fbch0_sx236 /nfs-share/titouan/workspace/kaldi/egs/timit/s5_la2/mfcc/raw_mfcc_train.1.ark:258084
fpaz0_sx243 /nfs-share/titouan/workspace/kaldi/egs/timit/s5_la2/mfcc/raw_mfcc_train.1.ark:3350052
mbml0_sx179 /nfs-share/titouan/workspace/kaldi/egs/timit/s5_la2/mfcc/raw_mfcc_train.2.ark:1296925
mrem0_sx151 /nfs-share/titouan/workspace/kaldi/egs/timit/s5_la2/mfcc/raw_mfcc_train.4.ark:620475
mpsw0_sx77 /nfs-share/titouan/workspace/kaldi/egs/timit/s5_la2/mfcc/raw_mfcc_train.4.ark:181211
mejs0_sx160 /nfs-share/titouan/workspace/kaldi/egs/timit/s5_la2/mfcc/raw_mfcc_train.2.ark:3290273
mhit0_sx173 /nfs-share/titouan/workspace/kaldi/egs/timit/s5_la2/mfcc/raw_mfcc_train.3.ark:341838
fcmg0_si1872 /nfs-share/titouan/workspace/kaldi/egs/timit/s5_la2/mfcc/raw_mfcc_train.1.ark:663906
mmvp0_sx294 /nfs-share/titouan/workspace/kaldi/egs/timit/s5_la2/mfcc/raw_mfcc_train.3.ark:3299992
mmag0_sx406 /nfs-share/titouan/workspace/kaldi/egs/timit/s5_la2/mfcc/raw_mfcc_train.3.ark:2667461
msdb0_sx107 /nfs-share/titouan/workspace/kaldi/egs/timit/s5_la2/mfcc/raw_mfcc_train.4.ark:1837440
ftmg0_sx452 /nfs-share/titouan/workspace/kaldi/egs/timit/s5_la2/mfcc/raw_mfcc_train.2.ark:559670
mmcc0_si1968 /nfs-share/titouan/workspace/kaldi/egs/timit/s5_la2/mfcc/raw_mfcc_train.3.ark:2786748
msjk0_si2226 /nfs-share/titouan/workspace/kaldi/egs/timit/s5_la2/mfcc/raw_mfcc_train.4.ark:2075740
mgrl0_sx417 /nfs-share/titouan/workspace/kaldi/egs/timit/s5_la2/mfcc/raw_mfcc_train.3.ark:151151
mrab1_sx218 /nfs-share/titouan/workspace/kaldi/egs/timit/s5_la2/mfcc/raw_mfcc_train.4.ark:233539
mjdc0_si2165 /nfs-share/titouan/workspace/kaldi/egs/timit/s5_la2/mfcc/raw_mfcc_train.3.ark:707079
mkls1_sx285 /nfs-share/titouan/workspace/kaldi/egs/timit/s5_la2/mfcc/raw_mfcc_train.3.ark:2260590
mtmn0_si582 /nfs-share/titouan/workspace/kaldi/egs/timit/s5_la2/mfcc/raw_mfcc_train.4.ark:2951087
mrso0_sx309 /nfs-share/titouan/workspace/kaldi/egs/timit/s5_la2/mfcc/raw_mfcc_train.4.ark:1461977
mdns0_sx111 /nfs-share/titouan/workspace/kaldi/egs/timit/s5_la2/mfcc/raw_mfcc_train.2.ark:2761441
fpab1_si1471 /nfs-share/titouan/workspace/kaldi/egs/timit/s5_la2/mfcc/raw_mfcc_train.1.ark:3189894
mkes0_sx263 /nfs-share/titouan/workspace/kaldi/egs/timit/s5_la2/mfcc/raw_mfcc_train.3.ark:2097608
mprb0_si1215 /nfs-share/titouan/workspace/kaldi/egs/timit/s5_la2/mfcc/raw_mfcc_train.4.ark:19314
ftlg0_sx123 /nfs-share/titouan/workspace/kaldi/egs/timit/s5_la2/mfcc/raw_mfcc_train.2.ark:518070
mtkp0_sx393 /nfs-share/titouan/workspace/kaldi/egs/timit/s5_la2/mfcc/raw_mfcc_train.4.ark:2840886
fjrp1_sx352 /nfs-share/titouan/workspace/kaldi/egs/timit/s5_la2/mfcc/raw_mfcc_train.1.ark:1838452
mcth0_si579 /nfs-share/titouan/workspace/kaldi/egs/timit/s5_la2/mfcc/raw_mfcc_train.2.ark:1874608
mjxa0_sx427 /nfs-share/titouan/workspace/kaldi/egs/timit/s5_la2/mfcc/raw_mfcc_train.3.ark:1808888
mgak0_sx406 /nfs-share/titouan/workspace/kaldi/egs/timit/s5_la2/mfcc/raw_mfcc_train.2.ark:3669682
frll0_sx164 /nfs-share/titouan/workspace/kaldi/egs/timit/s5_la2/mfcc/raw_mfcc_train.1.ark:3536935
mgar0_sx42 /nfs-share/titouan/workspace/kaldi/egs/timit/s5_la2/mfcc/raw_mfcc_train.3.ark:29222
fcaj0_sx39 /nfs-share/titouan/workspace/kaldi/egs/timit/s5_la2/mfcc/raw_mfcc_train.1.ark:461448
mwgr0_sx166 /nfs-share/titouan/workspace/kaldi/egs/timit/s5_la2/mfcc/raw_mfcc_train.4.ark:3625812
fdtd0_sx121 /nfs-share/titouan/workspace/kaldi/egs/timit/s5_la2/mfcc/raw_mfcc_train.1.ark:1069668
mmxs0_sx156 /nfs-share/titouan/workspace/kaldi/egs/timit/s5_la2/mfcc/raw_mfcc_train.3.ark:3424719
msfv0_si1262 /nfs-share/titouan/workspace/kaldi/egs/timit/s5_la2/mfcc/raw_mfcc_train.4.ark:2032931
frjb0_si1427 /nfs-share/titouan/workspace/kaldi/egs/timit/s5_la2/mfcc/raw_mfcc_train.1.ark:3492981
mlbc0_sx339 /nfs-share/titouan/workspace/kaldi/egs/timit/s5_la2/mfcc/raw_mfcc_train.3.ark:2384144
mvjh0_sx206 /nfs-share/titouan/workspace/kaldi/egs/timit/s5_la2/mfcc/raw_mfcc_train.4.ark:3352237
mtat1_sx329 /nfs-share/titouan/workspace/kaldi/egs/timit/s5_la2/mfcc/raw_mfcc_train.4.ark:2458254
fceg0_sx258 /nfs-share/titouan/workspace/kaldi/egs/timit/s5_la2/mfcc/raw_mfcc_train.1.ark:522207
mgxp0_si525 /nfs-share/titouan/workspace/kaldi/egs/timit/s5_la2/mfcc/raw_mfcc_train.3.ark:274301
msrg0_si591 /nfs-share/titouan/workspace/kaldi/egs/timit/s5_la2/mfcc/raw_mfcc_train.4.ark:2208548
mpgh0_sx114 /nfs-share/titouan/workspace/kaldi/egs/timit/s5_la2/mfcc/raw_mfcc_train.3.ark:3612909
mtat1_si779 /nfs-share/titouan/workspace/kaldi/egs/timit/s5_la2/mfcc/raw_mfcc_train.4.ark:2441671
mpsw0_si1697 /nfs-share/titouan/workspace/kaldi/egs/timit/s5_la2/mfcc/raw_mfcc_train.4.ark:161813
mrai0_sx432 /nfs-share/titouan/workspace/kaldi/egs/timit/s5_la2/mfcc/raw_mfcc_train.4.ark:276614
fbcg1_sx442 /nfs-share/titouan/workspace/kaldi/egs/timit/s5_la2/mfcc/raw_mfcc_train.1.ark:230807
mtpr0_sx340 /nfs-share/titouan/workspace/kaldi/egs/timit/s5_la2/mfcc/raw_mfcc_train.4.ark:3121992
mjac0_sx431 /nfs-share/titouan/workspace/kaldi/egs/timit/s5_la2/mfcc/raw_mfcc_train.3.ark:568832
mcpm0_si564 /nfs-share/titouan/workspace/kaldi/egs/timit/s5_la2/mfcc/raw_mfcc_train.2.ark:1781189
fljd0_sx76 /nfs-share/titouan/workspace/kaldi/egs/timit/s5_la2/mfcc/raw_mfcc_train.1.ark:2549584
mrlj1_sx51 /nfs-share/titouan/workspace/kaldi/egs/timit/s5_la2/mfcc/raw_mfcc_train.4.ark:1140927
mtat0_si1740 /nfs-share/titouan/workspace/kaldi/egs/timit/s5_la2/mfcc/raw_mfcc_train.4.ark:2409003
mrmh0_sx301 /nfs-share/titouan/workspace/kaldi/egs/timit/s5_la2/mfcc/raw_mfcc_train.4.ark:1291013
mdss1_sx67 /nfs-share/titouan/workspace/kaldi/egs/timit/s5_la2/mfcc/raw_mfcc_train.2.ark:2991863
flmc0_sx382 /nfs-share/titouan/workspace/kaldi/egs/timit/s5_la2/mfcc/raw_mfcc_train.1.ark:2685804
msas0_sx206 /nfs-share/titouan/workspace/kaldi/egs/timit/s5_la2/mfcc/raw_mfcc_train.4.ark:1754672
mbth0_sx212 /nfs-share/titouan/workspace/kaldi/egs/timit/s5_la2/mfcc/raw_mfcc_train.2.ark:1386607
fsms1_si2134 /nfs-share/titouan/workspace/kaldi/egs/timit/s5_la2/mfcc/raw_mfcc_train.2.ark:282176
frll0_sx434 /nfs-share/titouan/workspace/kaldi/egs/timit/s5_la2/mfcc/raw_mfcc_train.1.ark:3547720
mgsh0_sx276 /nfs-share/titouan/workspace/kaldi/egs/timit/s5_la2/mfcc/raw_mfcc_train.3.ark:216505
mklw0_sx131 /nfs-share/titouan/workspace/kaldi/egs/timit/s5_la2/mfcc/raw_mfcc_train.3.ark:2279725
fvkb0_si1789 /nfs-share/titouan/workspace/kaldi/egs/timit/s5_la2/mfcc/raw_mfcc_train.2.ark:599868
fntb0_si679 /nfs-share/titouan/workspace/kaldi/egs/timit/s5_la2/mfcc/raw_mfcc_train.1.ark:3166114
mtpr0_si1600 /nfs-share/titouan/workspace/kaldi/egs/timit/s5_la2/mfcc/raw_mfcc_train.4.ark:3098075
mges0_si2111 /nfs-share/titouan/workspace/kaldi/egs/timit/s5_la2/mfcc/raw_mfcc_train.3.ark:65045
mreh1_sx69 /nfs-share/titouan/workspace/kaldi/egs/timit/s5_la2/mfcc/raw_mfcc_train.4.ark:602857
makr0_sx272 /nfs-share/titouan/workspace/kaldi/egs/timit/s5_la2/mfcc/raw_mfcc_train.2.ark:930480
feac0_si1875 /nfs-share/titouan/workspace/kaldi/egs/timit/s5_la2/mfcc/raw_mfcc_train.1.ark:1124031
mcth0_sx399 /nfs-share/titouan/workspace/kaldi/egs/timit/s5_la2/mfcc/raw_mfcc_train.2.ark:1895416
maeo0_sx246 /nfs-share/titouan/workspace/kaldi/egs/timit/s5_la2/mfcc/raw_mfcc_train.2.ark:801264
fmjf0_sx354 /nfs-share/titouan/workspace/kaldi/egs/timit/s5_la2/mfcc/raw_mfcc_train.1.ark:2938877
msmr0_sx415 /nfs-share/titouan/workspace/kaldi/egs/timit/s5_la2/mfcc/raw_mfcc_train.4.ark:2161896
mklw0_sx221 /nfs-share/titouan/workspace/kaldi/egs/timit/s5_la2/mfcc/raw_mfcc_train.3.ark:2283177
mrab0_si594 /nfs-share/titouan/workspace/kaldi/egs/timit/s5_la2/mfcc/raw_mfcc_train.4.ark:193532
mtat1_si1627 /nfs-share/titouan/workspace/kaldi/egs/timit/s5_la2/mfcc/raw_mfcc_train.4.ark:2438895
fjrb0_sx402 /nfs-share/titouan/workspace/kaldi/egs/timit/s5_la2/mfcc/raw_mfcc_train.1.ark:1804225
mmxs0_sx426 /nfs-share/titouan/workspace/kaldi/egs/timit/s5_la2/mfcc/raw_mfcc_train.3.ark:3436973
mmds0_sx263 /nfs-share/titouan/workspace/kaldi/egs/timit/s5_la2/mfcc/raw_mfcc_train.3.ark:2955586
mdsj0_sx112 /nfs-share/titouan/workspace/kaldi/egs/timit/s5_la2/mfcc/raw_mfcc_train.2.ark:2919832
mmcc0_si1338 /nfs-share/titouan/workspace/kaldi/egs/timit/s5_la2/mfcc/raw_mfcc_train.3.ark:2780786
msms0_sx83 /nfs-share/titouan/workspace/kaldi/egs/timit/s5_la2/mfcc/raw_mfcc_train.4.ark:2197813
mrjb1_sx210 /nfs-share/titouan/workspace/kaldi/egs/timit/s5_la2/mfcc/raw_mfcc_train.4.ark:863981
mgag0_si645 /nfs-share/titouan/workspace/kaldi/egs/timit/s5_la2/mfcc/raw_mfcc_train.2.ark:3617420
mtpr0_sx160 /nfs-share/titouan/workspace/kaldi/egs/timit/s5_la2/mfcc/raw_mfcc_train.4.ark:3111630
mrjm0_si1095 /nfs-share/titouan/workspace/kaldi/egs/timit/s5_la2/mfcc/raw_mfcc_train.4.ark:917313
mcew0_sx452 /nfs-share/titouan/workspace/kaldi/egs/timit/s5_la2/mfcc/raw_mfcc_train.2.ark:1667290
mkdd0_sx397 /nfs-share/titouan/workspace/kaldi/egs/timit/s5_la2/mfcc/raw_mfcc_train.3.ark:2039782
fltm0_si1700 /nfs-share/titouan/workspace/kaldi/egs/timit/s5_la2/mfcc/raw_mfcc_train.1.ark:2753913
mrwa0_si2233 /nfs-share/titouan/workspace/kaldi/egs/timit/s5_la2/mfcc/raw_mfcc_train.4.ark:1617753
mjbg0_sx242 /nfs-share/titouan/workspace/kaldi/egs/timit/s5_la2/mfcc/raw_mfcc_train.3.ark:657559
mmgc0_si2184 /nfs-share/titouan/workspace/kaldi/egs/timit/s5_la2/mfcc/raw_mfcc_train.3.ark:3035575
fljd0_sx256 /nfs-share/titouan/workspace/kaldi/egs/timit/s5_la2/mfcc/raw_mfcc_train.1.ark:2539190
mlbc0_si1869 /nfs-share/titouan/workspace/kaldi/egs/timit/s5_la2/mfcc/raw_mfcc_train.3.ark:2369205
fjrb0_si1932 /nfs-share/titouan/workspace/kaldi/egs/timit/s5_la2/mfcc/raw_mfcc_train.1.ark:1786302
mpgr1_si2129 /nfs-share/titouan/workspace/kaldi/egs/timit/s5_la2/mfcc/raw_mfcc_train.3.ark:3665056
flma0_si1243 /nfs-share/titouan/workspace/kaldi/egs/timit/s5_la2/mfcc/raw_mfcc_train.1.ark:2628784
mmdg0_si1780 /nfs-share/titouan/workspace/kaldi/egs/timit/s5_la2/mfcc/raw_mfcc_train.3.ark:2841298
mrws0_sx22 /nfs-share/titouan/workspace/kaldi/egs/timit/s5_la2/mfcc/raw_mfcc_train.4.ark:1662986
mjhi0_sx68 /nfs-share/titouan/workspace/kaldi/egs/timit/s5_la2/mfcc/raw_mfcc_train.3.ark:1033139
fvfb0_sx132 /nfs-share/titouan/workspace/kaldi/egs/timit/s5_la2/mfcc/raw_mfcc_train.2.ark:579246
mdef0_sx33 /nfs-share/titouan/workspace/kaldi/egs/timit/s5_la2/mfcc/raw_mfcc_train.2.ark:2241458
mfxv0_si1005 /nfs-share/titouan/workspace/kaldi/egs/timit/s5_la2/mfcc/raw_mfcc_train.2.ark:3552935
mmds0_si1973 /nfs-share/titouan/workspace/kaldi/egs/timit/s5_la2/mfcc/raw_mfcc_train.3.ark:2946998
mtjm0_sx326 /nfs-share/titouan/workspace/kaldi/egs/timit/s5_la2/mfcc/raw_mfcc_train.4.ark:2694954
fvkb0_sx169 /nfs-share/titouan/workspace/kaldi/egs/timit/s5_la2/mfcc/raw_mfcc_train.2.ark:606980
mtrc0_si993 /nfs-share/titouan/workspace/kaldi/egs/timit/s5_la2/mfcc/raw_mfcc_train.4.ark:3186278
mmgg0_sx269 /nfs-share/titouan/workspace/kaldi/egs/timit/s5_la2/mfcc/raw_mfcc_train.3.ark:3071514
msmc0_sx377 /nfs-share/titouan/workspace/kaldi/egs/timit/s5_la2/mfcc/raw_mfcc_train.4.ark:2132803
mrlj0_si1420 /nfs-share/titouan/workspace/kaldi/egs/timit/s5_la2/mfcc/raw_mfcc_train.4.ark:1086311
fvkb0_sx79 /nfs-share/titouan/workspace/kaldi/egs/timit/s5_la2/mfcc/raw_mfcc_train.2.ark:626169
fsjg0_si940 /nfs-share/titouan/workspace/kaldi/egs/timit/s5_la2/mfcc/raw_mfcc_train.1.ark:3833608
mrcw0_si1371 /nfs-share/titouan/workspace/kaldi/egs/timit/s5_la2/mfcc/raw_mfcc_train.4.ark:416777
fcrz0_sx433 /nfs-share/titouan/workspace/kaldi/egs/timit/s5_la2/mfcc/raw_mfcc_train.1.ark:742282
fmpg0_si1602 /nfs-share/titouan/workspace/kaldi/egs/timit/s5_la2/mfcc/raw_mfcc_train.1.ark:3086166
mafm0_sx129 /nfs-share/titouan/workspace/kaldi/egs/timit/s5_la2/mfcc/raw_mfcc_train.2.ark:825715
fmem0_sx117 /nfs-share/titouan/workspace/kaldi/egs/timit/s5_la2/mfcc/raw_mfcc_train.1.ark:2862258
mjda0_sx311 /nfs-share/titouan/workspace/kaldi/egs/timit/s5_la2/mfcc/raw_mfcc_train.3.ark:691060
mjac0_sx71 /nfs-share/titouan/workspace/kaldi/egs/timit/s5_la2/mfcc/raw_mfcc_train.3.ark:573180
mmag0_si496 /nfs-share/titouan/workspace/kaldi/egs/timit/s5_la2/mfcc/raw_mfcc_train.3.ark:2649662
mkdd0_sx127 /nfs-share/titouan/workspace/kaldi/egs/timit/s5_la2/mfcc/raw_mfcc_train.3.ark:2028718
fjkl0_si932 /nfs-share/titouan/workspace/kaldi/egs/timit/s5_la2/mfcc/raw_mfcc_train.1.ark:1689677
fnkl0_sx196 /nfs-share/titouan/workspace/kaldi/egs/timit/s5_la2/mfcc/raw_mfcc_train.1.ark:3144908
fgdp0_si988 /nfs-share/titouan/workspace/kaldi/egs/timit/s5_la2/mfcc/raw_mfcc_train.1.ark:1402058
fcmg0_si1242 /nfs-share/titouan/workspace/kaldi/egs/timit/s5_la2/mfcc/raw_mfcc_train.1.ark:660219
fkkh0_si660 /nfs-share/titouan/workspace/kaldi/egs/timit/s5_la2/mfcc/raw_mfcc_train.1.ark:2172088
fpad0_sx86 /nfs-share/titouan/workspace/kaldi/egs/timit/s5_la2/mfcc/raw_mfcc_train.1.ark:3294343
fsdj0_sx305 /nfs-share/titouan/workspace/kaldi/egs/timit/s5_la2/mfcc/raw_mfcc_train.1.ark:3782451
mrlj1_sx231 /nfs-share/titouan/workspace/kaldi/egs/timit/s5_la2/mfcc/raw_mfcc_train.4.ark:1131131
mtas0_sx215 /nfs-share/titouan/workspace/kaldi/egs/timit/s5_la2/mfcc/raw_mfcc_train.4.ark:2390026
mkam0_si1316 /nfs-share/titouan/workspace/kaldi/egs/timit/s5_la2/mfcc/raw_mfcc_train.3.ark:1950421
fpaf0_sx154 /nfs-share/titouan/workspace/kaldi/egs/timit/s5_la2/mfcc/raw_mfcc_train.1.ark:3311404
mprd0_sx171 /nfs-share/titouan/workspace/kaldi/egs/timit/s5_la2/mfcc/raw_mfcc_train.4.ark:68954
fcmm0_si453 /nfs-share/titouan/workspace/kaldi/egs/timit/s5_la2/mfcc/raw_mfcc_train.1.ark:697841
mjrk0_si2103 /nfs-share/titouan/workspace/kaldi/egs/timit/s5_la2/mfcc/raw_mfcc_train.3.ark:1579595
mrlk0_sx393 /nfs-share/titouan/workspace/kaldi/egs/timit/s5_la2/mfcc/raw_mfcc_train.4.ark:1172769
fjrb0_sx222 /nfs-share/titouan/workspace/kaldi/egs/timit/s5_la2/mfcc/raw_mfcc_train.1.ark:1794812
mmgg0_sx179 /nfs-share/titouan/workspace/kaldi/egs/timit/s5_la2/mfcc/raw_mfcc_train.3.ark:3067477
mrms0_sx300 /nfs-share/titouan/workspace/kaldi/egs/timit/s5_la2/mfcc/raw_mfcc_train.4.ark:1364051
mrew1_sx330 /nfs-share/titouan/workspace/kaldi/egs/timit/s5_la2/mfcc/raw_mfcc_train.4.ark:656556
maeb0_si2250 /nfs-share/titouan/workspace/kaldi/egs/timit/s5_la2/mfcc/raw_mfcc_train.2.ark:759494
mrld0_sx334 /nfs-share/titouan/workspace/kaldi/egs/timit/s5_la2/mfcc/raw_mfcc_train.4.ark:1077021
fgrw0_sx72 /nfs-share/titouan/workspace/kaldi/egs/timit/s5_la2/mfcc/raw_mfcc_train.1.ark:1504569
mjfr0_sx75 /nfs-share/titouan/workspace/kaldi/egs/timit/s5_la2/mfcc/raw_mfcc_train.3.ark:1000440
mmvp0_sx114 /nfs-share/titouan/workspace/kaldi/egs/timit/s5_la2/mfcc/raw_mfcc_train.3.ark:3291931
fsdc0_sx142 /nfs-share/titouan/workspace/kaldi/egs/timit/s5_la2/mfcc/raw_mfcc_train.1.ark:3744979
mrai0_sx162 /nfs-share/titouan/workspace/kaldi/egs/timit/s5_la2/mfcc/raw_mfcc_train.4.ark:264581
mkam0_sx416 /nfs-share/titouan/workspace/kaldi/egs/timit/s5_la2/mfcc/raw_mfcc_train.3.ark:1971894
mkah0_sx448 /nfs-share/titouan/workspace/kaldi/egs/timit/s5_la2/mfcc/raw_mfcc_train.3.ark:1908599
fpac0_si2011 /nfs-share/titouan/workspace/kaldi/egs/timit/s5_la2/mfcc/raw_mfcc_train.1.ark:3233990
mrlk0_si1468 /nfs-share/titouan/workspace/kaldi/egs/timit/s5_la2/mfcc/raw_mfcc_train.4.ark:1144146
msfh0_sx136 /nfs-share/titouan/workspace/kaldi/egs/timit/s5_la2/mfcc/raw_mfcc_train.4.ark:2009431
mjlb0_sx446 /nfs-share/titouan/workspace/kaldi/egs/timit/s5_la2/mfcc/raw_mfcc_train.3.ark:1195724
mdlr0_sx153 /nfs-share/titouan/workspace/kaldi/egs/timit/s5_la2/mfcc/raw_mfcc_train.2.ark:2620747
mprk0_sx107 /nfs-share/titouan/workspace/kaldi/egs/timit/s5_la2/mfcc/raw_mfcc_train.4.ark:107608
mmvp0_si654 /nfs-share/titouan/workspace/kaldi/egs/timit/s5_la2/mfcc/raw_mfcc_train.3.ark:3283097
mvjh0_si1556 /nfs-share/titouan/workspace/kaldi/egs/timit/s5_la2/mfcc/raw_mfcc_train.4.ark:3334775
mjxl0_sx182 /nfs-share/titouan/workspace/kaldi/egs/timit/s5_la2/mfcc/raw_mfcc_train.3.ark:1828541
fjsk0_sx422 /nfs-share/titouan/workspace/kaldi/egs/timit/s5_la2/mfcc/raw_mfcc_train.1.ark:1879727
fcaj0_sx129 /nfs-share/titouan/workspace/kaldi/egs/timit/s5_la2/mfcc/raw_mfcc_train.1.ark:449013
fntb0_sx393 /nfs-share/titouan/workspace/kaldi/egs/timit/s5_la2/mfcc/raw_mfcc_train.1.ark:3186636
flod0_sx171 /nfs-share/titouan/workspace/kaldi/egs/timit/s5_la2/mfcc/raw_mfcc_train.1.ark:2736963
fpmy0_sx163 /nfs-share/titouan/workspace/kaldi/egs/timit/s5_la2/mfcc/raw_mfcc_train.1.ark:3444451
fmjf0_sx84 /nfs-share/titouan/workspace/kaldi/egs/timit/s5_la2/mfcc/raw_mfcc_train.1.ark:2946885
mejs0_sx70 /nfs-share/titouan/workspace/kaldi/egs/timit/s5_la2/mfcc/raw_mfcc_train.2.ark:3307798
msas0_si2006 /nfs-share/titouan/workspace/kaldi/egs/timit/s5_la2/mfcc/raw_mfcc_train.4.ark:1740598
mmeb0_si1987 /nfs-share/titouan/workspace/kaldi/egs/timit/s5_la2/mfcc/raw_mfcc_train.3.ark:3001127
mcal0_sx328 /nfs-share/titouan/workspace/kaldi/egs/timit/s5_la2/mfcc/raw_mfcc_train.2.ark:1495281
mdps0_sx89 /nfs-share/titouan/workspace/kaldi/egs/timit/s5_la2/mfcc/raw_mfcc_train.2.ark:2867641
fskl0_sx449 /nfs-share/titouan/workspace/kaldi/egs/timit/s5_la2/mfcc/raw_mfcc_train.2.ark:137820
mrms0_sx210 /nfs-share/titouan/workspace/kaldi/egs/timit/s5_la2/mfcc/raw_mfcc_train.4.ark:1359059
mrjh0_sx307 /nfs-share/titouan/workspace/kaldi/egs/timit/s5_la2/mfcc/raw_mfcc_train.4.ark:904721
mrwa0_sx433 /nfs-share/titouan/workspace/kaldi/egs/timit/s5_la2/mfcc/raw_mfcc_train.4.ark:1637652
mdac0_si1837 /nfs-share/titouan/workspace/kaldi/egs/timit/s5_la2/mfcc/raw_mfcc_train.2.ark:1965915
mbom0_sx204 /nfs-share/titouan/workspace/kaldi/egs/timit/s5_la2/mfcc/raw_mfcc_train.2.ark:1330322
fmkc0_sx442 /nfs-share/titouan/workspace/kaldi/egs/timit/s5_la2/mfcc/raw_mfcc_train.1.ark:3011409
mwad0_si1749 /nfs-share/titouan/workspace/kaldi/egs/timit/s5_la2/mfcc/raw_mfcc_train.4.ark:3468560
mmar0_sx76 /nfs-share/titouan/workspace/kaldi/egs/timit/s5_la2/mfcc/raw_mfcc_train.3.ark:2739758
mkah0_sx358 /nfs-share/titouan/workspace/kaldi/egs/timit/s5_la2/mfcc/raw_mfcc_train.3.ark:1905030
fhlm0_sx349 /nfs-share/titouan/workspace/kaldi/egs/timit/s5_la2/mfcc/raw_mfcc_train.1.ark:1531023
mded0_si1800 /nfs-share/titouan/workspace/kaldi/egs/timit/s5_la2/mfcc/raw_mfcc_train.2.ark:2187858
mgaf0_sx202 /nfs-share/titouan/workspace/kaldi/egs/timit/s5_la2/mfcc/raw_mfcc_train.2.ark:3600368
mpsw0_si1067 /nfs-share/titouan/workspace/kaldi/egs/timit/s5_la2/mfcc/raw_mfcc_train.4.ark:158646
mrre0_si704 /nfs-share/titouan/workspace/kaldi/egs/timit/s5_la2/mfcc/raw_mfcc_train.4.ark:1404808
falk0_sx366 /nfs-share/titouan/workspace/kaldi/egs/timit/s5_la2/mfcc/raw_mfcc_train.1.ark:89353
mdef0_sx213 /nfs-share/titouan/workspace/kaldi/egs/timit/s5_la2/mfcc/raw_mfcc_train.2.ark:2235387
falr0_sx335 /nfs-share/titouan/workspace/kaldi/egs/timit/s5_la2/mfcc/raw_mfcc_train.1.ark:120595
fdxw0_sx431 /nfs-share/titouan/workspace/kaldi/egs/timit/s5_la2/mfcc/raw_mfcc_train.1.ark:1114285
mdlb0_sx226 /nfs-share/titouan/workspace/kaldi/egs/timit/s5_la2/mfcc/raw_mfcc_train.2.ark:2433615
fblv0_sx158 /nfs-share/titouan/workspace/kaldi/egs/timit/s5_la2/mfcc/raw_mfcc_train.1.ark:323517
mdhs0_si2160 /nfs-share/titouan/workspace/kaldi/egs/timit/s5_la2/mfcc/raw_mfcc_train.2.ark:2323195
mdsj0_sx438 /nfs-share/titouan/workspace/kaldi/egs/timit/s5_la2/mfcc/raw_mfcc_train.2.ark:2934913
fmpg0_sx342 /nfs-share/titouan/workspace/kaldi/egs/timit/s5_la2/mfcc/raw_mfcc_train.1.ark:3111669
fskp0_si1728 /nfs-share/titouan/workspace/kaldi/egs/timit/s5_la2/mfcc/raw_mfcc_train.2.ark:151674
feme0_si2135 /nfs-share/titouan/workspace/kaldi/egs/timit/s5_la2/mfcc/raw_mfcc_train.1.ark:1263398
mmdm0_sx411 /nfs-share/titouan/workspace/kaldi/egs/timit/s5_la2/mfcc/raw_mfcc_train.3.ark:2900379
mjmd0_sx308 /nfs-share/titouan/workspace/kaldi/egs/timit/s5_la2/mfcc/raw_mfcc_train.3.ark:1312934
mtpr0_sx250 /nfs-share/titouan/workspace/kaldi/egs/timit/s5_la2/mfcc/raw_mfcc_train.4.ark:3117227
mdlb0_si1306 /nfs-share/titouan/workspace/kaldi/egs/timit/s5_la2/mfcc/raw_mfcc_train.2.ark:2413306
mcdd0_sx73 /nfs-share/titouan/workspace/kaldi/egs/timit/s5_la2/mfcc/raw_mfcc_train.2.ark:1565816
fpad0_sx356 /nfs-share/titouan/workspace/kaldi/egs/timit/s5_la2/mfcc/raw_mfcc_train.1.ark:3285763
mjrk0_si1662 /nfs-share/titouan/workspace/kaldi/egs/timit/s5_la2/mfcc/raw_mfcc_train.3.ark:1577312
mhxl0_sx152 /nfs-share/titouan/workspace/kaldi/egs/timit/s5_la2/mfcc/raw_mfcc_train.3.ark:492234
mbma1_sx144 /nfs-share/titouan/workspace/kaldi/egs/timit/s5_la2/mfcc/raw_mfcc_train.2.ark:1264186
mdjm0_sx285 /nfs-share/titouan/workspace/kaldi/egs/timit/s5_la2/mfcc/raw_mfcc_train.2.ark:2372998
mgsl0_si534 /nfs-share/titouan/workspace/kaldi/egs/timit/s5_la2/mfcc/raw_mfcc_train.3.ark:233015
mjde0_sx400 /nfs-share/titouan/workspace/kaldi/egs/timit/s5_la2/mfcc/raw_mfcc_train.3.ark:772293
mrjh0_si914 /nfs-share/titouan/workspace/kaldi/egs/timit/s5_la2/mfcc/raw_mfcc_train.4.ark:891206
mjpg0_si561 /nfs-share/titouan/workspace/kaldi/egs/timit/s5_la2/mfcc/raw_mfcc_train.3.ark:1362856
fbjl0_sx382 /nfs-share/titouan/workspace/kaldi/egs/timit/s5_la2/mfcc/raw_mfcc_train.1.ark:303245
mljh0_sx334 /nfs-share/titouan/workspace/kaldi/egs/timit/s5_la2/mfcc/raw_mfcc_train.3.ark:2493658
mstf0_sx406 /nfs-share/titouan/workspace/kaldi/egs/timit/s5_la2/mfcc/raw_mfcc_train.4.ark:2290042
mdem0_sx68 /nfs-share/titouan/workspace/kaldi/egs/timit/s5_la2/mfcc/raw_mfcc_train.2.ark:2283342
mpgh0_si1554 /nfs-share/titouan/workspace/kaldi/egs/timit/s5_la2/mfcc/raw_mfcc_train.3.ark:3599056
mclm0_si2086 /nfs-share/titouan/workspace/kaldi/egs/timit/s5_la2/mfcc/raw_mfcc_train.2.ark:1747728
mhjb0_sx117 /nfs-share/titouan/workspace/kaldi/egs/timit/s5_la2/mfcc/raw_mfcc_train.3.ark:373564
msrg0_sx51 /nfs-share/titouan/workspace/kaldi/egs/timit/s5_la2/mfcc/raw_mfcc_train.4.ark:2228225
fapb0_sx343 /nfs-share/titouan/workspace/kaldi/egs/timit/s5_la2/mfcc/raw_mfcc_train.1.ark:156585
fksr0_sx161 /nfs-share/titouan/workspace/kaldi/egs/timit/s5_la2/mfcc/raw_mfcc_train.1.ark:2304235
msmc0_sx107 /nfs-share/titouan/workspace/kaldi/egs/timit/s5_la2/mfcc/raw_mfcc_train.4.ark:2117618
fmjb0_si547 /nfs-share/titouan/workspace/kaldi/egs/timit/s5_la2/mfcc/raw_mfcc_train.1.ark:2895862
mrgs0_sx366 /nfs-share/titouan/workspace/kaldi/egs/timit/s5_la2/mfcc/raw_mfcc_train.4.ark:796431
fvfb0_sx42 /nfs-share/titouan/workspace/kaldi/egs/timit/s5_la2/mfcc/raw_mfcc_train.2.ark:594119
fsma0_sx181 /nfs-share/titouan/workspace/kaldi/egs/timit/s5_la2/mfcc/raw_mfcc_train.2.ark:221379
mjsr0_si2054 /nfs-share/titouan/workspace/kaldi/egs/timit/s5_la2/mfcc/raw_mfcc_train.3.ark:1641329
mreh1_si2229 /nfs-share/titouan/workspace/kaldi/egs/timit/s5_la2/mfcc/raw_mfcc_train.4.ark:576634
mjlg1_sx382 /nfs-share/titouan/workspace/kaldi/egs/timit/s5_la2/mfcc/raw_mfcc_train.3.ark:1228054
mmdm0_si1941 /nfs-share/titouan/workspace/kaldi/egs/timit/s5_la2/mfcc/raw_mfcc_train.3.ark:2883288
mhmg0_sx285 /nfs-share/titouan/workspace/kaldi/egs/timit/s5_la2/mfcc/raw_mfcc_train.3.ark:409573
flet0_sx57 /nfs-share/titouan/workspace/kaldi/egs/timit/s5_la2/mfcc/raw_mfcc_train.1.ark:2452392
feac0_sx75 /nfs-share/titouan/workspace/kaldi/egs/timit/s5_la2/mfcc/raw_mfcc_train.1.ark:1151086
fmkf0_sx366 /nfs-share/titouan/workspace/kaldi/egs/timit/s5_la2/mfcc/raw_mfcc_train.1.ark:3040761
mdks0_si1696 /nfs-share/titouan/workspace/kaldi/egs/timit/s5_la2/mfcc/raw_mfcc_train.2.ark:2382797
mges0_sx401 /nfs-share/titouan/workspace/kaldi/egs/timit/s5_la2/mfcc/raw_mfcc_train.3.ark:83176
fjdm2_sx52 /nfs-share/titouan/workspace/kaldi/egs/timit/s5_la2/mfcc/raw_mfcc_train.1.ark:1611863
fcdr1_si1186 /nfs-share/titouan/workspace/kaldi/egs/timit/s5_la2/mfcc/raw_mfcc_train.1.ark:468314
mkdt0_sx83 /nfs-share/titouan/workspace/kaldi/egs/timit/s5_la2/mfcc/raw_mfcc_train.3.ark:2074223
mjlb0_si1616 /nfs-share/titouan/workspace/kaldi/egs/timit/s5_la2/mfcc/raw_mfcc_train.3.ark:1172255
megj0_sx437 /nfs-share/titouan/workspace/kaldi/egs/timit/s5_la2/mfcc/raw_mfcc_train.2.ark:3239480
mrml0_sx71 /nfs-share/titouan/workspace/kaldi/egs/timit/s5_la2/mfcc/raw_mfcc_train.4.ark:1336804
msrg0_sx141 /nfs-share/titouan/workspace/kaldi/egs/timit/s5_la2/mfcc/raw_mfcc_train.4.ark:2213846
fcmg0_sx252 /nfs-share/titouan/workspace/kaldi/egs/timit/s5_la2/mfcc/raw_mfcc_train.1.ark:672019
fvmh0_si2096 /nfs-share/titouan/workspace/kaldi/egs/timit/s5_la2/mfcc/raw_mfcc_train.2.ark:635480
mcdr0_si1784 /nfs-share/titouan/workspace/kaldi/egs/timit/s5_la2/mfcc/raw_mfcc_train.2.ark:1574724
mrab1_sx128 /nfs-share/titouan/workspace/kaldi/egs/timit/s5_la2/mfcc/raw_mfcc_train.4.ark:230113
mrwa0_sx73 /nfs-share/titouan/workspace/kaldi/egs/timit/s5_la2/mfcc/raw_mfcc_train.4.ark:1642364
mdas0_sx6 /nfs-share/titouan/workspace/kaldi/egs/timit/s5_la2/mfcc/raw_mfcc_train.2.ark:2018485
fmmh0_si1537 /nfs-share/titouan/workspace/kaldi/egs/timit/s5_la2/mfcc/raw_mfcc_train.1.ark:3053468
faem0_si762 /nfs-share/titouan/workspace/kaldi/egs/timit/s5_la2/mfcc/raw_mfcc_train.1.ark:9349
fmjf0_sx174 /nfs-share/titouan/workspace/kaldi/egs/timit/s5_la2/mfcc/raw_mfcc_train.1.ark:2929386
mrem0_sx61 /nfs-share/titouan/workspace/kaldi/egs/timit/s5_la2/mfcc/raw_mfcc_train.4.ark:635751
mmaa0_sx395 /nfs-share/titouan/workspace/kaldi/egs/timit/s5_la2/mfcc/raw_mfcc_train.3.ark:2600884
mrjm0_sx238 /nfs-share/titouan/workspace/kaldi/egs/timit/s5_la2/mfcc/raw_mfcc_train.4.ark:933151
fmkf0_si1536 /nfs-share/titouan/workspace/kaldi/egs/timit/s5_la2/mfcc/raw_mfcc_train.1.ark:3025367
mrtc0_si828 /nfs-share/titouan/workspace/kaldi/egs/timit/s5_la2/mfcc/raw_mfcc_train.4.ark:1520791
mmaa0_sx35 /nfs-share/titouan/workspace/kaldi/egs/timit/s5_la2/mfcc/raw_mfcc_train.3.ark:2597601
mppc0_si782 /nfs-share/titouan/workspace/kaldi/egs/timit/s5_la2/mfcc/raw_mfcc_train.3.ark:3752218
fecd0_sx248 /nfs-share/titouan/workspace/kaldi/egs/timit/s5_la2/mfcc/raw_mfcc_train.1.ark:1208562
fcaj0_si849 /nfs-share/titouan/workspace/kaldi/egs/timit/s5_la2/mfcc/raw_mfcc_train.1.ark:444365
fjhk0_sx212 /nfs-share/titouan/workspace/kaldi/egs/timit/s5_la2/mfcc/raw_mfcc_train.1.ark:1670368
fsdc0_sx322 /nfs-share/titouan/workspace/kaldi/egs/timit/s5_la2/mfcc/raw_mfcc_train.1.ark:3753248
fmjb0_sx277 /nfs-share/titouan/workspace/kaldi/egs/timit/s5_la2/mfcc/raw_mfcc_train.1.ark:2902922
mdwm0_si1546 /nfs-share/titouan/workspace/kaldi/egs/timit/s5_la2/mfcc/raw_mfcc_train.2.ark:3092039
mkjo0_si2147 /nfs-share/titouan/workspace/kaldi/egs/timit/s5_la2/mfcc/raw_mfcc_train.3.ark:2117196
mjdm0_si1937 /nfs-share/titouan/workspace/kaldi/egs/timit/s5_la2/mfcc/raw_mfcc_train.3.ark:815462
mpgr0_sx150 /nfs-share/titouan/workspace/kaldi/egs/timit/s5_la2/mfcc/raw_mfcc_train.3.ark:3637978
msrr0_sx30 /nfs-share/titouan/workspace/kaldi/egs/timit/s5_la2/mfcc/raw_mfcc_train.4.ark:2253371
fcjf0_sx307 /nfs-share/titouan/workspace/kaldi/egs/timit/s5_la2/mfcc/raw_mfcc_train.1.ark:554407
mhmr0_sx219 /nfs-share/titouan/workspace/kaldi/egs/timit/s5_la2/mfcc/raw_mfcc_train.3.ark:434668
mdlm0_si1234 /nfs-share/titouan/workspace/kaldi/egs/timit/s5_la2/mfcc/raw_mfcc_train.2.ark:2580446
mreh1_sx159 /nfs-share/titouan/workspace/kaldi/egs/timit/s5_la2/mfcc/raw_mfcc_train.4.ark:586190
mrws0_si1732 /nfs-share/titouan/workspace/kaldi/egs/timit/s5_la2/mfcc/raw_mfcc_train.4.ark:1651324
mdss0_sx261 /nfs-share/titouan/workspace/kaldi/egs/timit/s5_la2/mfcc/raw_mfcc_train.2.ark:2953839
mgsl0_sx264 /nfs-share/titouan/workspace/kaldi/egs/timit/s5_la2/mfcc/raw_mfcc_train.3.ark:247011
mjma0_si865 /nfs-share/titouan/workspace/kaldi/egs/timit/s5_la2/mfcc/raw_mfcc_train.3.ark:1275415
mclk0_sx130 /nfs-share/titouan/workspace/kaldi/egs/timit/s5_la2/mfcc/raw_mfcc_train.2.ark:1725208
mmjb1_si1408 /nfs-share/titouan/workspace/kaldi/egs/timit/s5_la2/mfcc/raw_mfcc_train.3.ark:3112796
mpmb0_sx151 /nfs-share/titouan/workspace/kaldi/egs/timit/s5_la2/mfcc/raw_mfcc_train.3.ark:3713233
msjk0_sx66 /nfs-share/titouan/workspace/kaldi/egs/timit/s5_la2/mfcc/raw_mfcc_train.4.ark:2100572
falr0_sx425 /nfs-share/titouan/workspace/kaldi/egs/timit/s5_la2/mfcc/raw_mfcc_train.1.ark:125958
mmgk0_sx152 /nfs-share/titouan/workspace/kaldi/egs/timit/s5_la2/mfcc/raw_mfcc_train.3.ark:3096641
falk0_sx276 /nfs-share/titouan/workspace/kaldi/egs/timit/s5_la2/mfcc/raw_mfcc_train.1.ark:85784
mtjs0_sx292 /nfs-share/titouan/workspace/kaldi/egs/timit/s5_la2/mfcc/raw_mfcc_train.4.ark:2733484
mhit0_si983 /nfs-share/titouan/workspace/kaldi/egs/timit/s5_la2/mfcc/raw_mfcc_train.3.ark:335578
fdas1_sx201 /nfs-share/titouan/workspace/kaldi/egs/timit/s5_la2/mfcc/raw_mfcc_train.1.ark:803469
ftaj0_sx249 /nfs-share/titouan/workspace/kaldi/egs/timit/s5_la2/mfcc/raw_mfcc_train.2.ark:426179
mcdc0_sx302 /nfs-share/titouan/workspace/kaldi/egs/timit/s5_la2/mfcc/raw_mfcc_train.2.ark:1529229
mpmb0_si1501 /nfs-share/titouan/workspace/kaldi/egs/timit/s5_la2/mfcc/raw_mfcc_train.3.ark:3688563
mtjm0_sx146 /nfs-share/titouan/workspace/kaldi/egs/timit/s5_la2/mfcc/raw_mfcc_train.4.ark:2688752
mefg0_sx195 /nfs-share/titouan/workspace/kaldi/egs/timit/s5_la2/mfcc/raw_mfcc_train.2.ark:3201353
mkdt0_si2153 /nfs-share/titouan/workspace/kaldi/egs/timit/s5_la2/mfcc/raw_mfcc_train.3.ark:2043885
fjxm0_si581 /nfs-share/titouan/workspace/kaldi/egs/timit/s5_la2/mfcc/raw_mfcc_train.1.ark:1957336
mgak0_sx136 /nfs-share/titouan/workspace/kaldi/egs/timit/s5_la2/mfcc/raw_mfcc_train.2.ark:3655127
mtlc0_si1313 /nfs-share/titouan/workspace/kaldi/egs/timit/s5_la2/mfcc/raw_mfcc_train.4.ark:2877039
mwrp0_sx183 /nfs-share/titouan/workspace/kaldi/egs/timit/s5_la2/mfcc/raw_mfcc_train.4.ark:3692423
fjen0_sx327 /nfs-share/titouan/workspace/kaldi/egs/timit/s5_la2/mfcc/raw_mfcc_train.1.ark:1636894
mjpm1_sx311 /nfs-share/titouan/workspace/kaldi/egs/timit/s5_la2/mfcc/raw_mfcc_train.3.ark:1432749
mbom0_si2274 /nfs-share/titouan/workspace/kaldi/egs/timit/s5_la2/mfcc/raw_mfcc_train.2.ark:1323717
fmbg0_sx3 /nfs-share/titouan/workspace/kaldi/egs/timit/s5_la2/mfcc/raw_mfcc_train.1.ark:2833075
mmcc0_sx348 /nfs-share/titouan/workspace/kaldi/egs/timit/s5_la2/mfcc/raw_mfcc_train.3.ark:2800153
mrem0_sx331 /nfs-share/titouan/workspace/kaldi/egs/timit/s5_la2/mfcc/raw_mfcc_train.4.ark:627678
mmdm0_si1311 /nfs-share/titouan/workspace/kaldi/egs/timit/s5_la2/mfcc/raw_mfcc_train.3.ark:2876143
fpab1_si2101 /nfs-share/titouan/workspace/kaldi/egs/timit/s5_la2/mfcc/raw_mfcc_train.1.ark:3194387
mdbp0_sx258 /nfs-share/titouan/workspace/kaldi/egs/timit/s5_la2/mfcc/raw_mfcc_train.2.ark:2072419
mtml0_sx435 /nfs-share/titouan/workspace/kaldi/egs/timit/s5_la2/mfcc/raw_mfcc_train.4.ark:2931311
fear0_sx262 /nfs-share/titouan/workspace/kaldi/egs/timit/s5_la2/mfcc/raw_mfcc_train.1.ark:1169102
fjlg0_sx269 /nfs-share/titouan/workspace/kaldi/egs/timit/s5_la2/mfcc/raw_mfcc_train.1.ark:1731726
mgak0_si1666 /nfs-share/titouan/workspace/kaldi/egs/timit/s5_la2/mfcc/raw_mfcc_train.2.ark:3647975
mrws0_si472 /nfs-share/titouan/workspace/kaldi/egs/timit/s5_la2/mfcc/raw_mfcc_train.4.ark:1653671
mmcc0_sx438 /nfs-share/titouan/workspace/kaldi/egs/timit/s5_la2/mfcc/raw_mfcc_train.3.ark:2804671
fdaw0_sx146 /nfs-share/titouan/workspace/kaldi/egs/timit/s5_la2/mfcc/raw_mfcc_train.1.ark:833823
mjrh0_si1125 /nfs-share/titouan/workspace/kaldi/egs/timit/s5_la2/mfcc/raw_mfcc_train.3.ark:1512925
fdxw0_sx251 /nfs-share/titouan/workspace/kaldi/egs/timit/s5_la2/mfcc/raw_mfcc_train.1.ark:1106705
mmar0_sx166 /nfs-share/titouan/workspace/kaldi/egs/timit/s5_la2/mfcc/raw_mfcc_train.3.ark:2718463
mrsp0_si1429 /nfs-share/titouan/workspace/kaldi/egs/timit/s5_la2/mfcc/raw_mfcc_train.4.ark:1475492
mrai0_si792 /nfs-share/titouan/workspace/kaldi/egs/timit/s5_la2/mfcc/raw_mfcc_train.4.ark:258100
mjeb0_sx170 /nfs-share/titouan/workspace/kaldi/egs/timit/s5_la2/mfcc/raw_mfcc_train.3.ark:855430
mtwh1_sx162 /nfs-share/titouan/workspace/kaldi/egs/timit/s5_la2/mfcc/raw_mfcc_train.4.ark:3279133
fdas1_si831 /nfs-share/titouan/workspace/kaldi/egs/timit/s5_la2/mfcc/raw_mfcc_train.1.ark:793705
fcaj0_sx219 /nfs-share/titouan/workspace/kaldi/egs/timit/s5_la2/mfcc/raw_mfcc_train.1.ark:452881
mmxs0_si629 /nfs-share/titouan/workspace/kaldi/egs/timit/s5_la2/mfcc/raw_mfcc_train.3.ark:3416957
mkaj0_sx64 /nfs-share/titouan/workspace/kaldi/egs/timit/s5_la2/mfcc/raw_mfcc_train.3.ark:1941721
mfer0_si2122 /nfs-share/titouan/workspace/kaldi/egs/timit/s5_la2/mfcc/raw_mfcc_train.2.ark:3400309
mprb0_si575 /nfs-share/titouan/workspace/kaldi/egs/timit/s5_la2/mfcc/raw_mfcc_train.4.ark:26159
fsjk1_sx395 /nfs-share/titouan/workspace/kaldi/egs/timit/s5_la2/mfcc/raw_mfcc_train.2.ark:10510
mpgr1_si1499 /nfs-share/titouan/workspace/kaldi/egs/timit/s5_la2/mfcc/raw_mfcc_train.3.ark:3659367
mstf0_si852 /nfs-share/titouan/workspace/kaldi/egs/timit/s5_la2/mfcc/raw_mfcc_train.4.ark:2271086
mjdm0_si974 /nfs-share/titouan/workspace/kaldi/egs/timit/s5_la2/mfcc/raw_mfcc_train.3.ark:817302
msah1_sx239 /nfs-share/titouan/workspace/kaldi/egs/timit/s5_la2/mfcc/raw_mfcc_train.4.ark:1719840
mwre0_sx67 /nfs-share/titouan/workspace/kaldi/egs/timit/s5_la2/mfcc/raw_mfcc_train.4.ark:3672307
mtkd0_si1817 /nfs-share/titouan/workspace/kaldi/egs/timit/s5_la2/mfcc/raw_mfcc_train.4.ark:2778219
mprt0_sx220 /nfs-share/titouan/workspace/kaldi/egs/timit/s5_la2/mfcc/raw_mfcc_train.4.ark:143889
mrre0_sx164 /nfs-share/titouan/workspace/kaldi/egs/timit/s5_la2/mfcc/raw_mfcc_train.4.ark:1415872
mram0_sx105 /nfs-share/titouan/workspace/kaldi/egs/timit/s5_la2/mfcc/raw_mfcc_train.4.ark:298712
fspm0_sx71 /nfs-share/titouan/workspace/kaldi/egs/timit/s5_la2/mfcc/raw_mfcc_train.2.ark:343101
mjdc0_si1161 /nfs-share/titouan/workspace/kaldi/egs/timit/s5_la2/mfcc/raw_mfcc_train.3.ark:703990
mgag0_sx151 /nfs-share/titouan/workspace/kaldi/egs/timit/s5_la2/mfcc/raw_mfcc_train.2.ark:3625364
mwdk0_sx86 /nfs-share/titouan/workspace/kaldi/egs/timit/s5_la2/mfcc/raw_mfcc_train.4.ark:3576649
fbch0_si1586 /nfs-share/titouan/workspace/kaldi/egs/timit/s5_la2/mfcc/raw_mfcc_train.1.ark:239050
fmah1_si879 /nfs-share/titouan/workspace/kaldi/egs/timit/s5_la2/mfcc/raw_mfcc_train.1.ark:2791210
fjkl0_sx122 /nfs-share/titouan/workspace/kaldi/egs/timit/s5_la2/mfcc/raw_mfcc_train.1.ark:1696249
mjbg0_si1862 /nfs-share/titouan/workspace/kaldi/egs/timit/s5_la2/mfcc/raw_mfcc_train.3.ark:649680
mbma1_si2207 /nfs-share/titouan/workspace/kaldi/egs/timit/s5_la2/mfcc/raw_mfcc_train.2.ark:1252204
mkjo0_si887 /nfs-share/titouan/workspace/kaldi/egs/timit/s5_la2/mfcc/raw_mfcc_train.3.ark:2120063
mrtc0_sx378 /nfs-share/titouan/workspace/kaldi/egs/timit/s5_la2/mfcc/raw_mfcc_train.4.ark:1540806
mklw0_si2201 /nfs-share/titouan/workspace/kaldi/egs/timit/s5_la2/mfcc/raw_mfcc_train.3.ark:2277144
msfh0_si1216 /nfs-share/titouan/workspace/kaldi/egs/timit/s5_la2/mfcc/raw_mfcc_train.4.ark:1993159
flkm0_sx440 /nfs-share/titouan/workspace/kaldi/egs/timit/s5_la2/mfcc/raw_mfcc_train.1.ark:2619891
fexm0_si1101 /nfs-share/titouan/workspace/kaldi/egs/timit/s5_la2/mfcc/raw_mfcc_train.1.ark:1326515
flac0_si2161 /nfs-share/titouan/workspace/kaldi/egs/timit/s5_la2/mfcc/raw_mfcc_train.1.ark:2331630
mwch0_si2252 /nfs-share/titouan/workspace/kaldi/egs/timit/s5_la2/mfcc/raw_mfcc_train.4.ark:3526092
mgaw0_sx175 /nfs-share/titouan/workspace/kaldi/egs/timit/s5_la2/mfcc/raw_mfcc_train.3.ark:46165
ftlg0_sx393 /nfs-share/titouan/workspace/kaldi/egs/timit/s5_la2/mfcc/raw_mfcc_train.2.ark:532813
mjrp0_sx45 /nfs-share/titouan/workspace/kaldi/egs/timit/s5_la2/mfcc/raw_mfcc_train.3.ark:1632954
fdtd0_sx211 /nfs-share/titouan/workspace/kaldi/egs/timit/s5_la2/mfcc/raw_mfcc_train.1.ark:1074043
msat0_sx356 /nfs-share/titouan/workspace/kaldi/egs/timit/s5_la2/mfcc/raw_mfcc_train.4.ark:1786404
mlsh0_sx157 /nfs-share/titouan/workspace/kaldi/egs/timit/s5_la2/mfcc/raw_mfcc_train.3.ark:2549268
mmcc0_sx168 /nfs-share/titouan/workspace/kaldi/egs/timit/s5_la2/mfcc/raw_mfcc_train.3.ark:2794081
mrms0_si2057 /nfs-share/titouan/workspace/kaldi/egs/timit/s5_la2/mfcc/raw_mfcc_train.4.ark:1346037
mjrh1_sx334 /nfs-share/titouan/workspace/kaldi/egs/timit/s5_la2/mfcc/raw_mfcc_train.3.ark:1567190
fcjs0_si1607 /nfs-share/titouan/workspace/kaldi/egs/timit/s5_la2/mfcc/raw_mfcc_train.1.ark:562761
mntw0_sx258 /nfs-share/titouan/workspace/kaldi/egs/timit/s5_la2/mfcc/raw_mfcc_train.3.ark:3495046
fsrh0_sx311 /nfs-share/titouan/workspace/kaldi/egs/timit/s5_la2/mfcc/raw_mfcc_train.2.ark:363438
majp0_si2334 /nfs-share/titouan/workspace/kaldi/egs/timit/s5_la2/mfcc/raw_mfcc_train.2.ark:852455
fgmb0_si1145 /nfs-share/titouan/workspace/kaldi/egs/timit/s5_la2/mfcc/raw_mfcc_train.1.ark:1432507
mdhs0_sx90 /nfs-share/titouan/workspace/kaldi/egs/timit/s5_la2/mfcc/raw_mfcc_train.2.ark:2346376
mcre0_si1725 /nfs-share/titouan/workspace/kaldi/egs/timit/s5_la2/mfcc/raw_mfcc_train.2.ark:1806511
fklc0_si985 /nfs-share/titouan/workspace/kaldi/egs/timit/s5_la2/mfcc/raw_mfcc_train.1.ark:2199354
mlsh0_si787 /nfs-share/titouan/workspace/kaldi/egs/timit/s5_la2/mfcc/raw_mfcc_train.3.ark:2545478
mwre0_si1057 /nfs-share/titouan/workspace/kaldi/egs/timit/s5_la2/mfcc/raw_mfcc_train.4.ark:3645321
fear0_si1252 /nfs-share/titouan/workspace/kaldi/egs/timit/s5_la2/mfcc/raw_mfcc_train.1.ark:1154448
mfxs0_sx324 /nfs-share/titouan/workspace/kaldi/egs/timit/s5_la2/mfcc/raw_mfcc_train.2.ark:3538640
flma0_si1873 /nfs-share/titouan/workspace/kaldi/egs/timit/s5_la2/mfcc/raw_mfcc_train.1.ark:2631470
mrjt0_si1498 /nfs-share/titouan/workspace/kaldi/egs/timit/s5_la2/mfcc/raw_mfcc_train.4.ark:984027
mbcg0_sx417 /nfs-share/titouan/workspace/kaldi/egs/timit/s5_la2/mfcc/raw_mfcc_train.2.ark:1123327
mtcs0_si2265 /nfs-share/titouan/workspace/kaldi/egs/timit/s5_la2/mfcc/raw_mfcc_train.4.ark:2506310
fcjf0_si1027 /nfs-share/titouan/workspace/kaldi/egs/timit/s5_la2/mfcc/raw_mfcc_train.1.ark:537185
mgxp0_sx187 /nfs-share/titouan/workspace/kaldi/egs/timit/s5_la2/mfcc/raw_mfcc_train.3.ark:280405
msrg0_sx231 /nfs-share/titouan/workspace/kaldi/egs/timit/s5_la2/mfcc/raw_mfcc_train.4.ark:2217740
fmah1_sx249 /nfs-share/titouan/workspace/kaldi/egs/timit/s5_la2/mfcc/raw_mfcc_train.1.ark:2801910
mctm0_si720 /nfs-share/titouan/workspace/kaldi/egs/timit/s5_la2/mfcc/raw_mfcc_train.2.ark:1909778
mjjb0_sx149 /nfs-share/titouan/workspace/kaldi/egs/timit/s5_la2/mfcc/raw_mfcc_train.3.ark:1048185
fblv0_sx248 /nfs-share/titouan/workspace/kaldi/egs/timit/s5_la2/mfcc/raw_mfcc_train.1.ark:326566
fljg0_si2241 /nfs-share/titouan/workspace/kaldi/egs/timit/s5_la2/mfcc/raw_mfcc_train.1.ark:2558206
fmem0_sx297 /nfs-share/titouan/workspace/kaldi/egs/timit/s5_la2/mfcc/raw_mfcc_train.1.ark:2869370
mesg0_sx252 /nfs-share/titouan/workspace/kaldi/egs/timit/s5_la2/mfcc/raw_mfcc_train.2.ark:3325879
fcke0_sx301 /nfs-share/titouan/workspace/kaldi/egs/timit/s5_la2/mfcc/raw_mfcc_train.1.ark:613736
mdmt0_sx32 /nfs-share/titouan/workspace/kaldi/egs/timit/s5_la2/mfcc/raw_mfcc_train.2.ark:2738303
fskp0_sx288 /nfs-share/titouan/workspace/kaldi/egs/timit/s5_la2/mfcc/raw_mfcc_train.2.ark:168504
mter0_sx257 /nfs-share/titouan/workspace/kaldi/egs/timit/s5_la2/mfcc/raw_mfcc_train.4.ark:2629307
ftmg0_sx362 /nfs-share/titouan/workspace/kaldi/egs/timit/s5_la2/mfcc/raw_mfcc_train.2.ark:555347
mjsr0_sx254 /nfs-share/titouan/workspace/kaldi/egs/timit/s5_la2/mfcc/raw_mfcc_train.3.ark:1659498
mdlr1_sx399 /nfs-share/titouan/workspace/kaldi/egs/timit/s5_la2/mfcc/raw_mfcc_train.2.ark:2674235
mmgc0_si1305 /nfs-share/titouan/workspace/kaldi/egs/timit/s5_la2/mfcc/raw_mfcc_train.3.ark:3025510
mdma0_sx260 /nfs-share/titouan/workspace/kaldi/egs/timit/s5_la2/mfcc/raw_mfcc_train.2.ark:2695983
mstf0_sx316 /nfs-share/titouan/workspace/kaldi/egs/timit/s5_la2/mfcc/raw_mfcc_train.4.ark:2286148
flet0_si1137 /nfs-share/titouan/workspace/kaldi/egs/timit/s5_la2/mfcc/raw_mfcc_train.1.ark:2424913
mddc0_sx249 /nfs-share/titouan/workspace/kaldi/egs/timit/s5_la2/mfcc/raw_mfcc_train.2.ark:2170363
mmea0_si758 /nfs-share/titouan/workspace/kaldi/egs/timit/s5_la2/mfcc/raw_mfcc_train.3.ark:2974180
fkde0_si1771 /nfs-share/titouan/workspace/kaldi/egs/timit/s5_la2/mfcc/raw_mfcc_train.1.ark:2059277
mjda0_si2291 /nfs-share/titouan/workspace/kaldi/egs/timit/s5_la2/mfcc/raw_mfcc_train.3.ark:680769
mdlh0_si700 /nfs-share/titouan/workspace/kaldi/egs/timit/s5_la2/mfcc/raw_mfcc_train.2.ark:2554105
mmaa0_si2105 /nfs-share/titouan/workspace/kaldi/egs/timit/s5_la2/mfcc/raw_mfcc_train.3.ark:2576455
mjkr0_sx31 /nfs-share/titouan/workspace/kaldi/egs/timit/s5_la2/mfcc/raw_mfcc_train.3.ark:1166065
flkm0_si686 /nfs-share/titouan/workspace/kaldi/egs/timit/s5_la2/mfcc/raw_mfcc_train.1.ark:2603418
mrcw0_si741 /nfs-share/titouan/workspace/kaldi/egs/timit/s5_la2/mfcc/raw_mfcc_train.4.ark:425008
mdem0_si800 /nfs-share/titouan/workspace/kaldi/egs/timit/s5_la2/mfcc/raw_mfcc_train.2.ark:2257438
mjeb0_sx296 /nfs-share/titouan/workspace/kaldi/egs/timit/s5_la2/mfcc/raw_mfcc_train.3.ark:868905
fjxp0_si1752 /nfs-share/titouan/workspace/kaldi/egs/timit/s5_la2/mfcc/raw_mfcc_train.1.ark:1991121
mdcm0_sx40 /nfs-share/titouan/workspace/kaldi/egs/timit/s5_la2/mfcc/raw_mfcc_train.2.ark:2146958
mrld0_sx154 /nfs-share/titouan/workspace/kaldi/egs/timit/s5_la2/mfcc/raw_mfcc_train.4.ark:1070598
mtlb0_si1764 /nfs-share/titouan/workspace/kaldi/egs/timit/s5_la2/mfcc/raw_mfcc_train.4.ark:2850015
fjdm2_si2212 /nfs-share/titouan/workspace/kaldi/egs/timit/s5_la2/mfcc/raw_mfcc_train.1.ark:1589287
fsjs0_si1801 /nfs-share/titouan/workspace/kaldi/egs/timit/s5_la2/mfcc/raw_mfcc_train.2.ark:17143
mtpg0_si2013 /nfs-share/titouan/workspace/kaldi/egs/timit/s5_la2/mfcc/raw_mfcc_train.4.ark:3043330
fscn0_sx176 /nfs-share/titouan/workspace/kaldi/egs/timit/s5_la2/mfcc/raw_mfcc_train.1.ark:3710185
mlns0_sx327 /nfs-share/titouan/workspace/kaldi/egs/timit/s5_la2/mfcc/raw_mfcc_train.3.ark:2523524
mwsb0_sx96 /nfs-share/titouan/workspace/kaldi/egs/timit/s5_la2/mfcc/raw_mfcc_train.4.ark:3735221
mses0_sx59 /nfs-share/titouan/workspace/kaldi/egs/timit/s5_la2/mfcc/raw_mfcc_train.4.ark:1990772
mwdk0_sx356 /nfs-share/titouan/workspace/kaldi/egs/timit/s5_la2/mfcc/raw_mfcc_train.4.ark:3568849
mkls0_si2067 /nfs-share/titouan/workspace/kaldi/egs/timit/s5_la2/mfcc/raw_mfcc_train.3.ark:2211665
fdjh0_sx125 /nfs-share/titouan/workspace/kaldi/egs/timit/s5_la2/mfcc/raw_mfcc_train.1.ark:892997
mmbs0_sx341 /nfs-share/titouan/workspace/kaldi/egs/timit/s5_la2/mfcc/raw_mfcc_train.3.ark:2767635
fjsp0_sx354 /nfs-share/titouan/workspace/kaldi/egs/timit/s5_la2/mfcc/raw_mfcc_train.1.ark:1908013
msmr0_sx55 /nfs-share/titouan/workspace/kaldi/egs/timit/s5_la2/mfcc/raw_mfcc_train.4.ark:2165165
mbgt0_sx351 /nfs-share/titouan/workspace/kaldi/egs/timit/s5_la2/mfcc/raw_mfcc_train.2.ark:1178840
mgsl0_sx444 /nfs-share/titouan/workspace/kaldi/egs/timit/s5_la2/mfcc/raw_mfcc_train.3.ark:254786
fmpg0_si2232 /nfs-share/titouan/workspace/kaldi/egs/timit/s5_la2/mfcc/raw_mfcc_train.1.ark:3090438
mtkp0_sx33 /nfs-share/titouan/workspace/kaldi/egs/timit/s5_la2/mfcc/raw_mfcc_train.4.ark:2837473
mwgr0_sx346 /nfs-share/titouan/workspace/kaldi/egs/timit/s5_la2/mfcc/raw_mfcc_train.4.ark:3634146
mfwk0_si1879 /nfs-share/titouan/workspace/kaldi/egs/timit/s5_la2/mfcc/raw_mfcc_train.2.ark:3493678
mesj0_si997 /nfs-share/titouan/workspace/kaldi/egs/timit/s5_la2/mfcc/raw_mfcc_train.2.ark:3350622
mdlc0_si1395 /nfs-share/titouan/workspace/kaldi/egs/timit/s5_la2/mfcc/raw_mfcc_train.2.ark:2451973
mtdp0_sx261 /nfs-share/titouan/workspace/kaldi/egs/timit/s5_la2/mfcc/raw_mfcc_train.4.ark:2589022
mfer0_sx142 /nfs-share/titouan/workspace/kaldi/egs/timit/s5_la2/mfcc/raw_mfcc_train.2.ark:3407343
mwac0_si2231 /nfs-share/titouan/workspace/kaldi/egs/timit/s5_la2/mfcc/raw_mfcc_train.4.ark:3430907
falr0_si695 /nfs-share/titouan/workspace/kaldi/egs/timit/s5_la2/mfcc/raw_mfcc_train.1.ark:109381
mjrp0_sx315 /nfs-share/titouan/workspace/kaldi/egs/timit/s5_la2/mfcc/raw_mfcc_train.3.ark:1625908
mljh0_sx244 /nfs-share/titouan/workspace/kaldi/egs/timit/s5_la2/mfcc/raw_mfcc_train.3.ark:2488152
mjma0_sx415 /nfs-share/titouan/workspace/kaldi/egs/timit/s5_la2/mfcc/raw_mfcc_train.3.ark:1289210
mvlo0_si1777 /nfs-share/titouan/workspace/kaldi/egs/timit/s5_la2/mfcc/raw_mfcc_train.4.ark:3369459
fklc0_sx355 /nfs-share/titouan/workspace/kaldi/egs/timit/s5_la2/mfcc/raw_mfcc_train.1.ark:2217016
fsjw0_sx253 /nfs-share/titouan/workspace/kaldi/egs/timit/s5_la2/mfcc/raw_mfcc_train.2.ark:67154
fcke0_sx391 /nfs-share/titouan/workspace/kaldi/egs/timit/s5_la2/mfcc/raw_mfcc_train.1.ark:619508
mdcm0_si850 /nfs-share/titouan/workspace/kaldi/egs/timit/s5_la2/mfcc/raw_mfcc_train.2.ark:2131786
mcth0_sx129 /nfs-share/titouan/workspace/kaldi/egs/timit/s5_la2/mfcc/raw_mfcc_train.2.ark:1879321
mwrp0_sx3 /nfs-share/titouan/workspace/kaldi/egs/timit/s5_la2/mfcc/raw_mfcc_train.4.ark:3699832
fvfb0_si1032 /nfs-share/titouan/workspace/kaldi/egs/timit/s5_la2/mfcc/raw_mfcc_train.2.ark:567718
mtat0_si811 /nfs-share/titouan/workspace/kaldi/egs/timit/s5_la2/mfcc/raw_mfcc_train.4.ark:2413196
mrab1_sx38 /nfs-share/titouan/workspace/kaldi/egs/timit/s5_la2/mfcc/raw_mfcc_train.4.ark:241846
mntw0_sx202 /nfs-share/titouan/workspace/kaldi/egs/timit/s5_la2/mfcc/raw_mfcc_train.3.ark:3492283
mmam0_sx247 /nfs-share/titouan/workspace/kaldi/egs/timit/s5_la2/mfcc/raw_mfcc_train.3.ark:2689254
mtml0_sx75 /nfs-share/titouan/workspace/kaldi/egs/timit/s5_la2/mfcc/raw_mfcc_train.4.ark:2936985
mkjo0_sx77 /nfs-share/titouan/workspace/kaldi/egs/timit/s5_la2/mfcc/raw_mfcc_train.3.ark:2139025
mklr0_sx249 /nfs-share/titouan/workspace/kaldi/egs/timit/s5_la2/mfcc/raw_mfcc_train.3.ark:2187714
mtjs0_sx202 /nfs-share/titouan/workspace/kaldi/egs/timit/s5_la2/mfcc/raw_mfcc_train.4.ark:2727647
fpab1_sx31 /nfs-share/titouan/workspace/kaldi/egs/timit/s5_la2/mfcc/raw_mfcc_train.1.ark:3221136
